[RESKIN_MESH] char='player0' gender=male mesh='fingernails_resource.mesh' meshPtr=0x55cb49b5fe40 geomOwner=0x55cb49b5fe40 verts=0 bones=10 rebound=0
[RESKIN_OFF] char='player0' gender=male mesh='fingernails_resource.mesh' b=1 bone='bone_R-middlefinger03.mesh' boundPtr=0x55cb4804eae0 offV=(44.1835,12.2006,-2.1670) M=[-0.29813,-0.95443,-0.01362;0.03602,-0.02551,0.99903;-0.95385,0.29735,0.04198]
[RESKIN_OFF] char='player0' gender=male mesh='fingernails_resource.mesh' b=2 bone='bone_L-index03.mesh' boundPtr=0x55cb471cfda0 offV=(38.4970,25.4003,4.2062) M=[-0.00834,0.99768,-0.06755;0.10023,-0.06638,-0.99275;-0.99493,-0.01505,-0.09945]
[RESKIN_OFF] char='player0' gender=male mesh='fingernails_resource.mesh' b=3 bone='bone_R-index03.mesh' boundPtr=0x55cb47d31060 offV=(38.5034,25.4012,-4.1952) M=[0.00837,-0.99758,-0.06897;0.10024,-0.06779,0.99265;-0.99493,-0.01522,0.09944]
[RESKIN_OFF] char='player0' gender=male mesh='fingernails_resource.mesh' b=4 bone='bone_R-ringfinger03.mesh' boundPtr=0x55cb46de5160 offV=(41.7361,19.0615,0.7464) M=[-0.13546,-0.99078,0.00164;-0.01121,0.00318,0.99993;-0.99072,0.13544,-0.01154]
[RESKIN_OFF] char='player0' gender=male mesh='fingernails_resource.mesh' b=5 bone='bone_R-thumb03.mesh' boundPtr=0x55cb48f1ba40 offV=(24.0095,-5.0817,39.7022) M=[0.41022,0.55092,-0.72678;0.38086,-0.82759,-0.41237;-0.82865,-0.10763,-0.54932]
[RESKIN_OFF] char='player0' gender=male mesh='fingernails_resource.mesh' b=6 bone='bone_L-thumb03.mesh' boundPtr=0x55cb47da5de0 offV=(24.0013,-5.0719,-39.7029) M=[-0.41062,-0.54973,-0.72745;0.38027,-0.82837,0.41134;-0.82872,-0.10773,0.54919]
[RESKIN_OFF] char='player0' gender=male mesh='fingernails_resource.mesh' b=7 bone='bone_L-middlefinger03.mesh' boundPtr=0x55cb4717e120 offV=(44.1776,12.2010,2.1782) M=[0.29824,0.95441,-0.01220;0.03644,-0.02416,-0.99904;-0.95380,0.29751,-0.04199]
[RESKIN_OFF] char='player0' gender=male mesh='fingernails_resource.mesh' b=9 bone='bone_L-ringfinger03.mesh' boundPtr=0x55cb46d4e5c0 offV=(41.7307,19.0607,-0.7349) M=[0.13565,0.99075,0.00305;-0.01102,0.00459,-0.99993;-0.99070,0.13560,0.01154]
[RESKIN_MESH] char='player0' gender=male mesh='hands_naked.mesh' meshPtr=0x55cb4b996600 geomOwner=0x55cb4b996600 verts=1876 bones=38 rebound=0
[RESKIN_OFF] char='player0' gender=male mesh='hands_naked.mesh' b=1 bone='bone_R-middlefinger01.mesh' boundPtr=0x55cb46efdf00 offV=(27.8397,39.1456,-2.1666) M=[0.41864,-0.90805,-0.01362;0.04383,0.00522,0.99903;-0.90709,-0.41883,0.04198]
[RESKIN_OFF] char='player0' gender=male mesh='hands_naked.mesh' b=3 bone='bone_R-index02.mesh' boundPtr=0x55cb47d30d00 offV=(32.7280,33.4839,-4.1952) M=[0.23477,-0.96960,-0.06897;0.11302,-0.04325,0.99265;-0.96546,-0.24084,0.09944]
[RESKIN_OFF] char='player0' gender=male mesh='hands_naked.mesh' b=4 bone='bone_R-middlefinger03.mesh' boundPtr=0x55cb4804eae0 offV=(44.1835,12.2006,-2.1670) M=[-0.29813,-0.95443,-0.01362;0.03602,-0.02551,0.99903;-0.95385,0.29735,0.04198]
[RESKIN_OFF] char='player0' gender=male mesh='hands_naked.mesh' b=7 bone='bone_L-index03.mesh' boundPtr=0x55cb471cfda0 offV=(38.4970,25.4003,4.2062) M=[-0.00834,0.99768,-0.06755;0.10023,-0.06638,-0.99275;-0.99493,-0.01505,-0.09945]
[RESKIN_OFF] char='player0' gender=male mesh='hands_naked.mesh' b=8 bone='bone_R-index01.mesh' boundPtr=0x55cb47d30a40 offV=(25.4651,40.4799,-4.1952) M=[0.46510,-0.88257,-0.06897;0.12017,-0.01425,0.99265;-0.87706,-0.46997,0.09944]
[RESKIN_OFF] char='player0' gender=male mesh='hands_naked.mesh' b=9 bone='bone_R-thumb01.mesh' boundPtr=0x55cb48f1b380 offV=(25.8473,10.2697,39.7021) M=[0.01393,0.68673,-0.72678;0.79072,-0.45245,-0.41237;-0.61202,-0.56893,-0.54932]
[RESKIN_OFF] char='player0' gender=male mesh='hands_naked.mesh' b=10 bone='bone_R-index03.mesh' boundPtr=0x55cb47d31060 offV=(38.5034,25.4012,-4.1952) M=[0.00837,-0.99758,-0.06897;0.10024,-0.06779,0.99265;-0.99493,-0.01522,0.09944]
[RESKIN_OFF] char='player0' gender=male mesh='hands_naked.mesh' b=11 bone='bone_R-middlefinger02.mesh' boundPtr=0x55cb4804e780 offV=(39.5128,25.0777,-2.1666) M=[0.00672,-0.99989,-0.01362;0.04208,-0.01333,0.99903;-0.99909,-0.00729,0.04198]
[RESKIN_OFF] char='player0' gender=male mesh='hands_naked.mesh' b=12 bone='bone_R-ringfinger03.mesh' boundPtr=0x55cb46de5160 offV=(41.7361,19.0615,0.7464) M=[-0.13546,-0.99078,0.00164;-0.01121,0.00318,0.99993;-0.99072,0.13544,-0.01154]
[RESKIN_OFF] char='player0' gender=male mesh='hands_naked.mesh' b=13 bone='bone_R-hand.mesh' boundPtr=0x55cb46e8c060 offV=(21.2594,44.4582,-2.3082) M=[0.61684,-0.78609,-0.03971;0.07702,0.01007,0.99698;-0.78331,-0.61803,0.06676]
[RESKIN_OFF] char='player0' gender=male mesh='hands_naked.mesh' b=15 bone='bone_R-ringfinger01.mesh' boundPtr=0x55cb4818e260 offV=(28.1711,38.6558,0.6058) M=[0.40797,-0.91298,0.00499;-0.01123,0.00045,0.99994;-0.91293,-0.40800,-0.01007]
[RESKIN_OFF] char='player0' gender=male mesh='hands_naked.mesh' b=16 bone='bone_R-thumb02.mesh' boundPtr=0x55cb48f1b6e0 offV=(25.6936,-0.0012,39.7021) M=[0.28728,0.62391,-0.72678;0.54393,-0.73082,-0.41237;-0.78842,-0.27685,-0.54932]
[RESKIN_OFF] char='player0' gender=male mesh='hands_naked.mesh' b=17 bone='bone_R-ringfinger02.mesh' boundPtr=0x55cb46de4e00 offV=(40.6047,23.1397,0.6059) M=[-0.03575,-0.99935,0.00499;-0.00989,0.00535,0.99994;-0.99931,0.03570,-0.01007]
[RESKIN_OFF] char='player0' gender=male mesh='hands_naked.mesh' b=19 bone='bone_R-thumb03.mesh' boundPtr=0x55cb48f1ba40 offV=(24.0095,-5.0817,39.7022) M=[0.41022,0.55092,-0.72678;0.38086,-0.82759,-0.41237;-0.82865,-0.10763,-0.54932]
[RESKIN_OFF] char='player0' gender=male mesh='hands_naked.mesh' b=21 bone='bone_L-index02.mesh' boundPtr=0x55cb471cfa40 offV=(32.7219,33.4816,4.2062) M=[-0.23477,0.96970,-0.06755;0.11269,-0.04188,-0.99275;-0.96550,-0.24068,-0.09945]
[RESKIN_OFF] char='player0' gender=male mesh='hands_naked.mesh' b=23 bone='bone_L-middlefinger01.mesh' boundPtr=0x55cb47992ee0 offV=(27.8351,39.1419,2.1779) M=[-0.41855,0.90811,-0.01220;0.04324,0.00650,-0.99904;-0.90717,-0.41868,-0.04199]
[RESKIN_OFF] char='player0' gender=male mesh='hands_naked.mesh' b=24 bone='bone_L-thumb03.mesh' boundPtr=0x55cb47da5de0 offV=(24.0013,-5.0719,-39.7029) M=[-0.41062,-0.54973,-0.72745;0.38027,-0.82837,0.41134;-0.82872,-0.10773,0.54919]
[RESKIN_OFF] char='player0' gender=male mesh='hands_naked.mesh' b=25 bone='bone_L-thumb01.mesh' boundPtr=0x55cb46e157e0 offV=(25.8350,10.2730,-39.7029) M=[-0.01494,-0.68599,-0.72745;0.79070,-0.45342,0.41134;-0.61202,-0.56905,0.54919]
[RESKIN_OFF] char='player0' gender=male mesh='hands_naked.mesh' b=26 bone='bone_L-middlefinger02.mesh' boundPtr=0x55cb47993240 offV=(39.5071,25.0763,2.1779) M=[-0.00661,0.99990,-0.01220;0.04207,-0.01192,-0.99904;-0.99909,-0.00712,-0.04199]
[RESKIN_OFF] char='player0' gender=male mesh='hands_naked.mesh' b=27 bone='bone_L-ringfinger01.mesh' boundPtr=0x55cb46f26060 offV=(28.1670,38.6522,-0.5943) M=[-0.40779,0.91305,0.00640;-0.01181,0.00174,-0.99993;-0.91300,-0.40784,0.01008]
[RESKIN_OFF] char='player0' gender=male mesh='hands_naked.mesh' b=29 bone='bone_L-hand.mesh' boundPtr=0x55cb47dd2cc0 offV=(21.2553,44.4536,2.3194) M=[-0.61681,0.78618,-0.03829;0.07615,0.01118,-0.99703;-0.78342,-0.61790,-0.06676]
[RESKIN_OFF] char='player0' gender=male mesh='hands_naked.mesh' b=30 bone='bone_L-index01.mesh' boundPtr=0x55cb4718b500 offV=(25.4598,40.4762,4.2062) M=[-0.46512,0.88267,-0.06755;0.11952,-0.01300,-0.99275;-0.87714,-0.46982,-0.09945]
[RESKIN_OFF] char='player0' gender=male mesh='hands_naked.mesh' b=31 bone='bone_L-thumb02.mesh' boundPtr=0x55cb47da5a80 offV=(25.6836,0.0068,-39.7029) M=[-0.28792,-0.62283,-0.72745;0.54352,-0.73170,0.41134;-0.78847,-0.27696,0.54919]
[RESKIN_OFF] char='player0' gender=male mesh='hands_naked.mesh' b=32 bone='bone_L-ringfinger02.mesh' boundPtr=0x55cb46d4e260 offV=(40.5994,23.1383,-0.5943) M=[0.03594,0.99933,0.00640;-0.00984,0.00676,-0.99993;-0.99931,0.03587,0.01008]
[RESKIN_OFF] char='player0' gender=male mesh='hands_naked.mesh' b=33 bone='bone_L-middlefinger03.mesh' boundPtr=0x55cb4717e120 offV=(44.1776,12.2010,2.1782) M=[0.29824,0.95441,-0.01220;0.03644,-0.02416,-0.99904;-0.95380,0.29751,-0.04199]
[RESKIN_OFF] char='player0' gender=male mesh='hands_naked.mesh' b=36 bone='bone_L-ringfinger03.mesh' boundPtr=0x55cb46d4e5c0 offV=(41.7307,19.0607,-0.7349) M=[0.13565,0.99075,0.00305;-0.01102,0.00459,-0.99993;-0.99070,0.13560,0.01154]
[RESKIN_MESH] char='player1' gender=female mesh='fingernails_resource.mesh' meshPtr=0x55cb4b580620 geomOwner=0x55cb4b580620 verts=0 bones=10 rebound=0
[RESKIN_OFF] char='player1' gender=female mesh='fingernails_resource.mesh' b=0 bone='bone_R-middlefinger03.mesh' boundPtr=0x55cb4804eae0 offV=(34.0564,20.8316,-1.8889) M=[0.08071,-0.98640,-0.14321;0.08757,-0.13611,0.98682;-0.99288,-0.09218,0.07540]
[RESKIN_OFF] char='player1' gender=female mesh='fingernails_resource.mesh' b=2 bone='bone_R-thumb03.mesh' boundPtr=0x55cb48f1ba40 offV=(31.8734,7.6019,24.3248) M=[-0.05920,0.69178,-0.71968;0.51999,-0.59404,-0.61378;-0.85212,-0.41056,-0.32455]
[RESKIN_OFF] char='player1' gender=female mesh='fingernails_resource.mesh' b=3 bone='bone_R-index03.mesh' boundPtr=0x55cb47d31060 offV=(33.6706,20.5644,-6.0978) M=[0.06956,-0.98172,-0.17715;0.18817,-0.16148,0.96877;-0.97967,-0.10072,0.17350]
[RESKIN_OFF] char='player1' gender=female mesh='fingernails_resource.mesh' b=4 bone='bone_R-ringfinger03.mesh' boundPtr=0x55cb46de5160 offV=(32.5847,22.9832,2.0401) M=[0.16066,-0.98503,-0.06252;-0.02753,-0.06779,0.99732;-0.98663,-0.15851,-0.03801]
[RESKIN_OFF] char='player1' gender=female mesh='fingernails_resource.mesh' b=6 bone='bone_L-thumb03.mesh' boundPtr=0x55cb47da5de0 offV=(31.8666,7.6049,-24.3284) M=[0.05861,-0.69087,-0.72060;0.52007,-0.59502,0.61277;-0.85211,-0.41068,0.32443]
[RESKIN_OFF] char='player1' gender=female mesh='fingernails_resource.mesh' b=7 bone='bone_L-middlefinger03.mesh' boundPtr=0x55cb4717e120 offV=(34.0523,20.8324,1.8960) M=[-0.08066,0.98660,-0.14180;0.08746,-0.13471,-0.98702;-0.99290,-0.09202,-0.07542]
[RESKIN_OFF] char='player1' gender=female mesh='fingernails_resource.mesh' b=8 bone='bone_L-ringfinger03.mesh' boundPtr=0x55cb46d4e5c0 offV=(32.5816,22.9833,-2.0324) M=[-0.16045,0.98515,-0.06111;-0.02776,-0.06639,-0.99741;-0.98665,-0.15834,0.03800]
[RESKIN_OFF] char='player1' gender=female mesh='fingernails_resource.mesh' b=9 bone='bone_L-index03.mesh' boundPtr=0x55cb471cfda0 offV=(33.6658,20.5653,6.1045) M=[-0.06966,0.98197,-0.17575;0.18807,-0.16009,-0.96902;-0.97968,-0.10056,-0.17353]
[RESKIN_MESH] char='player1' gender=female mesh='hands_naked.mesh' meshPtr=0x55cb4bded180 geomOwner=0x55cb4bded180 verts=1256 bones=40 rebound=0
[RESKIN_OFF] char='player1' gender=female mesh='hands_naked.mesh' b=0 bone='bone_R-middlefinger02.mesh' boundPtr=0x55cb4804e780 offV=(31.5679,26.1250,-1.8889) M=[0.24107,-0.95988,-0.14321;0.10867,-0.11994,0.98682;-0.96440,-0.25346,0.07540]
[RESKIN_OFF] char='player1' gender=female mesh='hands_naked.mesh' b=1 bone='bone_R-hand.mesh' boundPtr=0x55cb46e8c060 offV=(28.6917,32.7447,-4.5949) M=[0.44958,-0.87427,-0.18311;0.24203,-0.07810,0.96712;-0.85983,-0.47911,0.17649]
[RESKIN_OFF] char='player1' gender=female mesh='hands_naked.mesh' b=4 bone='bone_R-middlefinger01.mesh' boundPtr=0x55cb46efdf00 offV=(31.1401,28.3941,-1.8889) M=[0.31159,-0.93936,-0.14321;0.11726,-0.11155,0.98682;-0.94295,-0.32428,0.07539]
[RESKIN_OFF] char='player1' gender=female mesh='hands_naked.mesh' b=5 bone='bone_R-ringfinger02.mesh' boundPtr=0x55cb46de4e00 offV=(34.5007,22.2629,2.0401) M=[0.13901,-0.98831,-0.06252;-0.02901,-0.06717,0.99732;-0.98986,-0.13683,-0.03801]
[RESKIN_OFF] char='player1' gender=female mesh='hands_naked.mesh' b=6 bone='bone_R-thumb02.mesh' boundPtr=0x55cb48f1b6e0 offV=(31.9301,11.0139,24.3248) M=[-0.13388,0.68128,-0.71968;0.58135,-0.53414,-0.61378;-0.80257,-0.50055,-0.32455]
[RESKIN_OFF] char='player1' gender=female mesh='hands_naked.mesh' b=7 bone='bone_R-middlefinger03.mesh' boundPtr=0x55cb4804eae0 offV=(34.0564,20.8316,-1.8889) M=[0.08071,-0.98640,-0.14321;0.08757,-0.13611,0.98682;-0.99288,-0.09218,0.07540]
[RESKIN_OFF] char='player1' gender=female mesh='hands_naked.mesh' b=12 bone='bone_L-middlefinger02.mesh' boundPtr=0x55cb47993240 offV=(31.5638,26.1251,1.8960) M=[-0.24106,0.96010,-0.14180;0.10833,-0.11858,-0.98702;-0.96445,-0.25329,-0.07542]
[RESKIN_OFF] char='player1' gender=female mesh='hands_naked.mesh' b=15 bone='bone_R-thumb03.mesh' boundPtr=0x55cb48f1ba40 offV=(31.8734,7.6019,24.3248) M=[-0.05920,0.69178,-0.71968;0.51999,-0.59404,-0.61378;-0.85212,-0.41056,-0.32455]
[RESKIN_OFF] char='player1' gender=female mesh='hands_naked.mesh' b=16 bone='bone_R-thumb01.mesh' boundPtr=0x55cb48f1b380 offV=(32.9149,12.9040,24.3248) M=[-0.17439,0.67205,-0.71968;0.61225,-0.49841,-0.61378;-0.77119,-0.54766,-0.32455]
[RESKIN_OFF] char='player1' gender=female mesh='hands_naked.mesh' b=17 bone='bone_R-index03.mesh' boundPtr=0x55cb47d31060 offV=(33.6706,20.5644,-6.0978) M=[0.06956,-0.98172,-0.17715;0.18817,-0.16148,0.96877;-0.97967,-0.10072,0.17350]
[RESKIN_OFF] char='player1' gender=female mesh='hands_naked.mesh' b=18 bone='bone_R-index01.mesh' boundPtr=0x55cb47d30a40 offV=(30.9221,27.8094,-6.0978) M=[0.28806,-0.94108,-0.17715;0.21961,-0.11514,0.96877;-0.93209,-0.31797,0.17350]
[RESKIN_OFF] char='player1' gender=female mesh='hands_naked.mesh' b=19 bone='bone_R-index02.mesh' boundPtr=0x55cb47d30d00 offV=(34.0278,21.7942,-6.0978) M=[0.10578,-0.97848,-0.17715;0.19401,-0.15441,0.96877;-0.97528,-0.13684,0.17350]
[RESKIN_OFF] char='player1' gender=female mesh='hands_naked.mesh' b=20 bone='bone_L-hand.mesh' boundPtr=0x55cb47dd2cc0 offV=(28.6869,32.7438,4.6016) M=[-0.44977,0.87446,-0.18171;0.24139,-0.07686,-0.96738;-0.85990,-0.47897,-0.17652]
[RESKIN_OFF] char='player1' gender=female mesh='hands_naked.mesh' b=21 bone='bone_R-ringfinger-base.mesh' boundPtr=0x55cb4818df00 offV=(27.9450,33.3102,-4.1833) M=[0.44958,-0.87427,-0.18311;0.24203,-0.07810,0.96712;-0.85983,-0.47911,0.17649]
[RESKIN_OFF] char='player1' gender=female mesh='hands_naked.mesh' b=22 bone='bone_L-index02.mesh' boundPtr=0x55cb471cfa40 offV=(34.0230,21.7950,6.1045) M=[-0.10589,0.97872,-0.17575;0.19386,-0.15303,-0.96902;-0.97530,-0.13668,-0.17353]
[RESKIN_OFF] char='player1' gender=female mesh='hands_naked.mesh' b=23 bone='bone_R-ringfinger03.mesh' boundPtr=0x55cb46de5160 offV=(32.5847,22.9832,2.0401) M=[0.16066,-0.98503,-0.06252;-0.02753,-0.06779,0.99732;-0.98663,-0.15851,-0.03801]
[RESKIN_OFF] char='player1' gender=female mesh='hands_naked.mesh' b=24 bone='bone_R-ringfinger01.mesh' boundPtr=0x55cb4818e260 offV=(31.3072,28.1852,2.0401) M=[0.31704,-0.94635,-0.06252;-0.01627,-0.07133,0.99732;-0.94827,-0.31517,-0.03801]
[RESKIN_OFF] char='player1' gender=female mesh='hands_naked.mesh' b=25 bone='bone_L-middlefinger01.mesh' boundPtr=0x55cb47992ee0 offV=(31.1360,28.3940,1.8960) M=[-0.31160,0.93957,-0.14180;0.11682,-0.11022,-0.98702;-0.94301,-0.32412,-0.07542]
[RESKIN_OFF] char='player1' gender=female mesh='hands_naked.mesh' b=27 bone='bone_L-index01.mesh' boundPtr=0x55cb4718b500 offV=(30.9172,27.8093,6.1045) M=[-0.28821,0.94130,-0.17575;0.21920,-0.11381,-0.96902;-0.93214,-0.31781,-0.17353]
[RESKIN_OFF] char='player1' gender=female mesh='hands_naked.mesh' b=29 bone='bone_L-thumb03.mesh' boundPtr=0x55cb47da5de0 offV=(31.8666,7.6049,-24.3284) M=[0.05861,-0.69087,-0.72060;0.52007,-0.59502,0.61277;-0.85211,-0.41068,0.32443]
[RESKIN_OFF] char='player1' gender=female mesh='hands_naked.mesh' b=30 bone='bone_L-middlefinger03.mesh' boundPtr=0x55cb4717e120 offV=(34.0523,20.8324,1.8960) M=[-0.08066,0.98660,-0.14180;0.08746,-0.13471,-0.98702;-0.99290,-0.09202,-0.07542]
[RESKIN_OFF] char='player1' gender=female mesh='hands_naked.mesh' b=31 bone='bone_L-ringfinger03.mesh' boundPtr=0x55cb46d4e5c0 offV=(32.5816,22.9833,-2.0324) M=[-0.16045,0.98515,-0.06111;-0.02776,-0.06639,-0.99741;-0.98665,-0.15834,0.03800]
[RESKIN_OFF] char='player1' gender=female mesh='hands_naked.mesh' b=32 bone='bone_L-thumb01.mesh' boundPtr=0x55cb46e157e0 offV=(32.9077,12.9058,-24.3284) M=[0.17365,-0.67125,-0.72060;0.61250,-0.49936,0.61277;-0.77116,-0.54777,0.32443]
[RESKIN_OFF] char='player1' gender=female mesh='hands_naked.mesh' b=33 bone='bone_L-thumb02.mesh' boundPtr=0x55cb47da5a80 offV=(31.9230,11.0162,-24.3284) M=[0.13319,-0.68044,-0.72060;0.58153,-0.53510,0.61277;-0.80254,-0.50067,0.32443]
[RESKIN_OFF] char='player1' gender=female mesh='hands_naked.mesh' b=34 bone='bone_L-index03.mesh' boundPtr=0x55cb471cfda0 offV=(33.6658,20.5653,6.1045) M=[-0.06966,0.98197,-0.17575;0.18807,-0.16009,-0.96902;-0.97968,-0.10056,-0.17353]
[RESKIN_OFF] char='player1' gender=female mesh='hands_naked.mesh' b=37 bone='bone_L-ringfinger-base.mesh' boundPtr=0x55cb46f25d00 offV=(27.9446,33.3074,4.2070) M=[-0.44977,0.87446,-0.18171;0.24139,-0.07686,-0.96738;-0.85990,-0.47897,-0.17652]
[RESKIN_OFF] char='player1' gender=female mesh='hands_naked.mesh' b=38 bone='bone_L-ringfinger01.mesh' boundPtr=0x55cb46f26060 offV=(31.3041,28.1848,-2.0324) M=[-0.31685,0.94650,-0.06111;-0.01672,-0.07000,-0.99741;-0.94833,-0.31501,0.03800]
[RESKIN_OFF] char='player1' gender=female mesh='hands_naked.mesh' b=39 bone='bone_L-ringfinger02.mesh' boundPtr=0x55cb46d4e260 offV=(34.4976,22.2631,-2.0324) M=[-0.13880,0.98843,-0.06111;-0.02921,-0.06577,-0.99741;-0.98989,-0.13666,0.03800]
[RESKIN_MESH] char='player2' gender=male mesh='fingernails_resource.mesh' meshPtr=0x55cb4b6e0b40 geomOwner=0x55cb4b6e0b40 verts=0 bones=10 rebound=0
[RESKIN_OFF] char='player2' gender=male mesh='fingernails_resource.mesh' b=1 bone='bone_R-middlefinger03.mesh' boundPtr=0x55cb4804eae0 offV=(44.1835,12.2006,-2.1670) M=[-0.29813,-0.95443,-0.01362;0.03602,-0.02551,0.99903;-0.95385,0.29735,0.04198]
[RESKIN_OFF] char='player2' gender=male mesh='fingernails_resource.mesh' b=2 bone='bone_L-index03.mesh' boundPtr=0x55cb471cfda0 offV=(38.4970,25.4003,4.2062) M=[-0.00834,0.99768,-0.06755;0.10023,-0.06638,-0.99275;-0.99493,-0.01505,-0.09945]
[RESKIN_OFF] char='player2' gender=male mesh='fingernails_resource.mesh' b=3 bone='bone_R-index03.mesh' boundPtr=0x55cb47d31060 offV=(38.5034,25.4012,-4.1952) M=[0.00837,-0.99758,-0.06897;0.10024,-0.06779,0.99265;-0.99493,-0.01522,0.09944]
[RESKIN_OFF] char='player2' gender=male mesh='fingernails_resource.mesh' b=4 bone='bone_R-ringfinger03.mesh' boundPtr=0x55cb46de5160 offV=(41.7361,19.0615,0.7464) M=[-0.13546,-0.99078,0.00164;-0.01121,0.00318,0.99993;-0.99072,0.13544,-0.01154]
[RESKIN_OFF] char='player2' gender=male mesh='fingernails_resource.mesh' b=5 bone='bone_R-thumb03.mesh' boundPtr=0x55cb48f1ba40 offV=(24.0095,-5.0817,39.7022) M=[0.41022,0.55092,-0.72678;0.38086,-0.82759,-0.41237;-0.82865,-0.10763,-0.54932]
[RESKIN_OFF] char='player2' gender=male mesh='fingernails_resource.mesh' b=6 bone='bone_L-thumb03.mesh' boundPtr=0x55cb47da5de0 offV=(24.0013,-5.0719,-39.7029) M=[-0.41062,-0.54973,-0.72745;0.38027,-0.82837,0.41134;-0.82872,-0.10773,0.54919]
[RESKIN_OFF] char='player2' gender=male mesh='fingernails_resource.mesh' b=7 bone='bone_L-middlefinger03.mesh' boundPtr=0x55cb4717e120 offV=(44.1776,12.2010,2.1782) M=[0.29824,0.95441,-0.01220;0.03644,-0.02416,-0.99904;-0.95380,0.29751,-0.04199]
[RESKIN_OFF] char='player2' gender=male mesh='fingernails_resource.mesh' b=9 bone='bone_L-ringfinger03.mesh' boundPtr=0x55cb46d4e5c0 offV=(41.7307,19.0607,-0.7349) M=[0.13565,0.99075,0.00305;-0.01102,0.00459,-0.99993;-0.99070,0.13560,0.01154]
[RESKIN_MESH] char='player2' gender=male mesh='hands_naked.mesh' meshPtr=0x55cb4b9c0280 geomOwner=0x55cb4b9c0280 verts=1876 bones=38 rebound=0
[RESKIN_OFF] char='player2' gender=male mesh='hands_naked.mesh' b=1 bone='bone_R-middlefinger01.mesh' boundPtr=0x55cb46efdf00 offV=(27.8397,39.1456,-2.1666) M=[0.41864,-0.90805,-0.01362;0.04383,0.00522,0.99903;-0.90709,-0.41883,0.04198]
[RESKIN_OFF] char='player2' gender=male mesh='hands_naked.mesh' b=3 bone='bone_R-index02.mesh' boundPtr=0x55cb47d30d00 offV=(32.7280,33.4839,-4.1952) M=[0.23477,-0.96960,-0.06897;0.11302,-0.04325,0.99265;-0.96546,-0.24084,0.09944]
[RESKIN_OFF] char='player2' gender=male mesh='hands_naked.mesh' b=4 bone='bone_R-middlefinger03.mesh' boundPtr=0x55cb4804eae0 offV=(44.1835,12.2006,-2.1670) M=[-0.29813,-0.95443,-0.01362;0.03602,-0.02551,0.99903;-0.95385,0.29735,0.04198]
[RESKIN_OFF] char='player2' gender=male mesh='hands_naked.mesh' b=7 bone='bone_L-index03.mesh' boundPtr=0x55cb471cfda0 offV=(38.4970,25.4003,4.2062) M=[-0.00834,0.99768,-0.06755;0.10023,-0.06638,-0.99275;-0.99493,-0.01505,-0.09945]
[RESKIN_OFF] char='player2' gender=male mesh='hands_naked.mesh' b=8 bone='bone_R-index01.mesh' boundPtr=0x55cb47d30a40 offV=(25.4651,40.4799,-4.1952) M=[0.46510,-0.88257,-0.06897;0.12017,-0.01425,0.99265;-0.87706,-0.46997,0.09944]
[RESKIN_OFF] char='player2' gender=male mesh='hands_naked.mesh' b=9 bone='bone_R-thumb01.mesh' boundPtr=0x55cb48f1b380 offV=(25.8473,10.2697,39.7021) M=[0.01393,0.68673,-0.72678;0.79072,-0.45245,-0.41237;-0.61202,-0.56893,-0.54932]
[RESKIN_OFF] char='player2' gender=male mesh='hands_naked.mesh' b=10 bone='bone_R-index03.mesh' boundPtr=0x55cb47d31060 offV=(38.5034,25.4012,-4.1952) M=[0.00837,-0.99758,-0.06897;0.10024,-0.06779,0.99265;-0.99493,-0.01522,0.09944]
[RESKIN_OFF] char='player2' gender=male mesh='hands_naked.mesh' b=11 bone='bone_R-middlefinger02.mesh' boundPtr=0x55cb4804e780 offV=(39.5128,25.0777,-2.1666) M=[0.00672,-0.99989,-0.01362;0.04208,-0.01333,0.99903;-0.99909,-0.00729,0.04198]
[RESKIN_OFF] char='player2' gender=male mesh='hands_naked.mesh' b=12 bone='bone_R-ringfinger03.mesh' boundPtr=0x55cb46de5160 offV=(41.7361,19.0615,0.7464) M=[-0.13546,-0.99078,0.00164;-0.01121,0.00318,0.99993;-0.99072,0.13544,-0.01154]
[RESKIN_OFF] char='player2' gender=male mesh='hands_naked.mesh' b=13 bone='bone_R-hand.mesh' boundPtr=0x55cb46e8c060 offV=(21.2594,44.4582,-2.3082) M=[0.61684,-0.78609,-0.03971;0.07702,0.01007,0.99698;-0.78331,-0.61803,0.06676]
[RESKIN_OFF] char='player2' gender=male mesh='hands_naked.mesh' b=15 bone='bone_R-ringfinger01.mesh' boundPtr=0x55cb4818e260 offV=(28.1711,38.6558,0.6058) M=[0.40797,-0.91298,0.00499;-0.01123,0.00045,0.99994;-0.91293,-0.40800,-0.01007]
[RESKIN_OFF] char='player2' gender=male mesh='hands_naked.mesh' b=16 bone='bone_R-thumb02.mesh' boundPtr=0x55cb48f1b6e0 offV=(25.6936,-0.0012,39.7021) M=[0.28728,0.62391,-0.72678;0.54393,-0.73082,-0.41237;-0.78842,-0.27685,-0.54932]
[RESKIN_OFF] char='player2' gender=male mesh='hands_naked.mesh' b=17 bone='bone_R-ringfinger02.mesh' boundPtr=0x55cb46de4e00 offV=(40.6047,23.1397,0.6059) M=[-0.03575,-0.99935,0.00499;-0.00989,0.00535,0.99994;-0.99931,0.03570,-0.01007]
[RESKIN_OFF] char='player2' gender=male mesh='hands_naked.mesh' b=19 bone='bone_R-thumb03.mesh' boundPtr=0x55cb48f1ba40 offV=(24.0095,-5.0817,39.7022) M=[0.41022,0.55092,-0.72678;0.38086,-0.82759,-0.41237;-0.82865,-0.10763,-0.54932]
[RESKIN_OFF] char='player2' gender=male mesh='hands_naked.mesh' b=21 bone='bone_L-index02.mesh' boundPtr=0x55cb471cfa40 offV=(32.7219,33.4816,4.2062) M=[-0.23477,0.96970,-0.06755;0.11269,-0.04188,-0.99275;-0.96550,-0.24068,-0.09945]
[RESKIN_OFF] char='player2' gender=male mesh='hands_naked.mesh' b=23 bone='bone_L-middlefinger01.mesh' boundPtr=0x55cb47992ee0 offV=(27.8351,39.1419,2.1779) M=[-0.41855,0.90811,-0.01220;0.04324,0.00650,-0.99904;-0.90717,-0.41868,-0.04199]
[RESKIN_OFF] char='player2' gender=male mesh='hands_naked.mesh' b=24 bone='bone_L-thumb03.mesh' boundPtr=0x55cb47da5de0 offV=(24.0013,-5.0719,-39.7029) M=[-0.41062,-0.54973,-0.72745;0.38027,-0.82837,0.41134;-0.82872,-0.10773,0.54919]
[RESKIN_OFF] char='player2' gender=male mesh='hands_naked.mesh' b=25 bone='bone_L-thumb01.mesh' boundPtr=0x55cb46e157e0 offV=(25.8350,10.2730,-39.7029) M=[-0.01494,-0.68599,-0.72745;0.79070,-0.45342,0.41134;-0.61202,-0.56905,0.54919]
[RESKIN_OFF] char='player2' gender=male mesh='hands_naked.mesh' b=26 bone='bone_L-middlefinger02.mesh' boundPtr=0x55cb47993240 offV=(39.5071,25.0763,2.1779) M=[-0.00661,0.99990,-0.01220;0.04207,-0.01192,-0.99904;-0.99909,-0.00712,-0.04199]
[RESKIN_OFF] char='player2' gender=male mesh='hands_naked.mesh' b=27 bone='bone_L-ringfinger01.mesh' boundPtr=0x55cb46f26060 offV=(28.1670,38.6522,-0.5943) M=[-0.40779,0.91305,0.00640;-0.01181,0.00174,-0.99993;-0.91300,-0.40784,0.01008]
[RESKIN_OFF] char='player2' gender=male mesh='hands_naked.mesh' b=29 bone='bone_L-hand.mesh' boundPtr=0x55cb47dd2cc0 offV=(21.2553,44.4536,2.3194) M=[-0.61681,0.78618,-0.03829;0.07615,0.01118,-0.99703;-0.78342,-0.61790,-0.06676]
[RESKIN_OFF] char='player2' gender=male mesh='hands_naked.mesh' b=30 bone='bone_L-index01.mesh' boundPtr=0x55cb4718b500 offV=(25.4598,40.4762,4.2062) M=[-0.46512,0.88267,-0.06755;0.11952,-0.01300,-0.99275;-0.87714,-0.46982,-0.09945]
[RESKIN_OFF] char='player2' gender=male mesh='hands_naked.mesh' b=31 bone='bone_L-thumb02.mesh' boundPtr=0x55cb47da5a80 offV=(25.6836,0.0068,-39.7029) M=[-0.28792,-0.62283,-0.72745;0.54352,-0.73170,0.41134;-0.78847,-0.27696,0.54919]
[RESKIN_OFF] char='player2' gender=male mesh='hands_naked.mesh' b=32 bone='bone_L-ringfinger02.mesh' boundPtr=0x55cb46d4e260 offV=(40.5994,23.1383,-0.5943) M=[0.03594,0.99933,0.00640;-0.00984,0.00676,-0.99993;-0.99931,0.03587,0.01008]
[RESKIN_OFF] char='player2' gender=male mesh='hands_naked.mesh' b=33 bone='bone_L-middlefinger03.mesh' boundPtr=0x55cb4717e120 offV=(44.1776,12.2010,2.1782) M=[0.29824,0.95441,-0.01220;0.03644,-0.02416,-0.99904;-0.95380,0.29751,-0.04199]
[RESKIN_OFF] char='player2' gender=male mesh='hands_naked.mesh' b=36 bone='bone_L-ringfinger03.mesh' boundPtr=0x55cb46d4e5c0 offV=(41.7307,19.0607,-0.7349) M=[0.13565,0.99075,0.00305;-0.01102,0.00459,-0.99993;-0.99070,0.13560,0.01154]
[RESKIN_MESH] char='player2' gender=male mesh='nailboots_resource.mesh' meshPtr=0x55cb4b717a60 geomOwner=0x55cb4b717a60 verts=2122 bones=6 rebound=0
[RESKIN_MESH] char='player0' gender=male mesh='fingernails_resource.mesh' meshPtr=0x55cb49b5fe40 geomOwner=0x55cb49b5fe40 verts=0 bones=10 rebound=1
[RESKIN_OFF] char='player0' gender=male mesh='fingernails_resource.mesh' b=1 bone='bone_R-middlefinger03.mesh' boundPtr=0x55cb49615ee0 offV=(-10.2104,44.9955,8.9819) M=[0.84545,-0.42597,0.32262;-0.40640,-0.12038,0.90583;-0.34705,-0.89685,-0.27481]
[RESKIN_OFF] char='player0' gender=male mesh='fingernails_resource.mesh' b=2 bone='bone_L-index03.mesh' boundPtr=0x55cb49604000 offV=(0.2227,46.2037,-7.0724) M=[-0.76475,0.58343,0.27385;-0.35096,-0.02051,-0.93624;-0.54062,-0.81201,0.22041]
[RESKIN_OFF] char='player0' gender=male mesh='fingernails_resource.mesh' b=3 bone='bone_R-index03.mesh' boundPtr=0x55cb49614740 offV=(0.2191,46.2097,7.0833) M=[0.76531,-0.58322,0.27272;-0.35000,-0.02125,0.93659;-0.54046,-0.81214,-0.22035]
[RESKIN_OFF] char='player0' gender=male mesh='fingernails_resource.mesh' b=4 bone='bone_R-ringfinger03.mesh' boundPtr=0x55cb49617d40 offV=(-1.6222,45.7020,11.6019) M=[0.73459,-0.58931,0.33664;-0.46179,-0.07041,0.88428;-0.49743,-0.80495,-0.32380]
[RESKIN_OFF] char='player0' gender=male mesh='fingernails_resource.mesh' b=5 bone='bone_R-thumb03.mesh' boundPtr=0x55cb49619f00 offV=(22.3565,20.2572,35.1358) M=[-0.07527,0.50340,-0.86085;0.88580,-0.36306,-0.28969;-0.45833,-0.78432,-0.41839]
[RESKIN_OFF] char='player0' gender=male mesh='fingernails_resource.mesh' b=6 bone='bone_L-thumb03.mesh' boundPtr=0x55cb496097c0 offV=(22.3438,20.2588,-35.1340) M=[0.07426,-0.50277,-0.86130;0.88589,-0.36369,0.28860;-0.45831,-0.78443,0.41821]
[RESKIN_OFF] char='player0' gender=male mesh='fingernails_resource.mesh' b=7 bone='bone_L-middlefinger03.mesh' boundPtr=0x55cb496057a0 offV=(-10.2048,44.9907,-8.9713) M=[-0.84486,0.42632,0.32370;-0.40747,-0.11984,-0.90542;-0.34723,-0.89676,0.27488]
[RESKIN_OFF] char='player0' gender=male mesh='fingernails_resource.mesh' b=9 bone='bone_L-ringfinger03.mesh' boundPtr=0x55cb49607600 offV=(-1.6203,45.6951,-11.6308) M=[-0.73390,0.58957,0.33768;-0.46272,-0.06966,-0.88386;-0.49759,-0.80483,0.32387]
[RESKIN_MESH] char='player0' gender=male mesh='hands_naked.mesh' meshPtr=0x55cb4b996600 geomOwner=0x55cb4b996600 verts=1876 bones=38 rebound=1
[RESKIN_OFF] char='player0' gender=male mesh='hands_naked.mesh' b=1 bone='bone_R-middlefinger01.mesh' boundPtr=0x55cb49615820 offV=(25.8204,39.7487,8.9819) M=[0.34160,-0.88278,0.32262;-0.38218,0.18315,0.90583;-0.85869,-0.43264,-0.27481]
[RESKIN_OFF] char='player0' gender=male mesh='hands_naked.mesh' b=3 bone='bone_R-index02.mesh' boundPtr=0x55cb496143e0 offV=(11.6889,44.9519,7.0833) M=[0.61299,-0.74161,0.27272;-0.34567,0.05871,0.93659;-0.71058,-0.66829,-0.22035]
[RESKIN_OFF] char='player0' gender=male mesh='hands_naked.mesh' b=4 bone='bone_R-middlefinger03.mesh' boundPtr=0x55cb49615ee0 offV=(-10.2104,44.9955,8.9819) M=[0.84545,-0.42597,0.32262;-0.40640,-0.12038,0.90583;-0.34705,-0.89685,-0.27481]
[RESKIN_OFF] char='player0' gender=male mesh='hands_naked.mesh' b=7 bone='bone_L-index03.mesh' boundPtr=0x55cb49604000 offV=(0.2227,46.2037,-7.0724) M=[-0.76475,0.58343,0.27385;-0.35096,-0.02051,-0.93624;-0.54062,-0.81201,0.22041]
[RESKIN_OFF] char='player0' gender=male mesh='hands_naked.mesh' b=8 bone='bone_R-index01.mesh' boundPtr=0x55cb49614080 offV=(24.2762,40.7246,7.0833) M=[0.41289,-0.86903,0.27272;-0.32079,0.14150,0.93659;-0.85248,-0.47410,-0.22035]
[RESKIN_OFF] char='player0' gender=male mesh='hands_naked.mesh' b=9 bone='bone_R-thumb01.mesh' boundPtr=0x55cb49619840 offV=(33.3177,3.0330,35.1358) M=[0.23125,0.45336,-0.86085;0.50982,-0.81012,-0.28969;-0.82868,-0.37189,-0.41839]
[RESKIN_OFF] char='player0' gender=male mesh='hands_naked.mesh' b=10 bone='bone_R-index03.mesh' boundPtr=0x55cb49614740 offV=(0.2191,46.2097,7.0833) M=[0.76531,-0.58322,0.27272;-0.35000,-0.02125,0.93659;-0.54046,-0.81214,-0.22035]
[RESKIN_OFF] char='player0' gender=male mesh='hands_naked.mesh' b=11 bone='bone_R-middlefinger02.mesh' boundPtr=0x55cb49615b80 offV=(5.1275,45.9644,8.9819) M=[0.67552,-0.66316,0.32262;-0.42373,0.00910,0.90583;-0.60364,-0.74851,-0.27481]
[RESKIN_OFF] char='player0' gender=male mesh='hands_naked.mesh' b=12 bone='bone_R-ringfinger03.mesh' boundPtr=0x55cb49617d40 offV=(-1.6222,45.7020,11.6019) M=[0.73459,-0.58931,0.33664;-0.46179,-0.07041,0.88428;-0.49743,-0.80495,-0.32380]
[RESKIN_OFF] char='player0' gender=male mesh='hands_naked.mesh' b=13 bone='bone_R-hand.mesh' boundPtr=0x55cb496128e0 offV=(19.5452,44.5282,8.9174) M=[0.54809,-0.78109,0.29926;-0.38169,0.08482,0.92046;-0.74433,-0.61863,-0.25164]
[RESKIN_OFF] char='player0' gender=male mesh='hands_naked.mesh' b=15 bone='bone_R-ringfinger01.mesh' boundPtr=0x55cb49617680 offV=(25.5372,39.2331,11.6019) M=[0.31285,-0.88818,0.33664;-0.42935,0.18392,0.88428;-0.84728,-0.42110,-0.32380]
[RESKIN_OFF] char='player0' gender=male mesh='hands_naked.mesh' b=16 bone='bone_R-thumb02.mesh' boundPtr=0x55cb49619ba0 offV=(27.2176,15.1834,35.1358) M=[0.03068,0.50804,-0.86085;0.79127,-0.53870,-0.28969;-0.61087,-0.67226,-0.41839]
[RESKIN_OFF] char='player0' gender=male mesh='hands_naked.mesh' b=17 bone='bone_R-ringfinger02.mesh' boundPtr=0x55cb496179e0 offV=(3.9448,45.6344,11.6019) M=[0.67201,-0.65975,0.33664;-0.46651,-0.02391,0.88428;-0.57536,-0.75120,-0.32380]
[RESKIN_OFF] char='player0' gender=male mesh='hands_naked.mesh' b=19 bone='bone_R-thumb03.mesh' boundPtr=0x55cb49619f00 offV=(22.3565,20.2572,35.1358) M=[-0.07527,0.50340,-0.86085;0.88580,-0.36306,-0.28969;-0.45833,-0.78432,-0.41839]
[RESKIN_OFF] char='player0' gender=male mesh='hands_naked.mesh' b=21 bone='bone_L-index02.mesh' boundPtr=0x55cb49603ca0 offV=(11.6911,44.9452,-7.0724) M=[-0.61239,0.74168,0.27385;-0.34644,0.05965,-0.93624;-0.71071,-0.66813,0.22041]
[RESKIN_OFF] char='player0' gender=male mesh='hands_naked.mesh' b=23 bone='bone_L-middlefinger01.mesh' boundPtr=0x55cb496050e0 offV=(25.8213,39.7414,-8.9713) M=[-0.34093,0.88264,0.32370;-0.38261,0.18426,-0.90542;-0.85877,-0.43245,0.27488]
[RESKIN_OFF] char='player0' gender=male mesh='hands_naked.mesh' b=24 bone='bone_L-thumb03.mesh' boundPtr=0x55cb496097c0 offV=(22.3438,20.2588,-35.1340) M=[0.07426,-0.50277,-0.86130;0.88589,-0.36369,0.28860;-0.45831,-0.78443,0.41821]
[RESKIN_OFF] char='player0' gender=male mesh='hands_naked.mesh' b=25 bone='bone_L-thumb01.mesh' boundPtr=0x55cb49609100 offV=(33.3083,3.0417,-35.1340) M=[-0.23172,-0.45226,-0.86130;0.50953,-0.81069,0.28860;-0.82873,-0.37199,0.41821]
[RESKIN_OFF] char='player0' gender=male mesh='hands_naked.mesh' b=26 bone='bone_L-middlefinger02.mesh' boundPtr=0x55cb49605440 offV=(5.1313,45.9582,-8.9713) M=[-0.67485,0.66331,0.32370;-0.42458,0.00994,-0.90542;-0.60379,-0.74837,0.27488]
[RESKIN_OFF] char='player0' gender=male mesh='hands_naked.mesh' b=27 bone='bone_L-ringfinger01.mesh' boundPtr=0x55cb49606f40 offV=(25.5352,39.2262,-11.6308) M=[-0.31213,0.88804,0.33768;-0.42974,0.18504,-0.88386;-0.84735,-0.42091,0.32387]
[RESKIN_OFF] char='player0' gender=male mesh='hands_naked.mesh' b=29 bone='bone_L-hand.mesh' boundPtr=0x55cb496021a0 offV=(19.5474,44.5214,-8.9066) M=[-0.54745,0.78112,0.30037;-0.38238,0.08581,-0.92008;-0.74445,-0.61846,0.25171]
[RESKIN_OFF] char='player0' gender=male mesh='hands_naked.mesh' b=30 bone='bone_L-index01.mesh' boundPtr=0x55cb49603940 offV=(24.2767,40.7176,-7.0724) M=[-0.41230,0.86896,0.27385;-0.32131,0.14260,-0.93624;-0.85257,-0.47391,0.22041]
[RESKIN_OFF] char='player0' gender=male mesh='hands_naked.mesh' b=31 bone='bone_L-thumb02.mesh' boundPtr=0x55cb49609460 offV=(27.2055,15.1877,-35.1340) M=[-0.03154,-0.50721,-0.86130;0.79123,-0.53934,0.28860;-0.61087,-0.67238,0.41821]
[RESKIN_OFF] char='player0' gender=male mesh='hands_naked.mesh' b=32 bone='bone_L-ringfinger02.mesh' boundPtr=0x55cb496072a0 offV=(3.9459,45.6273,-11.6308) M=[-0.67130,0.65995,0.33768;-0.46736,-0.02308,-0.88386;-0.57551,-0.75106,0.32387]
[RESKIN_OFF] char='player0' gender=male mesh='hands_naked.mesh' b=33 bone='bone_L-middlefinger03.mesh' boundPtr=0x55cb496057a0 offV=(-10.2048,44.9907,-8.9713) M=[-0.84486,0.42632,0.32370;-0.40747,-0.11984,-0.90542;-0.34723,-0.89676,0.27488]
[RESKIN_OFF] char='player0' gender=male mesh='hands_naked.mesh' b=36 bone='bone_L-ringfinger03.mesh' boundPtr=0x55cb49607600 offV=(-1.6203,45.6951,-11.6308) M=[-0.73390,0.58957,0.33768;-0.46272,-0.06966,-0.88386;-0.49759,-0.80483,0.32387]
[RESKIN_MESH] char='player1' gender=female mesh='fingernails_resource.mesh' meshPtr=0x55cb4b580620 geomOwner=0x55cb4b580620 verts=0 bones=10 rebound=1
[RESKIN_OFF] char='player1' gender=female mesh='fingernails_resource.mesh' b=0 bone='bone_R-middlefinger03.mesh' boundPtr=0x55cb4a058f00 offV=(11.0060,30.9613,16.3325) M=[0.51775,-0.84248,0.14942;-0.42277,-0.10002,0.90077;-0.74393,-0.52950,-0.40790]
[RESKIN_OFF] char='player1' gender=female mesh='fingernails_resource.mesh' b=2 bone='bone_R-thumb03.mesh' boundPtr=0x55cb4a05cf20 offV=(32.9892,0.6896,13.7359) M=[-0.09444,0.47430,-0.87533;0.33301,-0.81374,-0.47671;-0.93837,-0.33652,-0.08104]
[RESKIN_OFF] char='player1' gender=female mesh='fingernails_resource.mesh' b=3 bone='bone_R-index03.mesh' boundPtr=0x55cb4a057760 offV=(13.4276,30.8099,13.1009) M=[0.51509,-0.84961,0.11465;-0.32935,-0.07259,0.94148;-0.79157,-0.52266,-0.31712]
[RESKIN_OFF] char='player1' gender=female mesh='fingernails_resource.mesh' b=4 bone='bone_R-ringfinger03.mesh' boundPtr=0x55cb4a05ad60 offV=(11.1772,30.4318,18.7743) M=[0.41769,-0.88008,0.22629;-0.54997,-0.04654,0.83398;-0.72344,-0.47275,-0.50336]
[RESKIN_OFF] char='player1' gender=female mesh='fingernails_resource.mesh' b=6 bone='bone_L-thumb03.mesh' boundPtr=0x55cb495e73a0 offV=(32.9835,0.6960,-13.7341) M=[0.09428,-0.47319,-0.87596;0.33311,-0.81434,0.47561;-0.93835,-0.33664,0.08079]
[RESKIN_OFF] char='player1' gender=female mesh='fingernails_resource.mesh' b=7 bone='bone_L-middlefinger03.mesh' boundPtr=0x55cb495e3380 offV=(11.0088,30.9559,-16.3263) M=[-0.51701,0.84275,0.15045;-0.42344,-0.09897,-0.90057;-0.74407,-0.52926,0.40796]
[RESKIN_OFF] char='player1' gender=female mesh='fingernails_resource.mesh' b=8 bone='bone_L-ringfinger03.mesh' boundPtr=0x55cb495e51e0 offV=(11.1804,30.4261,-18.7685) M=[-0.41680,0.88027,0.22720;-0.55051,-0.04544,-0.83368;-0.72354,-0.47251,0.50344]
[RESKIN_OFF] char='player1' gender=female mesh='fingernails_resource.mesh' b=9 bone='bone_L-index03.mesh' boundPtr=0x55cb495e1be0 offV=(13.4296,30.8043,-13.0945) M=[-0.51445,0.84984,0.11575;-0.33002,-0.07153,-0.94133;-0.79170,-0.52242,0.31717]
[RESKIN_MESH] char='player1' gender=female mesh='hands_naked.mesh' meshPtr=0x55cb4bded180 geomOwner=0x55cb4bded180 verts=1256 bones=40 rebound=1
[RESKIN_OFF] char='player1' gender=female mesh='hands_naked.mesh' b=0 bone='bone_R-middlefinger02.mesh' boundPtr=0x55cb4a058ba0 offV=(17.3061,28.7441,16.3325) M=[0.37306,-0.91572,0.14942;-0.43341,-0.02958,0.90077;-0.82042,-0.40076,-0.40790]
[RESKIN_OFF] char='player1' gender=female mesh='hands_naked.mesh' b=1 bone='bone_R-hand.mesh' boundPtr=0x55cb4a055900 offV=(20.9248,30.2266,14.6281) M=[0.47437,-0.87362,0.10857;-0.32711,-0.06041,0.94310;-0.81735,-0.48285,-0.31442]
[RESKIN_OFF] char='player1' gender=female mesh='hands_naked.mesh' b=4 bone='bone_R-middlefinger01.mesh' boundPtr=0x55cb4a058840 offV=(20.9833,27.3767,16.3325) M=[0.30390,-0.94092,0.14942;-0.43440,0.00275,0.90077;-0.84795,-0.33861,-0.40790]
[RESKIN_OFF] char='player1' gender=female mesh='hands_naked.mesh' b=5 bone='bone_R-ringfinger02.mesh' boundPtr=0x55cb4a05aa00 offV=(11.9339,30.6692,18.7743) M=[0.43691,-0.87067,0.22629;-0.54880,-0.05861,0.83398;-0.71285,-0.48852,-0.50336]
[RESKIN_OFF] char='player1' gender=female mesh='hands_naked.mesh' b=6 bone='bone_R-thumb02.mesh' boundPtr=0x55cb4a05cbc0 offV=(33.9383,-2.8912,13.7359) M=[-0.04245,0.48171,-0.87533;0.24280,-0.84499,-0.47671;-0.96926,-0.23278,-0.08104]
[RESKIN_OFF] char='player1' gender=female mesh='hands_naked.mesh' b=7 bone='bone_R-middlefinger03.mesh' boundPtr=0x55cb4a058f00 offV=(11.0060,30.9613,16.3325) M=[0.51775,-0.84248,0.14942;-0.42277,-0.10002,0.90077;-0.74393,-0.52950,-0.40790]
[RESKIN_OFF] char='player1' gender=female mesh='hands_naked.mesh' b=12 bone='bone_L-middlefinger02.mesh' boundPtr=0x55cb495e3020 offV=(17.3080,28.7383,-16.3263) M=[-0.37229,0.91587,0.15045;-0.43389,-0.02843,-0.90057;-0.82052,-0.40050,0.40796]
[RESKIN_OFF] char='player1' gender=female mesh='hands_naked.mesh' b=15 bone='bone_R-thumb03.mesh' boundPtr=0x55cb4a05cf20 offV=(32.9892,0.6896,13.7359) M=[-0.09444,0.47430,-0.87533;0.33301,-0.81374,-0.47671;-0.93837,-0.33652,-0.08104]
[RESKIN_OFF] char='player1' gender=female mesh='hands_naked.mesh' b=16 bone='bone_R-thumb01.mesh' boundPtr=0x55cb4a05c860 offV=(35.4082,-4.9145,13.7359) M=[-0.01357,0.48335,-0.87533;0.19184,-0.85793,-0.47671;-0.98137,-0.17441,-0.08104]
[RESKIN_OFF] char='player1' gender=female mesh='hands_naked.mesh' b=17 bone='bone_R-index03.mesh' boundPtr=0x55cb4a057760 offV=(13.4276,30.8099,13.1009) M=[0.51509,-0.84961,0.11465;-0.32935,-0.07259,0.94148;-0.79157,-0.52266,-0.31712]
[RESKIN_OFF] char='player1' gender=female mesh='hands_naked.mesh' b=18 bone='bone_R-index01.mesh' boundPtr=0x55cb4a0570a0 offV=(22.7161,26.7887,13.1009) M=[0.31115,-0.94343,0.11465;-0.33720,0.00321,0.94148;-0.88858,-0.33156,-0.31712]
[RESKIN_OFF] char='player1' gender=female mesh='hands_naked.mesh' b=19 bone='bone_R-index02.mesh' boundPtr=0x55cb4a057400 offV=(15.7146,30.2865,13.1009) M=[0.48307,-0.86813,0.11465;-0.33180,-0.06027,0.94148;-0.81041,-0.49279,-0.31712]
[RESKIN_OFF] char='player1' gender=female mesh='hands_naked.mesh' b=20 bone='bone_L-hand.mesh' boundPtr=0x55cb495dfd80 offV=(20.9266,30.2209,-14.6217) M=[-0.47373,0.87383,0.10967;-0.32772,-0.05931,-0.94296;-0.81748,-0.48260,0.31447]
[RESKIN_OFF] char='player1' gender=female mesh='hands_naked.mesh' b=21 bone='bone_R-ringfinger-base.mesh' boundPtr=0x55cb4a05a340 offV=(20.1710,30.7820,15.0249) M=[0.47437,-0.87362,0.10857;-0.32711,-0.06041,0.94310;-0.81735,-0.48285,-0.31442]
[RESKIN_OFF] char='player1' gender=female mesh='hands_naked.mesh' b=22 bone='bone_L-index02.mesh' boundPtr=0x55cb495e1880 offV=(15.7164,30.2808,-13.0945) M=[-0.48243,0.86834,0.11575;-0.33242,-0.05919,-0.94133;-0.81054,-0.49255,0.31717]
[RESKIN_OFF] char='player1' gender=female mesh='hands_naked.mesh' b=23 bone='bone_R-ringfinger03.mesh' boundPtr=0x55cb4a05ad60 offV=(11.1772,30.4318,18.7743) M=[0.41769,-0.88008,0.22629;-0.54997,-0.04654,0.83398;-0.72344,-0.47275,-0.50336]
[RESKIN_OFF] char='player1' gender=female mesh='hands_naked.mesh' b=24 bone='bone_R-ringfinger01.mesh' boundPtr=0x55cb4a05a6a0 offV=(18.8025,27.9708,18.7743) M=[0.27048,-0.93577,0.22629;-0.55023,0.04263,0.83398;-0.79004,-0.35004,-0.50336]
[RESKIN_OFF] char='player1' gender=female mesh='hands_naked.mesh' b=25 bone='bone_L-middlefinger01.mesh' boundPtr=0x55cb495e2cc0 offV=(20.9848,27.3708,-16.3263) M=[-0.30312,0.94101,0.15045;-0.43480,0.00393,-0.90057;-0.84803,-0.33835,0.40796]
[RESKIN_OFF] char='player1' gender=female mesh='hands_naked.mesh' b=27 bone='bone_L-index01.mesh' boundPtr=0x55cb495e1520 offV=(22.7169,26.7828,-13.0945) M=[-0.31048,0.94352,0.11575;-0.33760,0.00439,-0.94133;-0.88866,-0.33129,0.31717]
[RESKIN_OFF] char='player1' gender=female mesh='hands_naked.mesh' b=29 bone='bone_L-thumb03.mesh' boundPtr=0x55cb495e73a0 offV=(32.9835,0.6960,-13.7341) M=[0.09428,-0.47319,-0.87596;0.33311,-0.81434,0.47561;-0.93835,-0.33664,0.08079]
[RESKIN_OFF] char='player1' gender=female mesh='hands_naked.mesh' b=30 bone='bone_L-middlefinger03.mesh' boundPtr=0x55cb495e3380 offV=(11.0088,30.9559,-16.3263) M=[-0.51701,0.84275,0.15045;-0.42344,-0.09897,-0.90057;-0.74407,-0.52926,0.40796]
[RESKIN_OFF] char='player1' gender=female mesh='hands_naked.mesh' b=31 bone='bone_L-ringfinger03.mesh' boundPtr=0x55cb495e51e0 offV=(11.1804,30.4261,-18.7685) M=[-0.41680,0.88027,0.22720;-0.55051,-0.04544,-0.83368;-0.72354,-0.47251,0.50344]
[RESKIN_OFF] char='player1' gender=female mesh='hands_naked.mesh' b=32 bone='bone_L-thumb01.mesh' boundPtr=0x55cb495e6ce0 offV=(35.4037,-4.9072,-13.7341) M=[0.01361,-0.48222,-0.87596;0.19184,-0.85854,0.47561;-0.98137,-0.17452,0.08079]
[RESKIN_OFF] char='player1' gender=female mesh='hands_naked.mesh' b=33 bone='bone_L-thumb02.mesh' boundPtr=0x55cb495e7040 offV=(33.9333,-2.8842,-13.7341) M=[0.04241,-0.48058,-0.87596;0.24283,-0.84560,0.47561;-0.96925,-0.23289,0.08079]
[RESKIN_OFF] char='player1' gender=female mesh='hands_naked.mesh' b=34 bone='bone_L-index03.mesh' boundPtr=0x55cb495e1be0 offV=(13.4296,30.8043,-13.0945) M=[-0.51445,0.84984,0.11575;-0.33002,-0.07153,-0.94133;-0.79170,-0.52242,0.31717]
[RESKIN_OFF] char='player1' gender=female mesh='hands_naked.mesh' b=37 bone='bone_L-ringfinger-base.mesh' boundPtr=0x55cb495e47c0 offV=(20.1728,30.7764,-15.0185) M=[-0.47373,0.87383,0.10967;-0.32772,-0.05931,-0.94296;-0.81748,-0.48260,0.31447]
[RESKIN_OFF] char='player1' gender=female mesh='hands_naked.mesh' b=38 bone='bone_L-ringfinger01.mesh' boundPtr=0x55cb495e4b20 offV=(18.8047,27.9647,-18.7685) M=[-0.26957,0.93581,0.22720;-0.55059,0.04381,-0.83368;-0.79011,-0.34978,0.50344]
[RESKIN_OFF] char='player1' gender=female mesh='hands_naked.mesh' b=39 bone='bone_L-ringfinger02.mesh' boundPtr=0x55cb495e4e80 offV=(11.9372,30.6635,-18.7685) M=[-0.43602,0.87088,0.22720;-0.54937,-0.05752,-0.83368;-0.71297,-0.48827,0.50344]
[RESKIN_MESH] char='player2' gender=male mesh='fingernails_resource.mesh' meshPtr=0x55cb4b6e0b40 geomOwner=0x55cb4b6e0b40 verts=0 bones=10 rebound=1
[RESKIN_OFF] char='player2' gender=male mesh='fingernails_resource.mesh' b=1 bone='bone_R-middlefinger03.mesh' boundPtr=0x55cb4b546dc0 offV=(-10.2104,44.9955,8.9819) M=[0.84545,-0.42597,0.32262;-0.40640,-0.12038,0.90583;-0.34705,-0.89685,-0.27481]
[RESKIN_OFF] char='player2' gender=male mesh='fingernails_resource.mesh' b=2 bone='bone_L-index03.mesh' boundPtr=0x55cb4b192320 offV=(0.2227,46.2037,-7.0724) M=[-0.76475,0.58343,0.27385;-0.35096,-0.02051,-0.93624;-0.54062,-0.81201,0.22041]
[RESKIN_OFF] char='player2' gender=male mesh='fingernails_resource.mesh' b=3 bone='bone_R-index03.mesh' boundPtr=0x55cb4b545620 offV=(0.2191,46.2097,7.0833) M=[0.76531,-0.58322,0.27272;-0.35000,-0.02125,0.93659;-0.54046,-0.81214,-0.22035]
[RESKIN_OFF] char='player2' gender=male mesh='fingernails_resource.mesh' b=4 bone='bone_R-ringfinger03.mesh' boundPtr=0x55cb4b548c20 offV=(-1.6222,45.7020,11.6019) M=[0.73459,-0.58931,0.33664;-0.46179,-0.07041,0.88428;-0.49743,-0.80495,-0.32380]
[RESKIN_OFF] char='player2' gender=male mesh='fingernails_resource.mesh' b=5 bone='bone_R-thumb03.mesh' boundPtr=0x55cb4b54ade0 offV=(22.3565,20.2572,35.1358) M=[-0.07527,0.50340,-0.86085;0.88580,-0.36306,-0.28969;-0.45833,-0.78432,-0.41839]
[RESKIN_OFF] char='player2' gender=male mesh='fingernails_resource.mesh' b=6 bone='bone_L-thumb03.mesh' boundPtr=0x55cb4b19ebe0 offV=(22.3438,20.2588,-35.1340) M=[0.07426,-0.50277,-0.86130;0.88589,-0.36369,0.28860;-0.45831,-0.78443,0.41821]
[RESKIN_OFF] char='player2' gender=male mesh='fingernails_resource.mesh' b=7 bone='bone_L-middlefinger03.mesh' boundPtr=0x55cb4b193ac0 offV=(-10.2048,44.9907,-8.9713) M=[-0.84486,0.42632,0.32370;-0.40747,-0.11984,-0.90542;-0.34723,-0.89676,0.27488]
[RESKIN_OFF] char='player2' gender=male mesh='fingernails_resource.mesh' b=9 bone='bone_L-ringfinger03.mesh' boundPtr=0x55cb4b195920 offV=(-1.6203,45.6951,-11.6308) M=[-0.73390,0.58957,0.33768;-0.46272,-0.06966,-0.88386;-0.49759,-0.80483,0.32387]
[RESKIN_MESH] char='player2' gender=male mesh='hands_naked.mesh' meshPtr=0x55cb4b9c0280 geomOwner=0x55cb4b9c0280 verts=1876 bones=38 rebound=1
[RESKIN_OFF] char='player2' gender=male mesh='hands_naked.mesh' b=1 bone='bone_R-middlefinger01.mesh' boundPtr=0x55cb4b546700 offV=(25.8204,39.7487,8.9819) M=[0.34160,-0.88278,0.32262;-0.38218,0.18315,0.90583;-0.85869,-0.43264,-0.27481]
[RESKIN_OFF] char='player2' gender=male mesh='hands_naked.mesh' b=3 bone='bone_R-index02.mesh' boundPtr=0x55cb4b5452c0 offV=(11.6889,44.9519,7.0833) M=[0.61299,-0.74161,0.27272;-0.34567,0.05871,0.93659;-0.71058,-0.66829,-0.22035]
[RESKIN_OFF] char='player2' gender=male mesh='hands_naked.mesh' b=4 bone='bone_R-middlefinger03.mesh' boundPtr=0x55cb4b546dc0 offV=(-10.2104,44.9955,8.9819) M=[0.84545,-0.42597,0.32262;-0.40640,-0.12038,0.90583;-0.34705,-0.89685,-0.27481]
[RESKIN_OFF] char='player2' gender=male mesh='hands_naked.mesh' b=7 bone='bone_L-index03.mesh' boundPtr=0x55cb4b192320 offV=(0.2227,46.2037,-7.0724) M=[-0.76475,0.58343,0.27385;-0.35096,-0.02051,-0.93624;-0.54062,-0.81201,0.22041]
[RESKIN_OFF] char='player2' gender=male mesh='hands_naked.mesh' b=8 bone='bone_R-index01.mesh' boundPtr=0x55cb4b544f60 offV=(24.2762,40.7246,7.0833) M=[0.41289,-0.86903,0.27272;-0.32079,0.14150,0.93659;-0.85248,-0.47410,-0.22035]
[RESKIN_OFF] char='player2' gender=male mesh='hands_naked.mesh' b=9 bone='bone_R-thumb01.mesh' boundPtr=0x55cb4b54a720 offV=(33.3177,3.0330,35.1358) M=[0.23125,0.45336,-0.86085;0.50982,-0.81012,-0.28969;-0.82868,-0.37189,-0.41839]
[RESKIN_OFF] char='player2' gender=male mesh='hands_naked.mesh' b=10 bone='bone_R-index03.mesh' boundPtr=0x55cb4b545620 offV=(0.2191,46.2097,7.0833) M=[0.76531,-0.58322,0.27272;-0.35000,-0.02125,0.93659;-0.54046,-0.81214,-0.22035]
[RESKIN_OFF] char='player2' gender=male mesh='hands_naked.mesh' b=11 bone='bone_R-middlefinger02.mesh' boundPtr=0x55cb4b546a60 offV=(5.1275,45.9644,8.9819) M=[0.67552,-0.66316,0.32262;-0.42373,0.00910,0.90583;-0.60364,-0.74851,-0.27481]
[RESKIN_OFF] char='player2' gender=male mesh='hands_naked.mesh' b=12 bone='bone_R-ringfinger03.mesh' boundPtr=0x55cb4b548c20 offV=(-1.6222,45.7020,11.6019) M=[0.73459,-0.58931,0.33664;-0.46179,-0.07041,0.88428;-0.49743,-0.80495,-0.32380]
[RESKIN_OFF] char='player2' gender=male mesh='hands_naked.mesh' b=13 bone='bone_R-hand.mesh' boundPtr=0x55cb4b1a7d00 offV=(19.5452,44.5282,8.9174) M=[0.54809,-0.78109,0.29926;-0.38169,0.08482,0.92046;-0.74433,-0.61863,-0.25164]
[RESKIN_OFF] char='player2' gender=male mesh='hands_naked.mesh' b=15 bone='bone_R-ringfinger01.mesh' boundPtr=0x55cb4b548560 offV=(25.5372,39.2331,11.6019) M=[0.31285,-0.88818,0.33664;-0.42935,0.18392,0.88428;-0.84728,-0.42110,-0.32380]
[RESKIN_OFF] char='player2' gender=male mesh='hands_naked.mesh' b=16 bone='bone_R-thumb02.mesh' boundPtr=0x55cb4b54aa80 offV=(27.2176,15.1834,35.1358) M=[0.03068,0.50804,-0.86085;0.79127,-0.53870,-0.28969;-0.61087,-0.67226,-0.41839]
[RESKIN_OFF] char='player2' gender=male mesh='hands_naked.mesh' b=17 bone='bone_R-ringfinger02.mesh' boundPtr=0x55cb4b5488c0 offV=(3.9448,45.6344,11.6019) M=[0.67201,-0.65975,0.33664;-0.46651,-0.02391,0.88428;-0.57536,-0.75120,-0.32380]
[RESKIN_OFF] char='player2' gender=male mesh='hands_naked.mesh' b=19 bone='bone_R-thumb03.mesh' boundPtr=0x55cb4b54ade0 offV=(22.3565,20.2572,35.1358) M=[-0.07527,0.50340,-0.86085;0.88580,-0.36306,-0.28969;-0.45833,-0.78432,-0.41839]
[RESKIN_OFF] char='player2' gender=male mesh='hands_naked.mesh' b=21 bone='bone_L-index02.mesh' boundPtr=0x55cb4b191fc0 offV=(11.6911,44.9452,-7.0724) M=[-0.61239,0.74168,0.27385;-0.34644,0.05965,-0.93624;-0.71071,-0.66813,0.22041]
[RESKIN_OFF] char='player2' gender=male mesh='hands_naked.mesh' b=23 bone='bone_L-middlefinger01.mesh' boundPtr=0x55cb4b193400 offV=(25.8213,39.7414,-8.9713) M=[-0.34093,0.88264,0.32370;-0.38261,0.18426,-0.90542;-0.85877,-0.43245,0.27488]
[RESKIN_OFF] char='player2' gender=male mesh='hands_naked.mesh' b=24 bone='bone_L-thumb03.mesh' boundPtr=0x55cb4b19ebe0 offV=(22.3438,20.2588,-35.1340) M=[0.07426,-0.50277,-0.86130;0.88589,-0.36369,0.28860;-0.45831,-0.78443,0.41821]
[RESKIN_OFF] char='player2' gender=male mesh='hands_naked.mesh' b=25 bone='bone_L-thumb01.mesh' boundPtr=0x55cb4b19e520 offV=(33.3083,3.0417,-35.1340) M=[-0.23172,-0.45226,-0.86130;0.50953,-0.81069,0.28860;-0.82873,-0.37199,0.41821]
[RESKIN_OFF] char='player2' gender=male mesh='hands_naked.mesh' b=26 bone='bone_L-middlefinger02.mesh' boundPtr=0x55cb4b193760 offV=(5.1313,45.9582,-8.9713) M=[-0.67485,0.66331,0.32370;-0.42458,0.00994,-0.90542;-0.60379,-0.74837,0.27488]
[RESKIN_OFF] char='player2' gender=male mesh='hands_naked.mesh' b=27 bone='bone_L-ringfinger01.mesh' boundPtr=0x55cb4b195260 offV=(25.5352,39.2262,-11.6308) M=[-0.31213,0.88804,0.33768;-0.42974,0.18504,-0.88386;-0.84735,-0.42091,0.32387]
[RESKIN_OFF] char='player2' gender=male mesh='hands_naked.mesh' b=29 bone='bone_L-hand.mesh' boundPtr=0x55cb4b1904c0 offV=(19.5474,44.5214,-8.9066) M=[-0.54745,0.78112,0.30037;-0.38238,0.08581,-0.92008;-0.74445,-0.61846,0.25171]
[RESKIN_OFF] char='player2' gender=male mesh='hands_naked.mesh' b=30 bone='bone_L-index01.mesh' boundPtr=0x55cb4b191c60 offV=(24.2767,40.7176,-7.0724) M=[-0.41230,0.86896,0.27385;-0.32131,0.14260,-0.93624;-0.85257,-0.47391,0.22041]
[RESKIN_OFF] char='player2' gender=male mesh='hands_naked.mesh' b=31 bone='bone_L-thumb02.mesh' boundPtr=0x55cb4b19e880 offV=(27.2055,15.1877,-35.1340) M=[-0.03154,-0.50721,-0.86130;0.79123,-0.53934,0.28860;-0.61087,-0.67238,0.41821]
[RESKIN_OFF] char='player2' gender=male mesh='hands_naked.mesh' b=32 bone='bone_L-ringfinger02.mesh' boundPtr=0x55cb4b1955c0 offV=(3.9459,45.6273,-11.6308) M=[-0.67130,0.65995,0.33768;-0.46736,-0.02308,-0.88386;-0.57551,-0.75106,0.32387]
[RESKIN_OFF] char='player2' gender=male mesh='hands_naked.mesh' b=33 bone='bone_L-middlefinger03.mesh' boundPtr=0x55cb4b193ac0 offV=(-10.2048,44.9907,-8.9713) M=[-0.84486,0.42632,0.32370;-0.40747,-0.11984,-0.90542;-0.34723,-0.89676,0.27488]
[RESKIN_OFF] char='player2' gender=male mesh='hands_naked.mesh' b=36 bone='bone_L-ringfinger03.mesh' boundPtr=0x55cb4b195920 offV=(-1.6203,45.6951,-11.6308) M=[-0.73390,0.58957,0.33768;-0.46272,-0.06966,-0.88386;-0.49759,-0.80483,0.32387]
[RESKIN_MESH] char='player2' gender=male mesh='nailboots_resource.mesh' meshPtr=0x55cb4b717a60 geomOwner=0x55cb4b717a60 verts=2122 bones=6 rebound=1
