Extracting VocalPlayer::Poll from src/band3/game/VocalPlayer.cpp...
Found function with 78 statements (21152 bytes) [dialect=mwcc]
Baseline: 0.00%
  BSF mode: unavailable (tools.compiler_trace not found)
  BSF mode: unavailable (tools.compiler_trace not found)
  BSF mode: unavailable (tools.compiler_trace not found)
  BSF mode: unavailable (tools.compiler_trace not found)
  BSF mode: unavailable (tools.compiler_trace not found)
  BSF mode: unavailable (tools.compiler_trace not found)
Source dedup: 3 duplicate variants skipped
Generated 81 variants
Scoring 81 variants (4 workers)...
[1/81] brpol_0: 97.66% IMPROVED
[2/81] declreorder_0: 97.84% IMPROVED
[3/81] foreach_dowhile_0: 0.00% BUILD FAILED
[4/81] stmt_reorder_1: 97.42% IMPROVED
[5/81] varext_0: 97.95% IMPROVED
[6/81] accessor_outline_0: 97.95% IMPROVED
[7/81] andsplit_0: 97.95% IMPROVED
[8/81] argswap_0: 0.00% BUILD FAILED
[9/81] bitacc_0: 0.00% BUILD FAILED
[10/81] boolcast_0: 97.95% IMPROVED
[11/81] boolmat_1: 97.95% IMPROVED
[12/81] bool_to_uchar_0: 97.86% IMPROVED
[13/81] cmpeq_0: 97.94% IMPROVED
[14/81] cmpflip_0: 97.94% IMPROVED
[15/81] condarith_0: 97.95% IMPROVED
[16/81] const_0: 0.00% BUILD FAILED
[17/81] fabs_0: 97.98% IMPROVED
[18/81] fltlit_0: 97.95% IMPROVED
[19/81] hoist_0: 0.00% BUILD FAILED
[20/81] initlit_0: 97.95% IMPROVED
[21/81] maxcond_0: 97.85% IMPROVED
[22/81] membind_0: 97.95% IMPROVED
[23/81] nullguard_0: 97.75% IMPROVED
[24/81] nullins_0: 97.85% IMPROVED
[25/81] refelim_0: 97.52% IMPROVED
[26/81] scope_narrow_0: 97.92% IMPROVED
[27/81] signunsign_0: 97.42% IMPROVED
[28/81] symcmp_0: 0.00% BUILD FAILED
[29/81] tmpelim_0: 97.95% IMPROVED
[30/81] typewidth_0: 97.95% IMPROVED
[31/81] ref2val_0: 96.43% IMPROVED
[32/81] declmove_1: 97.84% IMPROVED
[33/81] scope_widen_0_bare: 97.21% IMPROVED
[34/81] slot_pad_char_pad: 97.95% IMPROVED
[35/81] switchif_0: 96.36% IMPROVED
[36/81] varinline_0: 97.04% IMPROVED
[37/81] varext_0+declreorder_0: 97.84% IMPROVED
[38/81] varext_0+declreorder_1: 97.54% IMPROVED
[39/81] varext_0+declreorder_2: 97.95% IMPROVED
[40/81] varext_0+declreorder_3: 97.60% IMPROVED
[41/81] varext_0+declreorder_4: 97.50% IMPROVED
[42/81] varext_0+declreorder_5: 97.51% IMPROVED
[43/81] varext_0+declreorder_6: 97.95% IMPROVED
[44/81] varext_0+declreorder_7: 97.95% IMPROVED
[45/81] varext_0+declreorder_8: 97.95% IMPROVED
[46/81] varext_0+declreorder_9: 97.95% IMPROVED
[47/81] varext_1+declreorder_0: 97.84% IMPROVED
[48/81] varext_1+declreorder_1: 97.54% IMPROVED
[49/81] varext_1+declreorder_2: 97.95% IMPROVED
[50/81] varext_1+declreorder_3: 97.60% IMPROVED
[51/81] varext_1+declreorder_4: 97.50% IMPROVED
[52/81] varext_1+declreorder_5: 97.51% IMPROVED
[53/81] varext_1+declreorder_6: 97.95% IMPROVED
[54/81] varext_1+declreorder_7: 97.95% IMPROVED
[55/81] varext_1+declreorder_8: 97.95% IMPROVED
[56/81] varext_1+declreorder_9: 97.95% IMPROVED
[57/81] varext_2+declreorder_0: 97.84% IMPROVED
[58/81] varext_2+declreorder_1: 97.54% IMPROVED
[59/81] varext_2+declreorder_2: 97.95% IMPROVED
[60/81] varext_2+declreorder_3: 97.60% IMPROVED
[61/81] varext_2+declreorder_4: 97.50% IMPROVED
[62/81] varext_2+declreorder_5: 97.51% IMPROVED
[63/81] varext_2+declreorder_6: 97.95% IMPROVED
[64/81] varext_2+declreorder_7: 97.95% IMPROVED
[65/81] varext_2+declreorder_8: 97.95% IMPROVED
[66/81] varext_2+declreorder_9: 97.95% IMPROVED
[67/81] varext_3+declreorder_0: 97.84% IMPROVED
[68/81] varext_3+declreorder_1: 97.54% IMPROVED
[69/81] varext_3+declreorder_2: 97.95% IMPROVED
[70/81] varext_3+declreorder_3: 97.60% IMPROVED
[71/81] varext_3+declreorder_4: 97.50% IMPROVED
[72/81] varext_3+declreorder_5: 97.51% IMPROVED
[73/81] varext_3+declreorder_6: 97.95% IMPROVED
[74/81] varext_3+declreorder_7: 97.95% IMPROVED
[75/81] varext_3+declreorder_8: 97.95% IMPROVED
[76/81] varext_3+declreorder_9: 97.95% IMPROVED
[77/81] varext_4+declreorder_0: 97.84% IMPROVED
[78/81] varext_4+declreorder_1: 97.54% IMPROVED
[79/81] varext_4+declreorder_2: 97.95% IMPROVED
[80/81] varext_4+declreorder_3: 97.60% IMPROVED
[81/81] varext_4+declreorder_4: 97.50% IMPROVED
{
  "baseline": 0.0,
  "best_improvement": {
    "name": "fabs_0",
    "pattern": "fabs_variant",
    "description": "Swap fabsf() -> fabs()",
    "match_percent": 97.97739,
    "delta": 97.97739
  },
  "improvements_count": 75,
  "variants_total": 81,
  "build_failures": 6,
  "results": [
    {
      "name": "fabs_0",
      "pattern": "fabs_variant",
      "description": "Swap fabsf() -> fabs()",
      "match_percent": 97.97739,
      "build_success": true,
      "error": null,
      "delta": 97.97739,
      "execution_equivalent": null
    },
    {
      "name": "varext_0+declreorder_2",
      "pattern": "compose:variable_extraction+declaration_reorder",
      "description": "Extract 'pSinger->AccessScoreHistory(pPart->mPartIndex).GetOctaveOffset()' into auto _tmp0 then Reorder declarations: frameMaxPitch, frameMinPitch",
      "match_percent": 97.95247,
      "build_success": true,
      "error": null,
      "delta": 97.95247,
      "execution_equivalent": null
    },
    {
      "name": "varext_1+declreorder_2",
      "pattern": "compose:variable_extraction+declaration_reorder",
      "description": "Extract 'mVocalParts.size()' into auto _tmp1 then Reorder declarations: frameMaxPitch, frameMinPitch",
      "match_percent": 97.95247,
      "build_success": true,
      "error": null,
      "delta": 97.95247,
      "execution_equivalent": null
    },
    {
      "name": "varext_2+declreorder_2",
      "pattern": "compose:variable_extraction+declaration_reorder",
      "description": "Extract 'mVocalParts.size()' into auto _tmp2 then Reorder declarations: frameMaxPitch, frameMinPitch",
      "match_percent": 97.95247,
      "build_success": true,
      "error": null,
      "delta": 97.95247,
      "execution_equivalent": null
    },
    {
      "name": "varext_3+declreorder_2",
      "pattern": "compose:variable_extraction+declaration_reorder",
      "description": "Extract 'mSingers.size()' into auto _tmp3 then Reorder declarations: frameMaxPitch, frameMinPitch",
      "match_percent": 97.95247,
      "build_success": true,
      "error": null,
      "delta": 97.95247,
      "execution_equivalent": null
    },
    {
      "name": "varext_4+declreorder_2",
      "pattern": "compose:variable_extraction+declaration_reorder",
      "description": "Extract 'mSingers.size()' into auto _tmp4 then Reorder declarations: frameMaxPitch, frameMinPitch",
      "match_percent": 97.95247,
      "build_success": true,
      "error": null,
      "delta": 97.95247,
      "execution_equivalent": null
    },
    {
      "name": "varext_0",
      "pattern": "variable_extraction",
      "description": "Extract 'pSinger->AccessScoreHistory(pPart->mPartIndex).GetOctaveOffset()' into auto _tmp0",
      "match_percent": 97.94555,
      "build_success": true,
      "error": null,
      "delta": 97.94555,
      "execution_equivalent": null
    },
    {
      "name": "accessor_outline_0",
      "pattern": "accessor_outline",
      "description": "Outline accessor ClearSingerCandidates() via noinline wrapper (1 call sites)",
      "match_percent": 97.94555,
      "build_success": true,
      "error": null,
      "delta": 97.94555,
      "execution_equivalent": null
    },
    {
      "name": "andsplit_0",
      "pattern": "and_split",
      "description": "Split && into nested if: (fCompMS > (100.0f + fSectionBeginMs)) && (fCompMS < (100.0f + fSectionEndMs))",
      "match_percent": 97.94555,
      "build_success": true,
      "error": null,
      "delta": 97.94555,
      "execution_equivalent": null
    },
    {
      "name": "boolcast_0",
      "pattern": "bool_cast",
      "description": "Extract condition to bool local: SongSectionOnly(fSectionBeginMs, fSectio",
      "match_percent": 97.94555,
      "build_success": true,
      "error": null,
      "delta": 97.94555,
      "execution_equivalent": null
    },
    {
      "name": "boolmat_1",
      "pattern": "bool_materialize",
      "description": "Add (bool) cast to && RHS: fCompMS < (100.0f + fSectionEndMs)",
      "match_percent": 97.94555,
      "build_success": true,
      "error": null,
      "delta": 97.94555,
      "execution_equivalent": null
    },
    {
      "name": "condarith_0",
      "pattern": "condition_arithmetic",
      "description": "Condition: implicit bool -> != 0",
      "match_percent": 97.94555,
      "build_success": true,
      "error": null,
      "delta": 97.94555,
      "execution_equivalent": null
    },
    {
      "name": "fltlit_0",
      "pattern": "float_double_literal",
      "description": "Swap literal 0.0f -> 0.0",
      "match_percent": 97.94555,
      "build_success": true,
      "error": null,
      "delta": 97.94555,
      "execution_equivalent": null
    },
    {
      "name": "initlit_0",
      "pattern": "initializer_literal",
      "description": "Replace 0.0f with 0 in initializer",
      "match_percent": 97.94555,
      "build_success": true,
      "error": null,
      "delta": 97.94555,
      "execution_equivalent": null
    },
    {
      "name": "membind_0",
      "pattern": "member_ref_bind",
      "description": "Bind mTrack to local reference _ref0",
      "match_percent": 97.94555,
      "build_success": true,
      "error": null,
      "delta": 97.94555,
      "execution_equivalent": null
    },
    {
      "name": "tmpelim_0",
      "pattern": "temp_elimination",
      "description": "Eliminate temp 'bIsFreestyle' = InFreestyleSection()",
      "match_percent": 97.94555,
      "build_success": true,
      "error": null,
      "delta": 97.94555,
      "execution_equivalent": null
    },
    {
      "name": "typewidth_0",
      "pattern": "type_width_change",
      "description": "Change int singerDataSize to unsigned int",
      "match_percent": 97.94555,
      "build_success": true,
      "error": null,
      "delta": 97.94555,
      "execution_equivalent": null
    },
    {
      "name": "slot_pad_char_pad",
      "pattern": "slot_pad",
      "description": "Insert char_pad dummy (96b) at function top to shift slot allocation",
      "match_percent": 97.94555,
      "build_success": true,
      "error": null,
      "delta": 97.94555,
      "execution_equivalent": null
    },
    {
      "name": "varext_0+declreorder_6",
      "pattern": "compose:variable_extraction+declaration_reorder",
      "description": "Extract 'pSinger->AccessScoreHistory(pPart->mPartIndex).GetOctaveOffset()' into auto _tmp0 then Reorder declarations: iMaximumFreestyleDeploymentSinger, var_f24",
      "match_percent": 97.94555,
      "build_success": true,
      "error": null,
      "delta": 97.94555,
      "execution_equivalent": null
    },
    {
      "name": "varext_0+declreorder_7",
      "pattern": "compose:variable_extraction+declaration_reorder",
      "description": "Extract 'pSinger->AccessScoreHistory(pPart->mPartIndex).GetOctaveOffset()' into auto _tmp0 then Reorder declarations: var_f24, scoredPartIndices",
      "match_percent": 97.94555,
      "build_success": true,
      "error": null,
      "delta": 97.94555,
      "execution_equivalent": null
    },
    {
      "name": "varext_0+declreorder_8",
      "pattern": "compose:variable_extraction+declaration_reorder",
      "description": "Extract 'pSinger->AccessScoreHistory(pPart->mPartIndex).GetOctaveOffset()' into auto _tmp0 then Reorder declarations: var_f24, iMaximumFreestyleDeploymentSinger, scoredPartIndices",
      "match_percent": 97.94555,
      "build_success": true,
      "error": null,
      "delta": 97.94555,
      "execution_equivalent": null
    },
    {
      "name": "varext_0+declreorder_9",
      "pattern": "compose:variable_extraction+declaration_reorder",
      "description": "Extract 'pSinger->AccessScoreHistory(pPart->mPartIndex).GetOctaveOffset()' into auto _tmp0 then Reorder declarations: iMaximumFreestyleDeploymentSinger, scoredPartIndices, var_f24",
      "match_percent": 97.94555,
      "build_success": true,
      "error": null,
      "delta": 97.94555,
      "execution_equivalent": null
    },
    {
      "name": "varext_1+declreorder_6",
      "pattern": "compose:variable_extraction+declaration_reorder",
      "description": "Extract 'mVocalParts.size()' into auto _tmp1 then Reorder declarations: _tmp1, iMaximumFreestyleDeploymentSinger",
      "match_percent": 97.94555,
      "build_success": true,
      "error": null,
      "delta": 97.94555,
      "execution_equivalent": null
    },
    {
      "name": "varext_1+declreorder_7",
      "pattern": "compose:variable_extraction+declaration_reorder",
      "description": "Extract 'mVocalParts.size()' into auto _tmp1 then Reorder declarations: iMaximumFreestyleDeploymentSinger, var_f24",
      "match_percent": 97.94555,
      "build_success": true,
      "error": null,
      "delta": 97.94555,
      "execution_equivalent": null
    },
    {
      "name": "varext_1+declreorder_8",
      "pattern": "compose:variable_extraction+declaration_reorder",
      "description": "Extract 'mVocalParts.size()' into auto _tmp1 then Reorder declarations: iMaximumFreestyleDeploymentSinger, _tmp1, var_f24",
      "match_percent": 97.94555,
      "build_success": true,
      "error": null,
      "delta": 97.94555,
      "execution_equivalent": null
    },
    {
      "name": "varext_1+declreorder_9",
      "pattern": "compose:variable_extraction+declaration_reorder",
      "description": "Extract 'mVocalParts.size()' into auto _tmp1 then Reorder declarations: _tmp1, var_f24, iMaximumFreestyleDeploymentSinger",
      "match_percent": 97.94555,
      "build_success": true,
      "error": null,
      "delta": 97.94555,
      "execution_equivalent": null
    },
    {
      "name": "varext_2+declreorder_6",
      "pattern": "compose:variable_extraction+declaration_reorder",
      "description": "Extract 'mVocalParts.size()' into auto _tmp2 then Reorder declarations: iMaximumFreestyleDeploymentSinger, var_f24",
      "match_percent": 97.94555,
      "build_success": true,
      "error": null,
      "delta": 97.94555,
      "execution_equivalent": null
    },
    {
      "name": "varext_2+declreorder_7",
      "pattern": "compose:variable_extraction+declaration_reorder",
      "description": "Extract 'mVocalParts.size()' into auto _tmp2 then Reorder declarations: var_f24, scoredPartIndices",
      "match_percent": 97.94555,
      "build_success": true,
      "error": null,
      "delta": 97.94555,
      "execution_equivalent": null
    },
    {
      "name": "varext_2+declreorder_8",
      "pattern": "compose:variable_extraction+declaration_reorder",
      "description": "Extract 'mVocalParts.size()' into auto _tmp2 then Reorder declarations: var_f24, iMaximumFreestyleDeploymentSinger, scoredPartIndices",
      "match_percent": 97.94555,
      "build_success": true,
      "error": null,
      "delta": 97.94555,
      "execution_equivalent": null
    },
    {
      "name": "varext_2+declreorder_9",
      "pattern": "compose:variable_extraction+declaration_reorder",
      "description": "Extract 'mVocalParts.size()' into auto _tmp2 then Reorder declarations: iMaximumFreestyleDeploymentSinger, scoredPartIndices, var_f24",
      "match_percent": 97.94555,
      "build_success": true,
      "error": null,
      "delta": 97.94555,
      "execution_equivalent": null
    },
    {
      "name": "varext_3+declreorder_6",
      "pattern": "compose:variable_extraction+declaration_reorder",
      "description": "Extract 'mSingers.size()' into auto _tmp3 then Reorder declarations: iMaximumFreestyleDeploymentSinger, var_f24",
      "match_percent": 97.94555,
      "build_success": true,
      "error": null,
      "delta": 97.94555,
      "execution_equivalent": null
    },
    {
      "name": "varext_3+declreorder_7",
      "pattern": "compose:variable_extraction+declaration_reorder",
      "description": "Extract 'mSingers.size()' into auto _tmp3 then Reorder declarations: var_f24, scoredPartIndices",
      "match_percent": 97.94555,
      "build_success": true,
      "error": null,
      "delta": 97.94555,
      "execution_equivalent": null
    },
    {
      "name": "varext_3+declreorder_8",
      "pattern": "compose:variable_extraction+declaration_reorder",
      "description": "Extract 'mSingers.size()' into auto _tmp3 then Reorder declarations: var_f24, iMaximumFreestyleDeploymentSinger, scoredPartIndices",
      "match_percent": 97.94555,
      "build_success": true,
      "error": null,
      "delta": 97.94555,
      "execution_equivalent": null
    },
    {
      "name": "varext_3+declreorder_9",
      "pattern": "compose:variable_extraction+declaration_reorder",
      "description": "Extract 'mSingers.size()' into auto _tmp3 then Reorder declarations: iMaximumFreestyleDeploymentSinger, scoredPartIndices, var_f24",
      "match_percent": 97.94555,
      "build_success": true,
      "error": null,
      "delta": 97.94555,
      "execution_equivalent": null
    },
    {
      "name": "cmpeq_0",
      "pattern": "comparison_equivalence",
      "description": "Comparison equivalence: > 0 -> >= 1",
      "match_percent": 97.94278,
      "build_success": true,
      "error": null,
      "delta": 97.94278,
      "execution_equivalent": null
    },
    {
      "name": "cmpflip_0",
      "pattern": "comparison_flip",
      "description": "Flip comparison: fCompMS > (100.0f + fSectionBe -> (100.0f + fSectionBe < fCompMS",
      "match_percent": 97.94093,
      "build_success": true,
      "error": null,
      "delta": 97.94093,
      "execution_equivalent": null
    },
    {
      "name": "scope_narrow_0",
      "pattern": "scope_narrowing",
      "description": "Move 'bInSection' declaration into if scope",
      "match_percent": 97.91555,
      "build_success": true,
      "error": null,
      "delta": 97.91555,
      "execution_equivalent": null
    },
    {
      "name": "bool_to_uchar_0",
      "pattern": "bool_to_uchar",
      "description": "Change bool bWasInFreestyleSection to unsigned char",
      "match_percent": 97.86248,
      "build_success": true,
      "error": null,
      "delta": 97.86248,
      "execution_equivalent": null
    },
    {
      "name": "maxcond_0",
      "pattern": "max_to_conditional",
      "description": "Collapse if (frameMaxPitch < ...) to Max()",
      "match_percent": 97.85326,
      "build_success": true,
      "error": null,
      "delta": 97.85326,
      "execution_equivalent": null
    },
    {
      "name": "nullins_0",
      "pattern": "null_guard_insert",
      "description": "Add null guard: && mFrameSpewData",
      "match_percent": 97.85326,
      "build_success": true,
      "error": null,
      "delta": 97.85326,
      "execution_equivalent": null
    },
    {
      "name": "declreorder_0",
      "pattern": "declaration_reorder",
      "description": "Reorder declarations: *spewData, fCompMS",
      "match_percent": 97.844025,
      "build_success": true,
      "error": null,
      "delta": 97.844025,
      "execution_equivalent": null
    },
    {
      "name": "declmove_1",
      "pattern": "declaration_movement",
      "description": "Move 'fCompMS' down by 2",
      "match_percent": 97.844025,
      "build_success": true,
      "error": null,
      "delta": 97.844025,
      "execution_equivalent": null
    },
    {
      "name": "varext_0+declreorder_0",
      "pattern": "compose:variable_extraction+declaration_reorder",
      "description": "Extract 'pSinger->AccessScoreHistory(pPart->mPartIndex).GetOctaveOffset()' into auto _tmp0 then Reorder declarations: *spewData, fCompMS",
      "match_percent": 97.844025,
      "build_success": true,
      "error": null,
      "delta": 97.844025,
      "execution_equivalent": null
    },
    {
      "name": "varext_1+declreorder_0",
      "pattern": "compose:variable_extraction+declaration_reorder",
      "description": "Extract 'mVocalParts.size()' into auto _tmp1 then Reorder declarations: *spewData, fCompMS",
      "match_percent": 97.844025,
      "build_success": true,
      "error": null,
      "delta": 97.844025,
      "execution_equivalent": null
    },
    {
      "name": "varext_2+declreorder_0",
      "pattern": "compose:variable_extraction+declaration_reorder",
      "description": "Extract 'mVocalParts.size()' into auto _tmp2 then Reorder declarations: *spewData, fCompMS",
      "match_percent": 97.844025,
      "build_success": true,
      "error": null,
      "delta": 97.844025,
      "execution_equivalent": null
    },
    {
      "name": "varext_3+declreorder_0",
      "pattern": "compose:variable_extraction+declaration_reorder",
      "description": "Extract 'mSingers.size()' into auto _tmp3 then Reorder declarations: *spewData, fCompMS",
      "match_percent": 97.844025,
      "build_success": true,
      "error": null,
      "delta": 97.844025,
      "execution_equivalent": null
    },
    {
      "name": "varext_4+declreorder_0",
      "pattern": "compose:variable_extraction+declaration_reorder",
      "description": "Extract 'mSingers.size()' into auto _tmp4 then Reorder declarations: *spewData, fCompMS",
      "match_percent": 97.844025,
      "build_success": true,
      "error": null,
      "delta": 97.844025,
      "execution_equivalent": null
    },
    {
      "name": "nullguard_0",
      "pattern": "null_guard_elimination",
      "description": "Remove TheGame guard from || chain (parenthesized)",
      "match_percent": 97.75173,
      "build_success": true,
      "error": null,
      "delta": 97.75173,
      "execution_equivalent": null
    },
    {
      "name": "brpol_0",
      "pattern": "branch_polarity",
      "description": "Negate condition with !, swap if/else bodies",
      "match_percent": 97.661285,
      "build_success": true,
      "error": null,
      "delta": 97.661285,
      "execution_equivalent": null
    },
    {
      "name": "varext_0+declreorder_3",
      "pattern": "compose:variable_extraction+declaration_reorder",
      "description": "Extract 'pSinger->AccessScoreHistory(pPart->mPartIndex).GetOctaveOffset()' into auto _tmp0 then Reorder declarations: frameMaxPitch, bWasInFreestyleSection, frameMinPitch",
      "match_percent": 97.59945,
      "build_success": true,
      "error": null,
      "delta": 97.59945,
      "execution_equivalent": null
    },
    {
      "name": "varext_1+declreorder_3",
      "pattern": "compose:variable_extraction+declaration_reorder",
      "description": "Extract 'mVocalParts.size()' into auto _tmp1 then Reorder declarations: frameMaxPitch, bWasInFreestyleSection, frameMinPitch",
      "match_percent": 97.59945,
      "build_success": true,
      "error": null,
      "delta": 97.59945,
      "execution_equivalent": null
    },
    {
      "name": "varext_2+declreorder_3",
      "pattern": "compose:variable_extraction+declaration_reorder",
      "description": "Extract 'mVocalParts.size()' into auto _tmp2 then Reorder declarations: frameMaxPitch, bWasInFreestyleSection, frameMinPitch",
      "match_percent": 97.59945,
      "build_success": true,
      "error": null,
      "delta": 97.59945,
      "execution_equivalent": null
    },
    {
      "name": "varext_3+declreorder_3",
      "pattern": "compose:variable_extraction+declaration_reorder",
      "description": "Extract 'mSingers.size()' into auto _tmp3 then Reorder declarations: frameMaxPitch, bWasInFreestyleSection, frameMinPitch",
      "match_percent": 97.59945,
      "build_success": true,
      "error": null,
      "delta": 97.59945,
      "execution_equivalent": null
    },
    {
      "name": "varext_4+declreorder_3",
      "pattern": "compose:variable_extraction+declaration_reorder",
      "description": "Extract 'mSingers.size()' into auto _tmp4 then Reorder declarations: frameMaxPitch, bWasInFreestyleSection, frameMinPitch",
      "match_percent": 97.59945,
      "build_success": true,
      "error": null,
      "delta": 97.59945,
      "execution_equivalent": null
    },
    {
      "name": "varext_0+declreorder_1",
      "pattern": "compose:variable_extraction+declaration_reorder",
      "description": "Extract 'pSinger->AccessScoreHistory(pPart->mPartIndex).GetOctaveOffset()' into auto _tmp0 then Reorder declarations: bWasInFreestyleSection, frameMaxPitch",
      "match_percent": 97.538994,
      "build_success": true,
      "error": null,
      "delta": 97.538994,
      "execution_equivalent": null
    },
    {
      "name": "varext_1+declreorder_1",
      "pattern": "compose:variable_extraction+declaration_reorder",
      "description": "Extract 'mVocalParts.size()' into auto _tmp1 then Reorder declarations: bWasInFreestyleSection, frameMaxPitch",
      "match_percent": 97.538994,
      "build_success": true,
      "error": null,
      "delta": 97.538994,
      "execution_equivalent": null
    },
    {
      "name": "varext_2+declreorder_1",
      "pattern": "compose:variable_extraction+declaration_reorder",
      "description": "Extract 'mVocalParts.size()' into auto _tmp2 then Reorder declarations: bWasInFreestyleSection, frameMaxPitch",
      "match_percent": 97.538994,
      "build_success": true,
      "error": null,
      "delta": 97.538994,
      "execution_equivalent": null
    },
    {
      "name": "varext_3+declreorder_1",
      "pattern": "compose:variable_extraction+declaration_reorder",
      "description": "Extract 'mSingers.size()' into auto _tmp3 then Reorder declarations: bWasInFreestyleSection, frameMaxPitch",
      "match_percent": 97.538994,
      "build_success": true,
      "error": null,
      "delta": 97.538994,
      "execution_equivalent": null
    },
    {
      "name": "varext_4+declreorder_1",
      "pattern": "compose:variable_extraction+declaration_reorder",
      "description": "Extract 'mSingers.size()' into auto _tmp4 then Reorder declarations: bWasInFreestyleSection, frameMaxPitch",
      "match_percent": 97.538994,
      "build_success": true,
      "error": null,
      "delta": 97.538994,
      "execution_equivalent": null
    },
    {
      "name": "refelim_0",
      "pattern": "reference_elimination",
      "description": "Eliminate ref 'spewData' (9 uses) = mFrameSpewData",
      "match_percent": 97.51823,
      "build_success": true,
      "error": null,
      "delta": 97.51823,
      "execution_equivalent": null
    },
    {
      "name": "varext_0+declreorder_5",
      "pattern": "compose:variable_extraction+declaration_reorder",
      "description": "Extract 'pSinger->AccessScoreHistory(pPart->mPartIndex).GetOctaveOffset()' into auto _tmp0 then Reorder declarations: bWasInFreestyleSection, frameMinPitch",
      "match_percent": 97.50716,
      "build_success": true,
      "error": null,
      "delta": 97.50716,
      "execution_equivalent": null
    },
    {
      "name": "varext_1+declreorder_5",
      "pattern": "compose:variable_extraction+declaration_reorder",
      "description": "Extract 'mVocalParts.size()' into auto _tmp1 then Reorder declarations: bWasInFreestyleSection, frameMinPitch",
      "match_percent": 97.50716,
      "build_success": true,
      "error": null,
      "delta": 97.50716,
      "execution_equivalent": null
    },
    {
      "name": "varext_2+declreorder_5",
      "pattern": "compose:variable_extraction+declaration_reorder",
      "description": "Extract 'mVocalParts.size()' into auto _tmp2 then Reorder declarations: bWasInFreestyleSection, frameMinPitch",
      "match_percent": 97.50716,
      "build_success": true,
      "error": null,
      "delta": 97.50716,
      "execution_equivalent": null
    },
    {
      "name": "varext_3+declreorder_5",
      "pattern": "compose:variable_extraction+declaration_reorder",
      "description": "Extract 'mSingers.size()' into auto _tmp3 then Reorder declarations: bWasInFreestyleSection, frameMinPitch",
      "match_percent": 97.50716,
      "build_success": true,
      "error": null,
      "delta": 97.50716,
      "execution_equivalent": null
    },
    {
      "name": "varext_0+declreorder_4",
      "pattern": "compose:variable_extraction+declaration_reorder",
      "description": "Extract 'pSinger->AccessScoreHistory(pPart->mPartIndex).GetOctaveOffset()' into auto _tmp0 then Reorder declarations: bWasInFreestyleSection, frameMinPitch, frameMaxPitch",
      "match_percent": 97.497925,
      "build_success": true,
      "error": null,
      "delta": 97.497925,
      "execution_equivalent": null
    },
    {
      "name": "varext_1+declreorder_4",
      "pattern": "compose:variable_extraction+declaration_reorder",
      "description": "Extract 'mVocalParts.size()' into auto _tmp1 then Reorder declarations: bWasInFreestyleSection, frameMinPitch, frameMaxPitch",
      "match_percent": 97.497925,
      "build_success": true,
      "error": null,
      "delta": 97.497925,
      "execution_equivalent": null
    },
    {
      "name": "varext_2+declreorder_4",
      "pattern": "compose:variable_extraction+declaration_reorder",
      "description": "Extract 'mVocalParts.size()' into auto _tmp2 then Reorder declarations: bWasInFreestyleSection, frameMinPitch, frameMaxPitch",
      "match_percent": 97.497925,
      "build_success": true,
      "error": null,
      "delta": 97.497925,
      "execution_equivalent": null
    },
    {
      "name": "varext_3+declreorder_4",
      "pattern": "compose:variable_extraction+declaration_reorder",
      "description": "Extract 'mSingers.size()' into auto _tmp3 then Reorder declarations: bWasInFreestyleSection, frameMinPitch, frameMaxPitch",
      "match_percent": 97.497925,
      "build_success": true,
      "error": null,
      "delta": 97.497925,
      "execution_equivalent": null
    },
    {
      "name": "varext_4+declreorder_4",
      "pattern": "compose:variable_extraction+declaration_reorder",
      "description": "Extract 'mSingers.size()' into auto _tmp4 then Reorder declarations: bWasInFreestyleSection, frameMinPitch, frameMaxPitch",
      "match_percent": 97.497925,
      "build_success": true,
      "error": null,
      "delta": 97.497925,
      "execution_equivalent": null
    },
    {
      "name": "stmt_reorder_1",
      "pattern": "statement_reorder",
      "description": "Move last statement to first in run of 4",
      "match_percent": 97.42363,
      "build_success": true,
      "error": null,
      "delta": 97.42363,
      "execution_equivalent": null
    },
    {
      "name": "signunsign_0",
      "pattern": "signed_unsigned",
      "description": "Cast left of '>' to (int)",
      "match_percent": 97.41809,
      "build_success": true,
      "error": null,
      "delta": 97.41809,
      "execution_equivalent": null
    },
    {
      "name": "scope_widen_0_bare",
      "pattern": "scope_widening",
      "description": "Hoist 'defSinger' from if to enclosing scope",
      "match_percent": 97.206276,
      "build_success": true,
      "error": null,
      "delta": 97.206276,
      "execution_equivalent": null
    },
    {
      "name": "varinline_0",
      "pattern": "variable_inline",
      "description": "Inline 'bWasInFreestyleSection' (1 use) = InFreestyleSection()",
      "match_percent": 97.04107,
      "build_success": true,
      "error": null,
      "delta": 97.04107,
      "execution_equivalent": null
    },
    {
      "name": "ref2val_0",
      "pattern": "value_address_caching",
      "description": "ref-to-value: 'cache' -> '_val0' (drop &)",
      "match_percent": 96.430084,
      "build_success": true,
      "error": null,
      "delta": 96.430084,
      "execution_equivalent": null
    },
    {
      "name": "switchif_0",
      "pattern": "switch_if_convert",
      "description": "switch -> if/else if (5 cases)",
      "match_percent": 96.35671,
      "build_success": true,
      "error": null,
      "delta": 96.35671,
      "execution_equivalent": null
    },
    {
      "name": "foreach_dowhile_0",
      "pattern": "foreach_to_dowhile",
      "description": "Convert FOREACH(it, mVocalParts) to do-while with pre-guard",
      "match_percent": 0.0,
      "build_success": false,
      "error": "### mwcceppc.exe Compiler:\n#    File: src\\band3\\game\\.permuter_work_2_VocalPlayer.cpp\n# --------------------------------------------------------\n#     442:         auto it = mVocalParts.begin(); \n# Warning:              ^^\n#   (10349) implicit 'int' is no longer supported in C++\n### mwcceppc.exe Compiler:\n#     442:         auto it = mVocalParts.begin(); \n#   Error:                                      ^\n#   (10209) illegal implicit conversion from 'VocalPart **' to\n#   'int'\n#   Too many errors printed, aborting program\n\nUser break, cancelled...\n",
      "delta": 0.0,
      "execution_equivalent": null
    },
    {
      "name": "argswap_0",
      "pattern": "argument_swap",
      "description": "Swap arguments: (ms, pos) -> (pos, ms)",
      "match_percent": 0.0,
      "build_success": false,
      "error": "### mwcceppc.exe Compiler:\n#    File: src\\band3\\game\\.permuter_work_7_VocalPlayer.cpp\n# --------------------------------------------------------\n#     370:         Player::Poll(pos, ms); \n#   Error:                             ^\n#   (10248) function call '[VocalPlayer].Poll({lval} const SongPos, {lval} float)' does not match\n#   'Player::Poll(float, const SongPos &)' (non-static)\n#   Too many errors printed, aborting program\n\nUser break, cancelled...\n",
      "delta": 0.0,
      "execution_equivalent": null
    },
    {
      "name": "bitacc_0",
      "pattern": "bitwise_accumulator",
      "description": "Replace && with & (bitwise accumulator)",
      "match_percent": 0.0,
      "build_success": false,
      "error": "### mwcceppc.exe Compiler:\n#    File: src\\band3\\game\\.permuter_work_8_VocalPlayer.cpp\n# --------------------------------------------------------\n#     369:     if (!mTrack || (TheGame & TheGame->mIsPaused)) { \n#   Error:                                                 ^\n#   (10377) illegal operands 'Game *' & 'bool'\n#   Too many errors printed, aborting program\n\nUser break, cancelled...\n",
      "delta": 0.0,
      "execution_equivalent": null
    },
    {
      "name": "const_0",
      "pattern": "const_overload",
      "description": "Add const to 'VocalScoreCache' declaration",
      "match_percent": 0.0,
      "build_success": false,
      "error": "### mwcceppc.exe Compiler:\n#    File: src\\band3\\game\\.permuter_work_15_VocalPlayer.cpp\n# ---------------------------------------------------------\n#     528:                 ); \n#   Error:                 ^\n#   (10248) function call '[VocalPart].ScoreSinger({lval} float, {lval} float, {lval} float, float, {lval} int, {lval} TalkyMatcher *, {lval} const VocalScoreCache, {lval} int, {lval} float)' does not match\n#   'VocalPart::ScoreSinger(float, float, float, float, int, TalkyMatcher *, VocalScoreCache &, int &, float &)' (non-static)\n#   Too many errors printed, aborting program\n\nUser break, cancelled...\n",
      "delta": 0.0,
      "execution_equivalent": null
    },
    {
      "name": "hoist_0",
      "pattern": "hoist_sret",
      "description": "Hoist 'VocalPart pPartA' declaration before loop",
      "match_percent": 0.0,
      "build_success": false,
      "error": "### mwcceppc.exe Compiler:\n#    File: src\\band3\\game\\.permuter_work_18_VocalPlayer.cpp\n# ---------------------------------------------------------\n#     545:         VocalPart pPartA; \n#   Error:                         ^\n#   (10248) function call '[VocalPart].VocalPart()' does not match\n#   'VocalPart::VocalPart(VocalPlayer *, int)'\n#   'VocalPart::VocalPart(const VocalPart &)'\n#   Too many errors printed, aborting program\n\nUser break, cancelled...\n",
      "delta": 0.0,
      "execution_equivalent": null
    },
    {
      "name": "symcmp_0",
      "pattern": "symbol_str_compare",
      "description": "Symbol compare: dimState.Str()",
      "match_percent": 0.0,
      "build_success": false,
      "error": "### mwcceppc.exe Compiler:\n#    File: src\\band3\\game\\.permuter_work_27_VocalPlayer.cpp\n# ---------------------------------------------------------\n#     447:         bSomePitched = bSomePitched | (dimState.Str() == 0); \n#   Error:                                                 ^^^\n#   (10141) expression syntax error\n#   Too many errors printed, aborting program\n\nUser break, cancelled...\n",
      "delta": 0.0,
      "execution_equivalent": null
    }
  ]
}
Applied: fabs_0 (Swap fabsf() -> fabs())
New match: 97.98% (was 0.00%)
--- a/src/band3/game/VocalPlayer.cpp
+++ b/src/band3/game/VocalPlayer.cpp
@@ -526,7 +526,7 @@
                     iRating,
                     fDev
                 );
-                if (1000.0f != fDev && fabsf(fDev) < fabsf(var_f22)) {
+                if (1000.0f != fDev && fabs(fDev) < fabsf(var_f22)) {
                     var_f22 = fDev;
                 }
 


