  Ghidra: unavailable (no such table: decompilations)
Beam seed: baseline 98.04%

=== Beam depth 1/4 (beam size: 1) ===
  Expanding state 1/1 (score=98.04%, gen=0, patterns=0)
  BSF mode: unavailable (tools.compiler_trace not found)
  BSF mode: unavailable (tools.compiler_trace not found)
  BSF mode: unavailable (tools.compiler_trace not found)
  BSF mode: unavailable (tools.compiler_trace not found)
Chain [declaration_movement+declaration_reorder]: 10 variants (historical: declaration_movement+declaration_reorder won before (conf=0.01))
Source dedup: 2 duplicate variants skipped
    Generated 32 proposals
  Scoring 32 candidates (4 workers)...
  cache: 7/33 hits (source=0, obj=0, persistent=7, builds=26, stale=8)
  Depth 1: 29 viable, 3 build failures, 0 improved over baseline
  Survivors:
    [1] 98.04% gen=1 stag=1 v=BLD patterns=variable_extraction
    [2] 98.04% gen=1 stag=1 v=BLD patterns=initializer_literal
    [3] 98.04% gen=1 stag=1 v=BLD patterns=member_ref_bind
    [4] 98.04% gen=1 stag=1 v=BLD patterns=temp_elimination
    [5] 98.04% gen=1 stag=1 v=BLD patterns=and_split
    [6] 98.04% gen=1 stag=1 v=BLD patterns=slot_pad
    [7] 98.04% gen=1 stag=1 v=BLD patterns=comparison_flip
    [8] 98.04% gen=1 stag=1 v=BLD patterns=compose:declaration_movement+declaration_reorder
    [9] 98.04% gen=1 stag=1 v=BLD patterns=chain:declaration_movement+declaration_reorder
    [10] 98.04% gen=1 stag=1 v=BLD patterns=declaration_movement
    [11] 98.04% gen=1 stag=1 v=BLD patterns=compose:and_split+statement_reorder
    [12] 98.04% gen=1 stag=1 v=BLD patterns=chain:declaration_movement+declaration_reorder

=== Beam depth 2/4 (beam size: 12) ===
  Expanding state 1/12 (score=98.04%, gen=1, patterns=1)
  BSF mode: unavailable (tools.compiler_trace not found)
  BSF mode: unavailable (tools.compiler_trace not found)
  BSF mode: unavailable (tools.compiler_trace not found)
Chain [variable_extraction+declaration_reorder]: 7 variants (follow-up: variable_extraction won last round)
Chain [variable_extraction+inline_assignment]: 2 variants (follow-up: variable_extraction won last round)
  BSF mode: unavailable (tools.compiler_trace not found)
  BSF mode: unavailable (tools.compiler_trace not found)
  BSF mode: unavailable (tools.compiler_trace not found)
  BSF mode: unavailable (tools.compiler_trace not found)
  BSF mode: unavailable (tools.compiler_trace not found)
  BSF mode: unavailable (tools.compiler_trace not found)
  BSF mode: unavailable (tools.compiler_trace not found)
  BSF mode: unavailable (tools.compiler_trace not found)
  BSF mode: unavailable (tools.compiler_trace not found)
  BSF mode: unavailable (tools.compiler_trace not found)
  BSF mode: unavailable (tools.compiler_trace not found)
  BSF mode: unavailable (tools.compiler_trace not found)
  BSF mode: unavailable (tools.compiler_trace not found)
  BSF mode: unavailable (tools.compiler_trace not found)
  BSF mode: unavailable (tools.compiler_trace not found)
  BSF mode: unavailable (tools.compiler_trace not found)
Chain [variable_extraction+declaration_reorder+declaration_movement]: 1 variants (follow-up: variable_extraction won last round)
Source dedup: 7 duplicate variants skipped
    Generated 32 proposals
  Expanding state 2/12 (score=98.04%, gen=1, patterns=1)
  BSF mode: unavailable (tools.compiler_trace not found)
  BSF mode: unavailable (tools.compiler_trace not found)
  BSF mode: unavailable (tools.compiler_trace not found)
  BSF mode: unavailable (tools.compiler_trace not found)
Chain [initializer_literal+declaration_reorder]: 10 variants (follow-up: initializer_literal won last round)
Source dedup: 1 duplicate variants skipped
    Generated 32 proposals
  Expanding state 3/12 (score=98.04%, gen=1, patterns=1)
  BSF mode: unavailable (tools.compiler_trace not found)
  BSF mode: unavailable (tools.compiler_trace not found)
  BSF mode: unavailable (tools.compiler_trace not found)
  BSF mode: unavailable (tools.compiler_trace not found)
Chain [member_ref_bind+declaration_reorder]: 4 variants (follow-up: member_ref_bind won last round)
  BSF mode: unavailable (tools.compiler_trace not found)
  BSF mode: unavailable (tools.compiler_trace not found)
  BSF mode: unavailable (tools.compiler_trace not found)
  BSF mode: unavailable (tools.compiler_trace not found)
  BSF mode: unavailable (tools.compiler_trace not found)
Chain [member_ref_bind+declaration_reorder+variable_extraction]: 6 variants (follow-up: member_ref_bind won last round)
Source dedup: 7 duplicate variants skipped
    Generated 32 proposals
  Expanding state 4/12 (score=98.04%, gen=1, patterns=1)
  BSF mode: unavailable (tools.compiler_trace not found)
  BSF mode: unavailable (tools.compiler_trace not found)
  BSF mode: unavailable (tools.compiler_trace not found)
  BSF mode: unavailable (tools.compiler_trace not found)
Chain [temp_elimination+declaration_reorder]: 4 variants (follow-up: temp_elimination won last round)
Chain [temp_elimination+variable_extraction]: 6 variants (follow-up: temp_elimination won last round)
Source dedup: 7 duplicate variants skipped
    Generated 32 proposals
  Expanding state 5/12 (score=98.04%, gen=1, patterns=1)
  BSF mode: unavailable (tools.compiler_trace not found)
  BSF mode: unavailable (tools.compiler_trace not found)
  BSF mode: unavailable (tools.compiler_trace not found)
Chain [and_split+declaration_reorder]: 7 variants (follow-up: and_split won last round)
  BSF mode: unavailable (tools.compiler_trace not found)
  BSF mode: unavailable (tools.compiler_trace not found)
  BSF mode: unavailable (tools.compiler_trace not found)
  BSF mode: unavailable (tools.compiler_trace not found)
  BSF mode: unavailable (tools.compiler_trace not found)
  BSF mode: unavailable (tools.compiler_trace not found)
  BSF mode: unavailable (tools.compiler_trace not found)
  BSF mode: unavailable (tools.compiler_trace not found)
Chain [and_split+declaration_reorder+variable_extraction]: 3 variants (follow-up: and_split won last round)
Source dedup: 7 duplicate variants skipped
    Generated 32 proposals
  Expanding state 6/12 (score=98.04%, gen=1, patterns=1)
  BSF mode: unavailable (tools.compiler_trace not found)
  BSF mode: unavailable (tools.compiler_trace not found)
  BSF mode: unavailable (tools.compiler_trace not found)
  BSF mode: unavailable (tools.compiler_trace not found)
Chain [slot_pad+declaration_reorder]: 4 variants (follow-up: slot_pad won last round)
Chain [slot_pad+scope_widening]: 4 variants (follow-up: slot_pad won last round)
  BSF mode: unavailable (tools.compiler_trace not found)
  BSF mode: unavailable (tools.compiler_trace not found)
Chain [slot_pad+declaration_reorder+variable_extraction]: 2 variants (follow-up: slot_pad won last round)
Source dedup: 9 duplicate variants skipped
    Generated 32 proposals
  Expanding state 7/12 (score=98.04%, gen=1, patterns=1)
  BSF mode: unavailable (tools.compiler_trace not found)
  BSF mode: unavailable (tools.compiler_trace not found)
  BSF mode: unavailable (tools.compiler_trace not found)
  BSF mode: unavailable (tools.compiler_trace not found)
Chain [declaration_movement+declaration_reorder]: 10 variants (historical: declaration_movement+declaration_reorder won before (conf=0.01))
Source dedup: 2 duplicate variants skipped
    Generated 32 proposals
  Expanding state 8/12 (score=98.04%, gen=1, patterns=1)
  BSF mode: unavailable (tools.compiler_trace not found)
  BSF mode: unavailable (tools.compiler_trace not found)
  BSF mode: unavailable (tools.compiler_trace not found)
  BSF mode: unavailable (tools.compiler_trace not found)
Chain [declaration_movement+declaration_reorder]: 10 variants (follow-up: declaration_movement won last round)
Source dedup: 4 duplicate variants skipped
    Generated 32 proposals
  Expanding state 9/12 (score=98.04%, gen=1, patterns=1)
  BSF mode: unavailable (tools.compiler_trace not found)
  BSF mode: unavailable (tools.compiler_trace not found)
  BSF mode: unavailable (tools.compiler_trace not found)
  BSF mode: unavailable (tools.compiler_trace not found)
Chain [declaration_movement+declaration_reorder]: 9 variants (follow-up: declaration_movement won last round)
Chain [declaration_movement+variable_extraction]: 1 variants (follow-up: declaration_movement won last round)
Source dedup: 2 duplicate variants skipped
    Generated 32 proposals
  Expanding state 10/12 (score=98.04%, gen=1, patterns=1)
  BSF mode: unavailable (tools.compiler_trace not found)
  BSF mode: unavailable (tools.compiler_trace not found)
  BSF mode: unavailable (tools.compiler_trace not found)
  BSF mode: unavailable (tools.compiler_trace not found)
Chain [declaration_movement+declaration_reorder]: 10 variants (follow-up: declaration_movement won last round)
Source dedup: 3 duplicate variants skipped
    Generated 32 proposals
  Expanding state 11/12 (score=98.04%, gen=1, patterns=1)
  BSF mode: unavailable (tools.compiler_trace not found)
  BSF mode: unavailable (tools.compiler_trace not found)
  BSF mode: unavailable (tools.compiler_trace not found)
Chain [and_split+declaration_reorder]: 7 variants (follow-up: and_split won last round)
Chain [and_split+assignment_reorder]: 2 variants (follow-up: and_split won last round)
  BSF mode: unavailable (tools.compiler_trace not found)
  BSF mode: unavailable (tools.compiler_trace not found)
  BSF mode: unavailable (tools.compiler_trace not found)
  BSF mode: unavailable (tools.compiler_trace not found)
  BSF mode: unavailable (tools.compiler_trace not found)
  BSF mode: unavailable (tools.compiler_trace not found)
  BSF mode: unavailable (tools.compiler_trace not found)
  BSF mode: unavailable (tools.compiler_trace not found)
Chain [and_split+declaration_reorder+variable_extraction]: 1 variants (follow-up: and_split won last round)
Source dedup: 8 duplicate variants skipped
    Generated 32 proposals
  Expanding state 12/12 (score=98.04%, gen=1, patterns=1)
  BSF mode: unavailable (tools.compiler_trace not found)
  BSF mode: unavailable (tools.compiler_trace not found)
  BSF mode: unavailable (tools.compiler_trace not found)
  BSF mode: unavailable (tools.compiler_trace not found)
Chain [declaration_movement+declaration_reorder]: 10 variants (follow-up: declaration_movement won last round)
Source dedup: 4 duplicate variants skipped
    Generated 32 proposals
  Scoring 384 candidates (4 workers)...
  cache: 20/385 hits (source=6, obj=0, persistent=14, builds=365, stale=4)
  Depth 2: 315 viable, 69 build failures, 9 improved over baseline
  Reserve: swapped 3 reserve state(s) into stagnating slots
  Survivors:
    [1] 98.04% gen=2 stag=0 v=SEM patterns=variable_extraction+compose:variable_extraction+statement_reorder
    [2] 98.04% gen=2 stag=0 v=SEM patterns=initializer_literal+compose:initializer_literal+declaration_reorder
    [3] 98.04% gen=2 stag=0 v=SEM patterns=initializer_literal+chain:initializer_literal+declaration_reorder
    [4] 98.04% gen=2 stag=0 v=SEM patterns=compose:declaration_movement+declaration_reorder+compose:declaration_movement+variable_extraction
    [5] 98.04% gen=2 stag=0 v=SEM patterns=chain:declaration_movement+declaration_reorder+compose:declaration_movement+declaration_reorder
    [6] 98.04% gen=2 stag=0 v=SEM patterns=declaration_movement+chain:declaration_movement+declaration_reorder
    [7] 98.04% gen=2 stag=0 v=BLD patterns=variable_extraction+and_split
    [8] 98.04% gen=2 stag=0 v=BLD patterns=variable_extraction+chain:variable_extraction+declaration_reorder
    [9] 98.04% gen=2 stag=0 v=BLD patterns=variable_extraction+chain:variable_extraction+declaration_reorder
    [10] 98.04% gen=2 stag=2 v=BLD patterns=variable_extraction+member_ref_bind
    [11] 98.04% gen=2 stag=2 v=BLD patterns=variable_extraction+temp_elimination
    [12] 98.04% gen=2 stag=2 v=BLD patterns=variable_extraction+slot_pad

=== Beam depth 3/4 (beam size: 12) ===
  Expanding state 1/12 (score=98.04%, gen=2, patterns=2)
  BSF mode: unavailable (tools.compiler_trace not found)
  BSF mode: unavailable (tools.compiler_trace not found)
  BSF mode: unavailable (tools.compiler_trace not found)
  BSF mode: unavailable (tools.compiler_trace not found)
Chain [variable_extraction+declaration_reorder]: 9 variants (follow-up: variable_extraction won last round)
  BSF mode: unavailable (tools.compiler_trace not found)
  BSF mode: unavailable (tools.compiler_trace not found)
  BSF mode: unavailable (tools.compiler_trace not found)
  BSF mode: unavailable (tools.compiler_trace not found)
  BSF mode: unavailable (tools.compiler_trace not found)
  BSF mode: unavailable (tools.compiler_trace not found)
  BSF mode: unavailable (tools.compiler_trace not found)
  BSF mode: unavailable (tools.compiler_trace not found)
  BSF mode: unavailable (tools.compiler_trace not found)
  BSF mode: unavailable (tools.compiler_trace not found)
  BSF mode: unavailable (tools.compiler_trace not found)
  BSF mode: unavailable (tools.compiler_trace not found)
  BSF mode: unavailable (tools.compiler_trace not found)
  BSF mode: unavailable (tools.compiler_trace not found)
  BSF mode: unavailable (tools.compiler_trace not found)
  BSF mode: unavailable (tools.compiler_trace not found)
Chain [variable_extraction+declaration_reorder+declaration_movement]: 1 variants (follow-up: variable_extraction won last round)
Source dedup: 7 duplicate variants skipped
    Generated 32 proposals
  Expanding state 2/12 (score=98.04%, gen=2, patterns=2)
  BSF mode: unavailable (tools.compiler_trace not found)
  BSF mode: unavailable (tools.compiler_trace not found)
  BSF mode: unavailable (tools.compiler_trace not found)
  BSF mode: unavailable (tools.compiler_trace not found)
Chain [initializer_literal+declaration_reorder]: 10 variants (follow-up: initializer_literal won last round)
Source dedup: 1 duplicate variants skipped
    Generated 32 proposals
  Expanding state 3/12 (score=98.04%, gen=2, patterns=2)
  BSF mode: unavailable (tools.compiler_trace not found)
  BSF mode: unavailable (tools.compiler_trace not found)
  BSF mode: unavailable (tools.compiler_trace not found)
  BSF mode: unavailable (tools.compiler_trace not found)
Chain [initializer_literal+declaration_reorder]: 4 variants (follow-up: initializer_literal won last round)
Chain [initializer_literal+prologue_pressure]: 5 variants (follow-up: initializer_literal won last round)
Chain [initializer_literal+variable_extraction]: 1 variants (follow-up: initializer_literal won last round)
Source dedup: 8 duplicate variants skipped
    Generated 32 proposals
  Expanding state 4/12 (score=98.04%, gen=2, patterns=2)
  BSF mode: unavailable (tools.compiler_trace not found)
  BSF mode: unavailable (tools.compiler_trace not found)
Chain [declaration_movement+inline_assignment]: 6 variants (follow-up: declaration_movement won last round)
  BSF mode: unavailable (tools.compiler_trace not found)
Chain [declaration_movement+declaration_reorder]: 4 variants (follow-up: declaration_movement won last round)
Source dedup: 5 duplicate variants skipped
    Generated 32 proposals
  Expanding state 5/12 (score=98.04%, gen=2, patterns=2)
  BSF mode: unavailable (tools.compiler_trace not found)
  BSF mode: unavailable (tools.compiler_trace not found)
  BSF mode: unavailable (tools.compiler_trace not found)
  BSF mode: unavailable (tools.compiler_trace not found)
Chain [declaration_movement+declaration_reorder]: 10 variants (follow-up: declaration_movement won last round)
Source dedup: 4 duplicate variants skipped
    Generated 32 proposals
  Expanding state 6/12 (score=98.04%, gen=2, patterns=2)
  BSF mode: unavailable (tools.compiler_trace not found)
  BSF mode: unavailable (tools.compiler_trace not found)
  BSF mode: unavailable (tools.compiler_trace not found)
  BSF mode: unavailable (tools.compiler_trace not found)
Chain [declaration_movement+declaration_reorder]: 9 variants (follow-up: declaration_movement won last round)
Chain [declaration_movement+variable_extraction]: 1 variants (follow-up: declaration_movement won last round)
Source dedup: 2 duplicate variants skipped
    Generated 32 proposals
  Expanding state 7/12 (score=98.04%, gen=2, patterns=2)
  BSF mode: unavailable (tools.compiler_trace not found)
  BSF mode: unavailable (tools.compiler_trace not found)
  BSF mode: unavailable (tools.compiler_trace not found)
Chain [and_split+declaration_reorder]: 7 variants (follow-up: and_split won last round)
Chain [and_split+inline_assignment]: 2 variants (follow-up: and_split won last round)
  BSF mode: unavailable (tools.compiler_trace not found)
  BSF mode: unavailable (tools.compiler_trace not found)
  BSF mode: unavailable (tools.compiler_trace not found)
  BSF mode: unavailable (tools.compiler_trace not found)
  BSF mode: unavailable (tools.compiler_trace not found)
  BSF mode: unavailable (tools.compiler_trace not found)
  BSF mode: unavailable (tools.compiler_trace not found)
  BSF mode: unavailable (tools.compiler_trace not found)
Chain [and_split+declaration_reorder+variable_extraction]: 1 variants (follow-up: and_split won last round)
Source dedup: 6 duplicate variants skipped
    Generated 32 proposals
  Expanding state 8/12 (score=98.04%, gen=2, patterns=2)
  BSF mode: unavailable (tools.compiler_trace not found)
Chain [variable_extraction+inline_assignment]: 7 variants (follow-up: variable_extraction won last round)
  BSF mode: unavailable (tools.compiler_trace not found)
Chain [variable_extraction+declaration_movement]: 2 variants (follow-up: variable_extraction won last round)
  BSF mode: unavailable (tools.compiler_trace not found)
  BSF mode: unavailable (tools.compiler_trace not found)
  BSF mode: unavailable (tools.compiler_trace not found)
Chain [declaration_reorder+declaration_movement]: 1 variants (follow-up: declaration_reorder won last round)
Source dedup: 12 duplicate variants skipped
    Generated 32 proposals
  Expanding state 9/12 (score=98.04%, gen=2, patterns=2)
  BSF mode: unavailable (tools.compiler_trace not found)
Chain [variable_extraction+inline_assignment]: 7 variants (follow-up: variable_extraction won last round)
  BSF mode: unavailable (tools.compiler_trace not found)
Chain [variable_extraction+declaration_movement]: 2 variants (follow-up: variable_extraction won last round)
  BSF mode: unavailable (tools.compiler_trace not found)
  BSF mode: unavailable (tools.compiler_trace not found)
  BSF mode: unavailable (tools.compiler_trace not found)
Chain [declaration_reorder+declaration_movement]: 1 variants (follow-up: declaration_reorder won last round)
Source dedup: 12 duplicate variants skipped
    Generated 32 proposals
  Expanding state 10/12 (score=98.04%, gen=2, patterns=2)
  BSF mode: unavailable (tools.compiler_trace not found)
  BSF mode: unavailable (tools.compiler_trace not found)
  BSF mode: unavailable (tools.compiler_trace not found)
  BSF mode: unavailable (tools.compiler_trace not found)
Chain [member_ref_bind+declaration_reorder]: 4 variants (follow-up: member_ref_bind won last round)
Chain [member_ref_bind+inline_assignment]: 4 variants (follow-up: member_ref_bind won last round)
Chain [member_ref_bind+statement_reorder]: 1 variants (follow-up: member_ref_bind won last round)
  BSF mode: unavailable (tools.compiler_trace not found)
  BSF mode: unavailable (tools.compiler_trace not found)
  BSF mode: unavailable (tools.compiler_trace not found)
  BSF mode: unavailable (tools.compiler_trace not found)
  BSF mode: unavailable (tools.compiler_trace not found)
Chain [member_ref_bind+declaration_reorder+variable_extraction]: 1 variants (follow-up: member_ref_bind won last round)
Source dedup: 9 duplicate variants skipped
    Generated 32 proposals
  Expanding state 11/12 (score=98.04%, gen=2, patterns=2)
  BSF mode: unavailable (tools.compiler_trace not found)
  BSF mode: unavailable (tools.compiler_trace not found)
  BSF mode: unavailable (tools.compiler_trace not found)
  BSF mode: unavailable (tools.compiler_trace not found)
Chain [temp_elimination+declaration_reorder]: 4 variants (follow-up: temp_elimination won last round)
Chain [temp_elimination+inline_assignment]: 5 variants (follow-up: temp_elimination won last round)
Chain [temp_elimination+variable_extraction]: 1 variants (follow-up: temp_elimination won last round)
Source dedup: 8 duplicate variants skipped
    Generated 32 proposals
  Expanding state 12/12 (score=98.04%, gen=2, patterns=2)
  BSF mode: unavailable (tools.compiler_trace not found)
  BSF mode: unavailable (tools.compiler_trace not found)
  BSF mode: unavailable (tools.compiler_trace not found)
  BSF mode: unavailable (tools.compiler_trace not found)
Chain [slot_pad+declaration_reorder]: 4 variants (follow-up: slot_pad won last round)
Chain [slot_pad+inline_assignment]: 1 variants (follow-up: slot_pad won last round)
Chain [slot_pad+scope_widening]: 3 variants (follow-up: slot_pad won last round)
Chain [slot_pad+statement_reorder]: 1 variants (follow-up: slot_pad won last round)
  BSF mode: unavailable (tools.compiler_trace not found)
  BSF mode: unavailable (tools.compiler_trace not found)
Chain [slot_pad+declaration_reorder+variable_extraction]: 1 variants (follow-up: slot_pad won last round)
Source dedup: 11 duplicate variants skipped
    Generated 32 proposals
  Scoring 384 candidates (4 workers)...

Interrupt received — finishing current operation and restoring source...
