[FOREARM_CAPTURE] member='player3' subtreeArm=20 captured=8
[FOREARM_SCAN] member='player3' mesh='clearcoat_resource.mesh' bone='bone_R-hand.mesh' bound=0x55f24c256760 capturedOwn=0x55f24c256760 distinct=0 boundDirClass=SHARED_ROOT ownDirClass=SHARED_ROOT boundW=(14.9,0.1,41.2) ownW=(14.9,0.1,41.2)
[FOREARM_SCAN] member='player3' mesh='clearcoat_resource.mesh' bone='bone_R-foreArm.mesh' bound=0x55f24c255d40 capturedOwn=0x55f24c255d40 distinct=0 boundDirClass=SHARED_ROOT ownDirClass=SHARED_ROOT boundW=(10.4,-2.1,49.1) ownW=(10.4,-2.1,49.1)
[FOREARM_SCAN] member='player3' mesh='clearcoat_resource.1.mesh' bone='bone_R-hand.mesh' bound=0x55f24c256760 capturedOwn=0x55f24c256760 distinct=0 boundDirClass=SHARED_ROOT ownDirClass=SHARED_ROOT boundW=(14.9,0.1,41.2) ownW=(14.9,0.1,41.2)
[FOREARM_SCAN] member='player3' mesh='clearcoat_resource.1.mesh' bone='bone_R-foreArm.mesh' bound=0x55f24c255d40 capturedOwn=0x55f24c255d40 distinct=0 boundDirClass=SHARED_ROOT ownDirClass=SHARED_ROOT boundW=(10.4,-2.1,49.1) ownW=(10.4,-2.1,49.1)
[FOREARM_SCAN] member='player3' mesh='gloves_resource.mesh' bone='bone_R-foreArm.mesh' bound=0x55f24c255d40 capturedOwn=0x55f24c255d40 distinct=0 boundDirClass=SHARED_ROOT ownDirClass=SHARED_ROOT boundW=(10.4,-2.1,49.1) ownW=(10.4,-2.1,49.1)
[FOREARM_SCAN] member='player3' mesh='gloves_resource.mesh' bone='bone_R-hand.mesh' bound=0x55f24c256760 capturedOwn=0x55f24c256760 distinct=0 boundDirClass=SHARED_ROOT ownDirClass=SHARED_ROOT boundW=(14.9,0.1,41.2) ownW=(14.9,0.1,41.2)
[FOREARM_SCAN] member='player3' mesh='clearcoat_resource.mesh' bone='bone_R-hand.mesh' bound=0x55f24c256760 capturedOwn=0x55f24c256760 distinct=0 boundDirClass=SHARED_ROOT ownDirClass=SHARED_ROOT boundW=(4.5,187.5,40.6) ownW=(4.5,187.5,40.6)
[FOREARM_SCAN] member='player3' mesh='clearcoat_resource.mesh' bone='bone_R-foreArm.mesh' bound=0x55f24c255d40 capturedOwn=0x55f24c255d40 distinct=0 boundDirClass=SHARED_ROOT ownDirClass=SHARED_ROOT boundW=(7.4,182.3,47.9) ownW=(7.4,182.3,47.9)
[FOREARM_SCAN] member='player3' mesh='clearcoat_resource.1.mesh' bone='bone_R-hand.mesh' bound=0x55f24c256760 capturedOwn=0x55f24c256760 distinct=0 boundDirClass=SHARED_ROOT ownDirClass=SHARED_ROOT boundW=(4.5,187.5,40.6) ownW=(4.5,187.5,40.6)
[FOREARM_SCAN] member='player3' mesh='clearcoat_resource.1.mesh' bone='bone_R-foreArm.mesh' bound=0x55f24c255d40 capturedOwn=0x55f24c255d40 distinct=0 boundDirClass=SHARED_ROOT ownDirClass=SHARED_ROOT boundW=(7.4,182.3,47.9) ownW=(7.4,182.3,47.9)
[FOREARM_SCAN] member='player3' mesh='gloves_resource.mesh' bone='bone_R-foreArm.mesh' bound=0x55f24c255d40 capturedOwn=0x55f24c255d40 distinct=0 boundDirClass=SHARED_ROOT ownDirClass=SHARED_ROOT boundW=(7.4,182.3,47.9) ownW=(7.4,182.3,47.9)
[FOREARM_SCAN] member='player3' mesh='gloves_resource.mesh' bone='bone_R-hand.mesh' bound=0x55f24c256760 capturedOwn=0x55f24c256760 distinct=0 boundDirClass=SHARED_ROOT ownDirClass=SHARED_ROOT boundW=(4.5,187.5,40.6) ownW=(4.5,187.5,40.6)
[FOREARM_SCAN] member='player3' mesh='clearcoat_resource.mesh' bone='bone_R-hand.mesh' bound=0x55f24c256760 capturedOwn=0x55f24c256760 distinct=0 boundDirClass=SHARED_ROOT ownDirClass=SHARED_ROOT boundW=(9.4,176.3,40.5) ownW=(9.4,176.3,40.5)
[FOREARM_SCAN] member='player3' mesh='clearcoat_resource.mesh' bone='bone_R-foreArm.mesh' bound=0x55f24c255d40 capturedOwn=0x55f24c255d40 distinct=0 boundDirClass=SHARED_ROOT ownDirClass=SHARED_ROOT boundW=(10.8,171.7,48.5) ownW=(10.8,171.7,48.5)
[FOREARM_SCAN] member='player3' mesh='clearcoat_resource.1.mesh' bone='bone_R-hand.mesh' bound=0x55f24c256760 capturedOwn=0x55f24c256760 distinct=0 boundDirClass=SHARED_ROOT ownDirClass=SHARED_ROOT boundW=(9.4,176.3,40.5) ownW=(9.4,176.3,40.5)
[FOREARM_SCAN] member='player3' mesh='clearcoat_resource.1.mesh' bone='bone_R-foreArm.mesh' bound=0x55f24c255d40 capturedOwn=0x55f24c255d40 distinct=0 boundDirClass=SHARED_ROOT ownDirClass=SHARED_ROOT boundW=(10.8,171.7,48.5) ownW=(10.8,171.7,48.5)
[FOREARM_SCAN] member='player3' mesh='gloves_resource.mesh' bone='bone_R-foreArm.mesh' bound=0x55f24c255d40 capturedOwn=0x55f24c255d40 distinct=0 boundDirClass=SHARED_ROOT ownDirClass=SHARED_ROOT boundW=(10.8,171.7,48.5) ownW=(10.8,171.7,48.5)
[FOREARM_SCAN] member='player3' mesh='gloves_resource.mesh' bone='bone_R-hand.mesh' bound=0x55f24c256760 capturedOwn=0x55f24c256760 distinct=0 boundDirClass=SHARED_ROOT ownDirClass=SHARED_ROOT boundW=(9.4,176.3,40.5) ownW=(9.4,176.3,40.5)
[FOREARM_SCAN] member='player3' mesh='clearcoat_resource.mesh' bone='bone_R-hand.mesh' bound=0x55f24c256760 capturedOwn=0x55f24c256760 distinct=0 boundDirClass=SHARED_ROOT ownDirClass=SHARED_ROOT boundW=(2.0,-57.5,20.3) ownW=(2.0,-57.5,20.3)
[FOREARM_SCAN] member='player3' mesh='clearcoat_resource.mesh' bone='bone_R-foreArm.mesh' bound=0x55f24c255d40 capturedOwn=0x55f24c255d40 distinct=0 boundDirClass=SHARED_ROOT ownDirClass=SHARED_ROOT boundW=(2.1,-50.0,26.1) ownW=(2.1,-50.0,26.1)
[FOREARM_SCAN] member='player3' mesh='clearcoat_resource.1.mesh' bone='bone_R-hand.mesh' bound=0x55f24c256760 capturedOwn=0x55f24c256760 distinct=0 boundDirClass=SHARED_ROOT ownDirClass=SHARED_ROOT boundW=(2.0,-57.5,20.3) ownW=(2.0,-57.5,20.3)
[FOREARM_SCAN] member='player3' mesh='clearcoat_resource.1.mesh' bone='bone_R-foreArm.mesh' bound=0x55f24c255d40 capturedOwn=0x55f24c255d40 distinct=0 boundDirClass=SHARED_ROOT ownDirClass=SHARED_ROOT boundW=(2.1,-50.0,26.1) ownW=(2.1,-50.0,26.1)
[FOREARM_SCAN] member='player3' mesh='gloves_resource.mesh' bone='bone_R-foreArm.mesh' bound=0x55f24c255d40 capturedOwn=0x55f24c255d40 distinct=0 boundDirClass=SHARED_ROOT ownDirClass=SHARED_ROOT boundW=(2.1,-50.0,26.1) ownW=(2.1,-50.0,26.1)
[FOREARM_SCAN] member='player3' mesh='gloves_resource.mesh' bone='bone_R-hand.mesh' bound=0x55f24c256760 capturedOwn=0x55f24c256760 distinct=0 boundDirClass=SHARED_ROOT ownDirClass=SHARED_ROOT boundW=(2.0,-57.5,20.3) ownW=(2.0,-57.5,20.3)
[FOREARM_SCAN] member='player3' mesh='clearcoat_resource.mesh' bone='bone_R-hand.mesh' bound=0x55f24c256760 capturedOwn=0x55f24c256760 distinct=0 boundDirClass=SHARED_ROOT ownDirClass=SHARED_ROOT boundW=(1.8,-57.5,20.3) ownW=(1.8,-57.5,20.3)
[FOREARM_SCAN] member='player3' mesh='clearcoat_resource.mesh' bone='bone_R-foreArm.mesh' bound=0x55f24c255d40 capturedOwn=0x55f24c255d40 distinct=0 boundDirClass=SHARED_ROOT ownDirClass=SHARED_ROOT boundW=(2.0,-50.0,26.1) ownW=(2.0,-50.0,26.1)
[FOREARM_SCAN] member='player3' mesh='clearcoat_resource.1.mesh' bone='bone_R-hand.mesh' bound=0x55f24c256760 capturedOwn=0x55f24c256760 distinct=0 boundDirClass=SHARED_ROOT ownDirClass=SHARED_ROOT boundW=(1.8,-57.5,20.3) ownW=(1.8,-57.5,20.3)
[FOREARM_SCAN] member='player3' mesh='clearcoat_resource.1.mesh' bone='bone_R-foreArm.mesh' bound=0x55f24c255d40 capturedOwn=0x55f24c255d40 distinct=0 boundDirClass=SHARED_ROOT ownDirClass=SHARED_ROOT boundW=(2.0,-50.0,26.1) ownW=(2.0,-50.0,26.1)
[FOREARM_SCAN] member='player3' mesh='gloves_resource.mesh' bone='bone_R-foreArm.mesh' bound=0x55f24c255d40 capturedOwn=0x55f24c255d40 distinct=0 boundDirClass=SHARED_ROOT ownDirClass=SHARED_ROOT boundW=(2.0,-50.0,26.1) ownW=(2.0,-50.0,26.1)
[FOREARM_SCAN] member='player3' mesh='gloves_resource.mesh' bone='bone_R-hand.mesh' bound=0x55f24c256760 capturedOwn=0x55f24c256760 distinct=0 boundDirClass=SHARED_ROOT ownDirClass=SHARED_ROOT boundW=(1.8,-57.5,20.3) ownW=(1.8,-57.5,20.3)
[FOREARM_SCAN] member='player3' mesh='clearcoat_resource.mesh' bone='bone_R-hand.mesh' bound=0x55f24c256760 capturedOwn=0x55f24c256760 distinct=0 boundDirClass=SHARED_ROOT ownDirClass=SHARED_ROOT boundW=(1.6,-57.5,20.3) ownW=(1.6,-57.5,20.3)
[FOREARM_SCAN] member='player3' mesh='clearcoat_resource.mesh' bone='bone_R-foreArm.mesh' bound=0x55f24c255d40 capturedOwn=0x55f24c255d40 distinct=0 boundDirClass=SHARED_ROOT ownDirClass=SHARED_ROOT boundW=(2.0,-50.1,26.1) ownW=(2.0,-50.1,26.1)
[FOREARM_SCAN] member='player3' mesh='clearcoat_resource.1.mesh' bone='bone_R-hand.mesh' bound=0x55f24c256760 capturedOwn=0x55f24c256760 distinct=0 boundDirClass=SHARED_ROOT ownDirClass=SHARED_ROOT boundW=(1.6,-57.5,20.3) ownW=(1.6,-57.5,20.3)
[FOREARM_SCAN] member='player3' mesh='clearcoat_resource.1.mesh' bone='bone_R-foreArm.mesh' bound=0x55f24c255d40 capturedOwn=0x55f24c255d40 distinct=0 boundDirClass=SHARED_ROOT ownDirClass=SHARED_ROOT boundW=(2.0,-50.1,26.1) ownW=(2.0,-50.1,26.1)
[FOREARM_SCAN] member='player3' mesh='gloves_resource.mesh' bone='bone_R-foreArm.mesh' bound=0x55f24c255d40 capturedOwn=0x55f24c255d40 distinct=0 boundDirClass=SHARED_ROOT ownDirClass=SHARED_ROOT boundW=(2.0,-50.1,26.1) ownW=(2.0,-50.1,26.1)
[FOREARM_SCAN] member='player3' mesh='gloves_resource.mesh' bone='bone_R-hand.mesh' bound=0x55f24c256760 capturedOwn=0x55f24c256760 distinct=0 boundDirClass=SHARED_ROOT ownDirClass=SHARED_ROOT boundW=(1.6,-57.5,20.3) ownW=(1.6,-57.5,20.3)
[FOREARM_SCAN] member='player3' mesh='clearcoat_resource.mesh' bone='bone_R-hand.mesh' bound=0x55f24c256760 capturedOwn=0x55f24c256760 distinct=0 boundDirClass=SHARED_ROOT ownDirClass=SHARED_ROOT boundW=(1.4,-57.4,20.2) ownW=(1.4,-57.4,20.2)
[FOREARM_SCAN] member='player3' mesh='clearcoat_resource.mesh' bone='bone_R-foreArm.mesh' bound=0x55f24c255d40 capturedOwn=0x55f24c255d40 distinct=0 boundDirClass=SHARED_ROOT ownDirClass=SHARED_ROOT boundW=(1.9,-50.1,26.1) ownW=(1.9,-50.1,26.1)
[FOREARM_SCAN] member='player3' mesh='clearcoat_resource.1.mesh' bone='bone_R-hand.mesh' bound=0x55f24c256760 capturedOwn=0x55f24c256760 distinct=0 boundDirClass=SHARED_ROOT ownDirClass=SHARED_ROOT boundW=(1.4,-57.4,20.2) ownW=(1.4,-57.4,20.2)
