
===============================================================
  REGRESSION CHECK PLAN
===============================================================
  6h: 738c833e — decomp: VocalTrackDir::GetLyricColor 0% -> 98.9%, GetLyricAlpha, PitchToZ 0% -> 100%
  72h: a55745ca — decomp: AppLabel::SetFromScoreDisplayData 81% -> 92%, MakeString<PCc,PCc,PCc,PCc> 0% -> 100%


===============================================================
  Window: 6h    Baseline: 738c833e
  decomp: VocalTrackDir::GetLyricColor 0% -> 98.9%, GetLyricAlpha, PitchToZ 0% -> 100%
===============================================================
Measuring progress: 738c833e (baseline) -> working tree (current)
Using cached baseline report for 738c833e


Overall fuzzy: 80.52% -> 80.76% (+0.25%)
Subsystems changed: 2, +0 matched functions

| Subsystem   | Baseline | Current | Change | Size     |
|-------------|----------|---------|--------|----------|
| system/math |   97.99% |  97.90% | -0.09% |  61.5 KB |
| band3/tour  |   98.86% |  98.74% | -0.11% | 143.8 KB |

Regressions (9 functions, showing top 9):

| Function                                                     | Unit                           | Base   | Curr  | Change  | Size |
|--------------------------------------------------------------|--------------------------------|--------|-------|---------|------|
| PatchLayer::HasSticker() const                               | system/bandobj/PatchDir        | 100.0% |  0.0% | -100.0% |   32 |
| InterpTangent(const Vector3&, const Vector3&, const Vecto... | system/math/Key                |  67.9% | 40.9% |  -27.0% |  244 |
| Tour::InitializeMusicLibraryTaskForArtist(MusicLibrary::M... | band3/tour/Tour                |  99.8% | 94.1% |   -5.8% | 1272 |
| TourDescProvider::UpdateExtendedCustom(int, int, Hmx::Obj... | band3/tour/TourDescPanel       |  85.5% | 81.5% |   -4.0% | 3232 |
| VocalPlayer::LocalScorePhrase(int, const stlpmtx_std::vec... | band3/game/VocalPlayer         | 100.0% | 97.4% |   -2.6% |  372 |
| TrackWatcherImpl::ClosestUnplayedGem(float, int)             | .../beatmatch/TrackWatcherImpl | 100.0% | 97.5% |   -2.5% |  336 |
| AccomplishmentPanel::BuildSelectedEntrySetList()             | ...ta_band/AccomplishmentPanel |  99.4% | 97.8% |   -1.7% |  968 |
| AccomplishmentPanel::FillSetlistWithAccomplishmentSongs(S... | ...ta_band/AccomplishmentPanel |  99.6% | 98.6% |   -1.1% | 1512 |
| Multiply(const Hmx::Matrix3&, const Hmx::Matrix3&, Hmx::M... | system/char/CharHair           |  75.0% | 74.0% |   -1.0% |  468 |

Summary: 9 regressions (8.2 KB affected), 0 improvements (0 B affected)

===============================================================
  Window: 72h    Baseline: a55745ca
  decomp: AppLabel::SetFromScoreDisplayData 81% -> 92%, MakeString<PCc,PCc,PCc,PCc> 0% -> 100%
===============================================================
Measuring progress: a55745ca (baseline) -> working tree (current)
Using cached baseline report for a55745ca


Overall fuzzy: 78.55% -> 80.76% (+2.21%)
Subsystems changed: 1, +6 matched functions

| Subsystem  | Baseline | Current | Change | Size   |
|------------|----------|---------|--------|--------|
| system/dsp |   94.26% |  86.11% | -8.15% | 7.3 KB |

Regressions (5 functions, showing top 5):

| Function                                                     | Unit                           | Base   | Curr  | Change | Size |
|--------------------------------------------------------------|--------------------------------|--------|-------|--------|------|
| StoreLoadPackedFile(const char*, bool, int, bool, bool, c... | ...em/meta/StorePackedMetadata | 100.0% | 59.1% | -40.8% | 1144 |
| InterpTangent(const Vector3&, const Vector3&, const Vecto... | system/math/Key                |  67.9% | 40.9% | -27.0% |  244 |
| Tour::InitializeMusicLibraryTaskForArtist(MusicLibrary::M... | band3/tour/Tour                |  99.8% | 94.1% |  -5.8% | 1272 |
| TrackWatcherImpl::ClosestUnplayedGem(float, int)             | .../beatmatch/TrackWatcherImpl | 100.0% | 97.5% |  -2.5% |  336 |
| AccomplishmentPanel::FillSetlistWithAccomplishmentSongs(S... | ...ta_band/AccomplishmentPanel |  99.6% | 98.6% |  -1.1% | 1512 |

Summary: 5 regressions (4.4 KB affected), 0 improvements (0 B affected)

===============================================================
  Done. Baselines cached in build/SZBE69_B8/baselines/
===============================================================
