[HANDS_REPOINT] member='player0' mesh='fingernails_resource.mesh' bone='bone_R-pinky03.mesh' own=0x565268c25480 bound=0x56526777bc00 distinct=1 off*ownWorld.ang=65.4 boundNow.ang=132.9 rebound=0
[HANDS_REPOINT] member='player0' mesh='fingernails_resource.mesh' bone='bone_R-middlefinger03.mesh' own=0x565268c243a0 bound=0x5652665d4320 distinct=1 off*ownWorld.ang=87.2 boundNow.ang=129.9 rebound=0
[HANDS_REPOINT] member='player0' mesh='fingernails_resource.mesh' bone='bone_L-index03.mesh' own=0x565268c124c0 bound=0x565267767fa0 distinct=1 off*ownWorld.ang=60.2 boundNow.ang=126.0 rebound=0
[HANDS_REPOINT] member='player0' mesh='fingernails_resource.mesh' bone='bone_R-index03.mesh' own=0x565268c22c00 bound=0x565267d7ba40 distinct=1 off*ownWorld.ang=60.2 boundNow.ang=118.7 rebound=0
[HANDS_REPOINT] member='player0' mesh='fingernails_resource.mesh' bone='bone_R-ringfinger03.mesh' own=0x565268c26200 bound=0x5652665888e0 distinct=1 off*ownWorld.ang=67.6 boundNow.ang=124.9 rebound=0
[HANDS_REPOINT] member='player0' mesh='fingernails_resource.mesh' bone='bone_R-thumb03.mesh' own=0x565268c283c0 bound=0x5652664208c0 distinct=1 off*ownWorld.ang=48.6 boundNow.ang=169.5 rebound=0
[HANDS_REPOINT] member='player0' mesh='fingernails_resource.mesh' bone='bone_L-thumb03.mesh' own=0x565268c17c80 bound=0x565266529e00 distinct=1 off*ownWorld.ang=48.6 boundNow.ang=147.7 rebound=0
[HANDS_REPOINT] member='player0' mesh='fingernails_resource.mesh' bone='bone_L-middlefinger03.mesh' own=0x565268c13c60 bound=0x5652664b39a0 distinct=1 off*ownWorld.ang=87.2 boundNow.ang=112.6 rebound=0
[HANDS_REPOINT] member='player0' mesh='fingernails_resource.mesh' bone='bone_L-pinky03.mesh' own=0x565268c14d40 bound=0x56526633c440 distinct=1 off*ownWorld.ang=65.4 boundNow.ang=105.1 rebound=0
[HANDS_REPOINT] member='player0' mesh='fingernails_resource.mesh' bone='bone_L-ringfinger03.mesh' own=0x565268c15ac0 bound=0x5652667f3380 distinct=1 off*ownWorld.ang=67.6 boundNow.ang=115.1 rebound=0
[HANDS_REPOINT] member='player0' mesh='hands_naked.mesh' bone='bone_R-foreTwist1.mesh' own=0x565268c206e0 bound=0x56526647a500 distinct=1 off*ownWorld.ang=0.0 boundNow.ang=174.7 rebound=0
[HANDS_REPOINT] member='player0' mesh='hands_naked.mesh' bone='bone_R-middlefinger01.mesh' own=0x565268c23ce0 bound=0x5652664ebac0 distinct=1 off*ownWorld.ang=27.3 boundNow.ang=105.5 rebound=0
[HANDS_REPOINT] member='player0' mesh='hands_naked.mesh' bone='bone_R-pinky03.mesh' own=0x565268c25480 bound=0x56526777bc00 distinct=1 off*ownWorld.ang=65.4 boundNow.ang=132.9 rebound=0
[HANDS_REPOINT] member='player0' mesh='hands_naked.mesh' bone='bone_R-index02.mesh' own=0x565268c228a0 bound=0x565267d7b6e0 distinct=1 off*ownWorld.ang=38.9 boundNow.ang=110.8 rebound=0
[HANDS_REPOINT] member='player0' mesh='hands_naked.mesh' bone='bone_R-middlefinger03.mesh' own=0x565268c243a0 bound=0x5652665d4320 distinct=1 off*ownWorld.ang=87.2 boundNow.ang=129.9 rebound=0
[HANDS_REPOINT] member='player0' mesh='hands_naked.mesh' bone='bone_R-foreArm.mesh' own=0x565268c20380 bound=0x56526647a1a0 distinct=1 off*ownWorld.ang=27.3 boundNow.ang=174.4 rebound=0
[HANDS_REPOINT] member='player0' mesh='hands_naked.mesh' bone='bone_R-foreTwist2.mesh' own=0x565268c20a40 bound=0x5652674d4c40 distinct=1 off*ownWorld.ang=0.0 boundNow.ang=175.0 rebound=0
[HANDS_REPOINT] member='player0' mesh='hands_naked.mesh' bone='bone_L-index03.mesh' own=0x565268c124c0 bound=0x565267767fa0 distinct=1 off*ownWorld.ang=60.2 boundNow.ang=126.0 rebound=0
[HANDS_REPOINT] member='player0' mesh='hands_naked.mesh' bone='bone_R-index01.mesh' own=0x565268c22540 bound=0x56526731e9c0 distinct=1 off*ownWorld.ang=27.3 boundNow.ang=103.0 rebound=0
[HANDS_REPOINT] member='player0' mesh='hands_naked.mesh' bone='bone_R-thumb01.mesh' own=0x565268c27d00 bound=0x565268509340 distinct=1 off*ownWorld.ang=27.3 boundNow.ang=173.7 rebound=0
[HANDS_REPOINT] member='player0' mesh='hands_naked.mesh' bone='bone_R-index03.mesh' own=0x565268c22c00 bound=0x565267d7ba40 distinct=1 off*ownWorld.ang=60.2 boundNow.ang=118.7 rebound=0
[HANDS_REPOINT] member='player0' mesh='hands_naked.mesh' bone='bone_R-middlefinger02.mesh' own=0x565268c24040 bound=0x5652665d4060 distinct=1 off*ownWorld.ang=55.0 boundNow.ang=118.8 rebound=0
[HANDS_REPOINT] member='player0' mesh='hands_naked.mesh' bone='bone_R-ringfinger03.mesh' own=0x565268c26200 bound=0x5652665888e0 distinct=1 off*ownWorld.ang=67.6 boundNow.ang=124.9 rebound=0
[HANDS_REPOINT] member='player0' mesh='hands_naked.mesh' bone='bone_R-hand.mesh' own=0x565268c20da0 bound=0x5652674d4fa0 distinct=1 off*ownWorld.ang=27.3 boundNow.ang=98.8 rebound=0
[HANDS_REPOINT] member='player0' mesh='hands_naked.mesh' bone='bone_R-pinky01.mesh' own=0x565268c24dc0 bound=0x5652664ec480 distinct=1 off*ownWorld.ang=27.3 boundNow.ang=114.4 rebound=0
[HANDS_REPOINT] member='player0' mesh='hands_naked.mesh' bone='bone_R-ringfinger01.mesh' own=0x565268c25b40 bound=0x5652663d2e60 distinct=1 off*ownWorld.ang=27.3 boundNow.ang=107.5 rebound=0
[HANDS_REPOINT] member='player0' mesh='hands_naked.mesh' bone='bone_R-thumb02.mesh' own=0x565268c28060 bound=0x565266420560 distinct=1 off*ownWorld.ang=26.4 boundNow.ang=175.2 rebound=0
[HANDS_REPOINT] member='player0' mesh='hands_naked.mesh' bone='bone_R-ringfinger02.mesh' own=0x565268c25ea0 bound=0x5652663d31c0 distinct=1 off*ownWorld.ang=57.4 boundNow.ang=121.3 rebound=0
[HANDS_REPOINT] member='player0' mesh='hands_naked.mesh' bone='bone_R-pinky02.mesh' own=0x565268c25120 bound=0x56526777b8a0 distinct=1 off*ownWorld.ang=37.6 boundNow.ang=122.6 rebound=0
[HANDS_REPOINT] member='player0' mesh='hands_naked.mesh' bone='bone_R-thumb03.mesh' own=0x565268c283c0 bound=0x5652664208c0 distinct=1 off*ownWorld.ang=48.6 boundNow.ang=169.5 rebound=0
[HANDS_REPOINT] member='player0' mesh='hands_naked.mesh' bone='bone_L-foreTwist2.mesh' own=0x565268c10300 bound=0x5652673c0b00 distinct=1 off*ownWorld.ang=0.0 boundNow.ang=171.6 rebound=0
[HANDS_REPOINT] member='player0' mesh='hands_naked.mesh' bone='bone_L-index02.mesh' own=0x565268c12160 bound=0x565267767c40 distinct=1 off*ownWorld.ang=38.9 boundNow.ang=133.5 rebound=0
[HANDS_REPOINT] member='player0' mesh='hands_naked.mesh' bone='bone_L-foreArm.mesh' own=0x565268c0fc40 bound=0x5652676c4fe0 distinct=1 off*ownWorld.ang=27.3 boundNow.ang=171.9 rebound=0
[HANDS_REPOINT] member='player0' mesh='hands_naked.mesh' bone='bone_L-middlefinger01.mesh' own=0x565268c135a0 bound=0x565266f81120 distinct=1 off*ownWorld.ang=27.3 boundNow.ang=136.6 rebound=0
[HANDS_REPOINT] member='player0' mesh='hands_naked.mesh' bone='bone_L-thumb03.mesh' own=0x565268c17c80 bound=0x565266529e00 distinct=1 off*ownWorld.ang=48.6 boundNow.ang=147.7 rebound=0
[HANDS_REPOINT] member='player0' mesh='hands_naked.mesh' bone='bone_L-thumb01.mesh' own=0x565268c175c0 bound=0x5652667ed7c0 distinct=1 off*ownWorld.ang=27.3 boundNow.ang=117.4 rebound=0
[HANDS_REPOINT] member='player0' mesh='hands_naked.mesh' bone='bone_L-middlefinger02.mesh' own=0x565268c13900 bound=0x565266f81480 distinct=1 off*ownWorld.ang=55.0 boundNow.ang=122.0 rebound=0
[HANDS_REPOINT] member='player0' mesh='hands_naked.mesh' bone='bone_L-ringfinger01.mesh' own=0x565268c15400 bound=0x5652665e1c40 distinct=1 off*ownWorld.ang=27.3 boundNow.ang=134.3 rebound=0
[HANDS_REPOINT] member='player0' mesh='hands_naked.mesh' bone='bone_L-foreTwist1.mesh' own=0x565268c0ffa0 bound=0x5652673c07a0 distinct=1 off*ownWorld.ang=0.0 boundNow.ang=171.8 rebound=0
[HANDS_REPOINT] member='player0' mesh='hands_naked.mesh' bone='bone_L-hand.mesh' own=0x565268c10660 bound=0x565267706660 distinct=1 off*ownWorld.ang=27.3 boundNow.ang=146.7 rebound=0
[HANDS_REPOINT] member='player0' mesh='hands_naked.mesh' bone='bone_L-index01.mesh' own=0x565268c11e00 bound=0x5652667bdc20 distinct=1 off*ownWorld.ang=27.3 boundNow.ang=142.1 rebound=0
[HANDS_REPOINT] member='player0' mesh='hands_naked.mesh' bone='bone_L-thumb02.mesh' own=0x565268c17920 bound=0x565266529be0 distinct=1 off*ownWorld.ang=26.4 boundNow.ang=137.3 rebound=0
[HANDS_REPOINT] member='player0' mesh='hands_naked.mesh' bone='bone_L-ringfinger02.mesh' own=0x565268c15760 bound=0x5652667f3020 distinct=1 off*ownWorld.ang=57.4 boundNow.ang=118.3 rebound=0
[HANDS_REPOINT] member='player0' mesh='hands_naked.mesh' bone='bone_L-middlefinger03.mesh' own=0x565268c13c60 bound=0x5652664b39a0 distinct=1 off*ownWorld.ang=87.2 boundNow.ang=112.6 rebound=0
[HANDS_REPOINT] member='player0' mesh='hands_naked.mesh' bone='bone_L-pinky02.mesh' own=0x565268c149e0 bound=0x56526633c0e0 distinct=1 off*ownWorld.ang=37.6 boundNow.ang=114.7 rebound=0
[HANDS_REPOINT] member='player0' mesh='hands_naked.mesh' bone='bone_L-pinky03.mesh' own=0x565268c14d40 bound=0x56526633c440 distinct=1 off*ownWorld.ang=65.4 boundNow.ang=105.1 rebound=0
[HANDS_REPOINT] member='player0' mesh='hands_naked.mesh' bone='bone_L-ringfinger03.mesh' own=0x565268c15ac0 bound=0x5652667f3380 distinct=1 off*ownWorld.ang=67.6 boundNow.ang=115.1 rebound=0
[HANDS_REPOINT] member='player0' mesh='hands_naked.mesh' bone='bone_L-pinky01.mesh' own=0x565268c14680 bound=0x565266513ee0 distinct=1 off*ownWorld.ang=27.3 boundNow.ang=123.1 rebound=0
[HANDS_REPOINT] member='player1' mesh='fingernails_resource.mesh' bone='bone_R-middlefinger03.mesh' own=0x56526965d5c0 bound=0x5652665d4320 distinct=1 off*ownWorld.ang=42.6 boundNow.ang=129.9 rebound=0
[HANDS_REPOINT] member='player1' mesh='fingernails_resource.mesh' bone='bone_R-pinky03.mesh' own=0x56526965e6a0 bound=0x56526777bc00 distinct=1 off*ownWorld.ang=36.5 boundNow.ang=132.9 rebound=0
[HANDS_REPOINT] member='player1' mesh='fingernails_resource.mesh' bone='bone_R-thumb03.mesh' own=0x5652696615e0 bound=0x5652664208c0 distinct=1 off*ownWorld.ang=20.3 boundNow.ang=169.5 rebound=0
[HANDS_REPOINT] member='player1' mesh='fingernails_resource.mesh' bone='bone_R-index03.mesh' own=0x56526965be20 bound=0x565267d7ba40 distinct=1 off*ownWorld.ang=42.1 boundNow.ang=118.7 rebound=0
[HANDS_REPOINT] member='player1' mesh='fingernails_resource.mesh' bone='bone_R-ringfinger03.mesh' own=0x56526965f420 bound=0x5652665888e0 distinct=1 off*ownWorld.ang=37.9 boundNow.ang=124.9 rebound=0
[HANDS_REPOINT] member='player1' mesh='fingernails_resource.mesh' bone='bone_L-pinky03.mesh' own=0x565268c05320 bound=0x56526633c440 distinct=1 off*ownWorld.ang=36.5 boundNow.ang=105.1 rebound=0
[HANDS_REPOINT] member='player1' mesh='fingernails_resource.mesh' bone='bone_L-thumb03.mesh' own=0x565268c08260 bound=0x565266529e00 distinct=1 off*ownWorld.ang=20.3 boundNow.ang=147.7 rebound=0
[HANDS_REPOINT] member='player1' mesh='fingernails_resource.mesh' bone='bone_L-middlefinger03.mesh' own=0x565268c04240 bound=0x5652664b39a0 distinct=1 off*ownWorld.ang=42.6 boundNow.ang=112.6 rebound=0
[HANDS_REPOINT] member='player1' mesh='fingernails_resource.mesh' bone='bone_L-ringfinger03.mesh' own=0x565268c060a0 bound=0x5652667f3380 distinct=1 off*ownWorld.ang=37.9 boundNow.ang=115.1 rebound=0
[HANDS_REPOINT] member='player1' mesh='fingernails_resource.mesh' bone='bone_L-index03.mesh' own=0x565268c02aa0 bound=0x565267767fa0 distinct=1 off*ownWorld.ang=42.1 boundNow.ang=126.0 rebound=0
[HANDS_REPOINT] member='player1' mesh='hands_naked.mesh' bone='bone_R-middlefinger02.mesh' own=0x56526965d260 bound=0x5652665d4060 distinct=1 off*ownWorld.ang=34.2 boundNow.ang=118.8 rebound=0
[HANDS_REPOINT] member='player1' mesh='hands_naked.mesh' bone='bone_R-hand.mesh' own=0x565269659fc0 bound=0x5652674d4fa0 distinct=1 off*ownWorld.ang=33.2 boundNow.ang=98.8 rebound=0
[HANDS_REPOINT] member='player1' mesh='hands_naked.mesh' bone='bone_R-foreTwist2.mesh' own=0x565269659c60 bound=0x5652674d4c40 distinct=1 off*ownWorld.ang=3.1 boundNow.ang=175.0 rebound=0
[HANDS_REPOINT] member='player1' mesh='hands_naked.mesh' bone='bone_R-foreTwist1.mesh' own=0x565269659900 bound=0x56526647a500 distinct=1 off*ownWorld.ang=3.0 boundNow.ang=174.7 rebound=0
[HANDS_REPOINT] member='player1' mesh='hands_naked.mesh' bone='bone_R-middlefinger01.mesh' own=0x56526965cf00 bound=0x5652664ebac0 distinct=1 off*ownWorld.ang=33.2 boundNow.ang=105.5 rebound=0
[HANDS_REPOINT] member='player1' mesh='hands_naked.mesh' bone='bone_R-ringfinger02.mesh' own=0x56526965f0c0 bound=0x5652663d31c0 distinct=1 off*ownWorld.ang=39.2 boundNow.ang=121.3 rebound=0
[HANDS_REPOINT] member='player1' mesh='hands_naked.mesh' bone='bone_R-thumb02.mesh' own=0x565269661280 bound=0x565266420560 distinct=1 off*ownWorld.ang=27.8 boundNow.ang=175.2 rebound=0
[HANDS_REPOINT] member='player1' mesh='hands_naked.mesh' bone='bone_R-middlefinger03.mesh' own=0x56526965d5c0 bound=0x5652665d4320 distinct=1 off*ownWorld.ang=42.6 boundNow.ang=129.9 rebound=0
[HANDS_REPOINT] member='player1' mesh='hands_naked.mesh' bone='bone_L-foreTwist1.mesh' own=0x565268c00580 bound=0x5652673c07a0 distinct=1 off*ownWorld.ang=3.0 boundNow.ang=171.8 rebound=0
[HANDS_REPOINT] member='player1' mesh='hands_naked.mesh' bone='bone_R-pinky02.mesh' own=0x56526965e340 bound=0x56526777b8a0 distinct=1 off*ownWorld.ang=33.2 boundNow.ang=122.6 rebound=0
[HANDS_REPOINT] member='player1' mesh='hands_naked.mesh' bone='bone_L-pinky01.mesh' own=0x565268c04c60 bound=0x565266513ee0 distinct=1 off*ownWorld.ang=33.2 boundNow.ang=123.1 rebound=0
[HANDS_REPOINT] member='player1' mesh='hands_naked.mesh' bone='bone_R-pinky-base.mesh' own=0x56526965dc80 bound=0x5652664ec120 distinct=1 off*ownWorld.ang=33.2 boundNow.ang=98.8 rebound=0
[HANDS_REPOINT] member='player1' mesh='hands_naked.mesh' bone='bone_L-middlefinger02.mesh' own=0x565268c03ee0 bound=0x565266f81480 distinct=1 off*ownWorld.ang=34.2 boundNow.ang=122.0 rebound=0
[HANDS_REPOINT] member='player1' mesh='hands_naked.mesh' bone='bone_R-pinky03.mesh' own=0x56526965e6a0 bound=0x56526777bc00 distinct=1 off*ownWorld.ang=36.5 boundNow.ang=132.9 rebound=0
[HANDS_REPOINT] member='player1' mesh='hands_naked.mesh' bone='bone_R-pinky01.mesh' own=0x56526965dfe0 bound=0x5652664ec480 distinct=1 off*ownWorld.ang=33.2 boundNow.ang=114.4 rebound=0
[HANDS_REPOINT] member='player1' mesh='hands_naked.mesh' bone='bone_R-thumb03.mesh' own=0x5652696615e0 bound=0x5652664208c0 distinct=1 off*ownWorld.ang=20.3 boundNow.ang=169.5 rebound=0
[HANDS_REPOINT] member='player1' mesh='hands_naked.mesh' bone='bone_R-thumb01.mesh' own=0x565269660f20 bound=0x565268509340 distinct=1 off*ownWorld.ang=33.2 boundNow.ang=173.7 rebound=0
[HANDS_REPOINT] member='player1' mesh='hands_naked.mesh' bone='bone_R-index03.mesh' own=0x56526965be20 bound=0x565267d7ba40 distinct=1 off*ownWorld.ang=42.1 boundNow.ang=118.7 rebound=0
[HANDS_REPOINT] member='player1' mesh='hands_naked.mesh' bone='bone_R-index01.mesh' own=0x56526965b760 bound=0x56526731e9c0 distinct=1 off*ownWorld.ang=33.2 boundNow.ang=103.0 rebound=0
[HANDS_REPOINT] member='player1' mesh='hands_naked.mesh' bone='bone_R-index02.mesh' own=0x56526965bac0 bound=0x565267d7b6e0 distinct=1 off*ownWorld.ang=39.7 boundNow.ang=110.8 rebound=0
[HANDS_REPOINT] member='player1' mesh='hands_naked.mesh' bone='bone_L-hand.mesh' own=0x565268c00c40 bound=0x565267706660 distinct=1 off*ownWorld.ang=33.2 boundNow.ang=146.7 rebound=0
[HANDS_REPOINT] member='player1' mesh='hands_naked.mesh' bone='bone_R-ringfinger-base.mesh' own=0x56526965ea00 bound=0x56526777bf60 distinct=1 off*ownWorld.ang=33.2 boundNow.ang=98.8 rebound=0
[HANDS_REPOINT] member='player1' mesh='hands_naked.mesh' bone='bone_L-index02.mesh' own=0x565268c02740 bound=0x565267767c40 distinct=1 off*ownWorld.ang=39.7 boundNow.ang=133.5 rebound=0
[HANDS_REPOINT] member='player1' mesh='hands_naked.mesh' bone='bone_R-ringfinger03.mesh' own=0x56526965f420 bound=0x5652665888e0 distinct=1 off*ownWorld.ang=37.9 boundNow.ang=124.9 rebound=0
[HANDS_REPOINT] member='player1' mesh='hands_naked.mesh' bone='bone_R-ringfinger01.mesh' own=0x56526965ed60 bound=0x5652663d2e60 distinct=1 off*ownWorld.ang=33.2 boundNow.ang=107.5 rebound=0
[HANDS_REPOINT] member='player1' mesh='hands_naked.mesh' bone='bone_L-middlefinger01.mesh' own=0x565268c03b80 bound=0x565266f81120 distinct=1 off*ownWorld.ang=33.2 boundNow.ang=136.6 rebound=0
[HANDS_REPOINT] member='player1' mesh='hands_naked.mesh' bone='bone_L-foreTwist2.mesh' own=0x565268c008e0 bound=0x5652673c0b00 distinct=1 off*ownWorld.ang=3.1 boundNow.ang=171.6 rebound=0
[HANDS_REPOINT] member='player1' mesh='hands_naked.mesh' bone='bone_L-index01.mesh' own=0x565268c023e0 bound=0x5652667bdc20 distinct=1 off*ownWorld.ang=33.2 boundNow.ang=142.1 rebound=0
[HANDS_REPOINT] member='player1' mesh='hands_naked.mesh' bone='bone_L-pinky03.mesh' own=0x565268c05320 bound=0x56526633c440 distinct=1 off*ownWorld.ang=36.5 boundNow.ang=105.1 rebound=0
[HANDS_REPOINT] member='player1' mesh='hands_naked.mesh' bone='bone_L-thumb03.mesh' own=0x565268c08260 bound=0x565266529e00 distinct=1 off*ownWorld.ang=20.3 boundNow.ang=147.7 rebound=0
[HANDS_REPOINT] member='player1' mesh='hands_naked.mesh' bone='bone_L-middlefinger03.mesh' own=0x565268c04240 bound=0x5652664b39a0 distinct=1 off*ownWorld.ang=42.6 boundNow.ang=112.6 rebound=0
[HANDS_REPOINT] member='player1' mesh='hands_naked.mesh' bone='bone_L-ringfinger03.mesh' own=0x565268c060a0 bound=0x5652667f3380 distinct=1 off*ownWorld.ang=37.9 boundNow.ang=115.1 rebound=0
[HANDS_REPOINT] member='player1' mesh='hands_naked.mesh' bone='bone_L-thumb01.mesh' own=0x565268c07ba0 bound=0x5652667ed7c0 distinct=1 off*ownWorld.ang=33.2 boundNow.ang=117.4 rebound=0
[HANDS_REPOINT] member='player1' mesh='hands_naked.mesh' bone='bone_L-thumb02.mesh' own=0x565268c07f00 bound=0x565266529be0 distinct=1 off*ownWorld.ang=27.8 boundNow.ang=137.3 rebound=0
[HANDS_REPOINT] member='player1' mesh='hands_naked.mesh' bone='bone_L-index03.mesh' own=0x565268c02aa0 bound=0x565267767fa0 distinct=1 off*ownWorld.ang=42.1 boundNow.ang=126.0 rebound=0
[HANDS_REPOINT] member='player1' mesh='hands_naked.mesh' bone='bone_L-pinky-base.mesh' own=0x565268c04900 bound=0x565266513b80 distinct=1 off*ownWorld.ang=33.2 boundNow.ang=146.7 rebound=0
[HANDS_REPOINT] member='player1' mesh='hands_naked.mesh' bone='bone_L-pinky02.mesh' own=0x565268c04fc0 bound=0x56526633c0e0 distinct=1 off*ownWorld.ang=33.2 boundNow.ang=114.7 rebound=0
[HANDS_REPOINT] member='player1' mesh='hands_naked.mesh' bone='bone_L-ringfinger-base.mesh' own=0x565268c05680 bound=0x5652665e18e0 distinct=1 off*ownWorld.ang=33.2 boundNow.ang=146.7 rebound=0
[HANDS_REPOINT] member='player1' mesh='hands_naked.mesh' bone='bone_L-ringfinger01.mesh' own=0x565268c059e0 bound=0x5652665e1c40 distinct=1 off*ownWorld.ang=33.2 boundNow.ang=134.3 rebound=0
[HANDS_REPOINT] member='player1' mesh='hands_naked.mesh' bone='bone_L-ringfinger02.mesh' own=0x565268c05d40 bound=0x5652667f3020 distinct=1 off*ownWorld.ang=39.2 boundNow.ang=118.3 rebound=0
[HANDS_REPOINT] member='player2' mesh='fingernails_resource.mesh' bone='bone_R-pinky03.mesh' own=0x56526ab357a0 bound=0x56526777bc00 distinct=1 off*ownWorld.ang=65.4 boundNow.ang=132.9 rebound=0
[HANDS_REPOINT] member='player2' mesh='fingernails_resource.mesh' bone='bone_R-middlefinger03.mesh' own=0x56526ab346c0 bound=0x5652665d4320 distinct=1 off*ownWorld.ang=87.2 boundNow.ang=129.9 rebound=0
[HANDS_REPOINT] member='player2' mesh='fingernails_resource.mesh' bone='bone_L-index03.mesh' own=0x56526a77cb60 bound=0x565267767fa0 distinct=1 off*ownWorld.ang=60.2 boundNow.ang=126.0 rebound=0
[HANDS_REPOINT] member='player2' mesh='fingernails_resource.mesh' bone='bone_R-index03.mesh' own=0x56526ab32f20 bound=0x565267d7ba40 distinct=1 off*ownWorld.ang=60.2 boundNow.ang=118.7 rebound=0
[HANDS_REPOINT] member='player2' mesh='fingernails_resource.mesh' bone='bone_R-ringfinger03.mesh' own=0x56526ab36520 bound=0x5652665888e0 distinct=1 off*ownWorld.ang=67.6 boundNow.ang=124.9 rebound=0
[HANDS_REPOINT] member='player2' mesh='fingernails_resource.mesh' bone='bone_R-thumb03.mesh' own=0x56526ab386e0 bound=0x5652664208c0 distinct=1 off*ownWorld.ang=48.6 boundNow.ang=169.5 rebound=0
[HANDS_REPOINT] member='player2' mesh='fingernails_resource.mesh' bone='bone_L-thumb03.mesh' own=0x56526a788f80 bound=0x565266529e00 distinct=1 off*ownWorld.ang=48.6 boundNow.ang=147.7 rebound=0
[HANDS_REPOINT] member='player2' mesh='fingernails_resource.mesh' bone='bone_L-middlefinger03.mesh' own=0x56526a77e300 bound=0x5652664b39a0 distinct=1 off*ownWorld.ang=87.2 boundNow.ang=112.6 rebound=0
[HANDS_REPOINT] member='player2' mesh='fingernails_resource.mesh' bone='bone_L-pinky03.mesh' own=0x56526a77f3e0 bound=0x56526633c440 distinct=1 off*ownWorld.ang=65.4 boundNow.ang=105.1 rebound=0
[HANDS_REPOINT] member='player2' mesh='fingernails_resource.mesh' bone='bone_L-ringfinger03.mesh' own=0x56526a780160 bound=0x5652667f3380 distinct=1 off*ownWorld.ang=67.6 boundNow.ang=115.1 rebound=0
[HANDS_REPOINT] member='player2' mesh='hands_naked.mesh' bone='bone_R-foreTwist1.mesh' own=0x56526a7919e0 bound=0x56526647a500 distinct=1 off*ownWorld.ang=0.0 boundNow.ang=174.7 rebound=0
[HANDS_REPOINT] member='player2' mesh='hands_naked.mesh' bone='bone_R-middlefinger01.mesh' own=0x56526ab34000 bound=0x5652664ebac0 distinct=1 off*ownWorld.ang=27.3 boundNow.ang=105.5 rebound=0
[HANDS_REPOINT] member='player2' mesh='hands_naked.mesh' bone='bone_R-pinky03.mesh' own=0x56526ab357a0 bound=0x56526777bc00 distinct=1 off*ownWorld.ang=65.4 boundNow.ang=132.9 rebound=0
[HANDS_REPOINT] member='player2' mesh='hands_naked.mesh' bone='bone_R-index02.mesh' own=0x56526ab32bc0 bound=0x565267d7b6e0 distinct=1 off*ownWorld.ang=38.9 boundNow.ang=110.8 rebound=0
[HANDS_REPOINT] member='player2' mesh='hands_naked.mesh' bone='bone_R-middlefinger03.mesh' own=0x56526ab346c0 bound=0x5652665d4320 distinct=1 off*ownWorld.ang=87.2 boundNow.ang=129.9 rebound=0
[HANDS_REPOINT] member='player2' mesh='hands_naked.mesh' bone='bone_R-foreArm.mesh' own=0x56526a791680 bound=0x56526647a1a0 distinct=1 off*ownWorld.ang=27.3 boundNow.ang=174.4 rebound=0
[HANDS_REPOINT] member='player2' mesh='hands_naked.mesh' bone='bone_R-foreTwist2.mesh' own=0x56526a791d40 bound=0x5652674d4c40 distinct=1 off*ownWorld.ang=0.0 boundNow.ang=175.0 rebound=0
[HANDS_REPOINT] member='player2' mesh='hands_naked.mesh' bone='bone_L-index03.mesh' own=0x56526a77cb60 bound=0x565267767fa0 distinct=1 off*ownWorld.ang=60.2 boundNow.ang=126.0 rebound=0
[HANDS_REPOINT] member='player2' mesh='hands_naked.mesh' bone='bone_R-index01.mesh' own=0x56526ab32860 bound=0x56526731e9c0 distinct=1 off*ownWorld.ang=27.3 boundNow.ang=103.0 rebound=0
[HANDS_REPOINT] member='player2' mesh='hands_naked.mesh' bone='bone_R-thumb01.mesh' own=0x56526ab38020 bound=0x565268509340 distinct=1 off*ownWorld.ang=27.3 boundNow.ang=173.7 rebound=0
[HANDS_REPOINT] member='player2' mesh='hands_naked.mesh' bone='bone_R-index03.mesh' own=0x56526ab32f20 bound=0x565267d7ba40 distinct=1 off*ownWorld.ang=60.2 boundNow.ang=118.7 rebound=0
[HANDS_REPOINT] member='player2' mesh='hands_naked.mesh' bone='bone_R-middlefinger02.mesh' own=0x56526ab34360 bound=0x5652665d4060 distinct=1 off*ownWorld.ang=55.0 boundNow.ang=118.8 rebound=0
[HANDS_REPOINT] member='player2' mesh='hands_naked.mesh' bone='bone_R-ringfinger03.mesh' own=0x56526ab36520 bound=0x5652665888e0 distinct=1 off*ownWorld.ang=67.6 boundNow.ang=124.9 rebound=0
[HANDS_REPOINT] member='player2' mesh='hands_naked.mesh' bone='bone_R-hand.mesh' own=0x56526a7920a0 bound=0x5652674d4fa0 distinct=1 off*ownWorld.ang=27.3 boundNow.ang=98.8 rebound=0
[HANDS_REPOINT] member='player2' mesh='hands_naked.mesh' bone='bone_R-pinky01.mesh' own=0x56526ab350e0 bound=0x5652664ec480 distinct=1 off*ownWorld.ang=27.3 boundNow.ang=114.4 rebound=0
[HANDS_REPOINT] member='player2' mesh='hands_naked.mesh' bone='bone_R-ringfinger01.mesh' own=0x56526ab35e60 bound=0x5652663d2e60 distinct=1 off*ownWorld.ang=27.3 boundNow.ang=107.5 rebound=0
[HANDS_REPOINT] member='player2' mesh='hands_naked.mesh' bone='bone_R-thumb02.mesh' own=0x56526ab38380 bound=0x565266420560 distinct=1 off*ownWorld.ang=26.4 boundNow.ang=175.2 rebound=0
[HANDS_REPOINT] member='player2' mesh='hands_naked.mesh' bone='bone_R-ringfinger02.mesh' own=0x56526ab361c0 bound=0x5652663d31c0 distinct=1 off*ownWorld.ang=57.4 boundNow.ang=121.3 rebound=0
[HANDS_REPOINT] member='player2' mesh='hands_naked.mesh' bone='bone_R-pinky02.mesh' own=0x56526ab35440 bound=0x56526777b8a0 distinct=1 off*ownWorld.ang=37.6 boundNow.ang=122.6 rebound=0
[HANDS_REPOINT] member='player2' mesh='hands_naked.mesh' bone='bone_R-thumb03.mesh' own=0x56526ab386e0 bound=0x5652664208c0 distinct=1 off*ownWorld.ang=48.6 boundNow.ang=169.5 rebound=0
[HANDS_REPOINT] member='player2' mesh='hands_naked.mesh' bone='bone_L-foreTwist2.mesh' own=0x56526a77a9a0 bound=0x5652673c0b00 distinct=1 off*ownWorld.ang=0.0 boundNow.ang=171.6 rebound=0
[HANDS_REPOINT] member='player2' mesh='hands_naked.mesh' bone='bone_L-index02.mesh' own=0x56526a77c800 bound=0x565267767c40 distinct=1 off*ownWorld.ang=38.9 boundNow.ang=133.5 rebound=0
[HANDS_REPOINT] member='player2' mesh='hands_naked.mesh' bone='bone_L-foreArm.mesh' own=0x56526a77a2e0 bound=0x5652676c4fe0 distinct=1 off*ownWorld.ang=27.3 boundNow.ang=171.9 rebound=0
[HANDS_REPOINT] member='player2' mesh='hands_naked.mesh' bone='bone_L-middlefinger01.mesh' own=0x56526a77dc40 bound=0x565266f81120 distinct=1 off*ownWorld.ang=27.3 boundNow.ang=136.6 rebound=0
[HANDS_REPOINT] member='player2' mesh='hands_naked.mesh' bone='bone_L-thumb03.mesh' own=0x56526a788f80 bound=0x565266529e00 distinct=1 off*ownWorld.ang=48.6 boundNow.ang=147.7 rebound=0
[HANDS_REPOINT] member='player2' mesh='hands_naked.mesh' bone='bone_L-thumb01.mesh' own=0x56526a7888c0 bound=0x5652667ed7c0 distinct=1 off*ownWorld.ang=27.3 boundNow.ang=117.4 rebound=0
[HANDS_REPOINT] member='player2' mesh='hands_naked.mesh' bone='bone_L-middlefinger02.mesh' own=0x56526a77dfa0 bound=0x565266f81480 distinct=1 off*ownWorld.ang=55.0 boundNow.ang=122.0 rebound=0
[HANDS_REPOINT] member='player2' mesh='hands_naked.mesh' bone='bone_L-ringfinger01.mesh' own=0x56526a77faa0 bound=0x5652665e1c40 distinct=1 off*ownWorld.ang=27.3 boundNow.ang=134.3 rebound=0
[HANDS_REPOINT] member='player2' mesh='hands_naked.mesh' bone='bone_L-foreTwist1.mesh' own=0x56526a77a640 bound=0x5652673c07a0 distinct=1 off*ownWorld.ang=0.0 boundNow.ang=171.8 rebound=0
[HANDS_REPOINT] member='player2' mesh='hands_naked.mesh' bone='bone_L-hand.mesh' own=0x56526a77ad00 bound=0x565267706660 distinct=1 off*ownWorld.ang=27.3 boundNow.ang=146.7 rebound=0
[HANDS_REPOINT] member='player2' mesh='hands_naked.mesh' bone='bone_L-index01.mesh' own=0x56526a77c4a0 bound=0x5652667bdc20 distinct=1 off*ownWorld.ang=27.3 boundNow.ang=142.1 rebound=0
[HANDS_REPOINT] member='player2' mesh='hands_naked.mesh' bone='bone_L-thumb02.mesh' own=0x56526a788c20 bound=0x565266529be0 distinct=1 off*ownWorld.ang=26.4 boundNow.ang=137.3 rebound=0
[HANDS_REPOINT] member='player2' mesh='hands_naked.mesh' bone='bone_L-ringfinger02.mesh' own=0x56526a77fe00 bound=0x5652667f3020 distinct=1 off*ownWorld.ang=57.4 boundNow.ang=118.3 rebound=0
[HANDS_REPOINT] member='player2' mesh='hands_naked.mesh' bone='bone_L-middlefinger03.mesh' own=0x56526a77e300 bound=0x5652664b39a0 distinct=1 off*ownWorld.ang=87.2 boundNow.ang=112.6 rebound=0
[HANDS_REPOINT] member='player2' mesh='hands_naked.mesh' bone='bone_L-pinky02.mesh' own=0x56526a77f080 bound=0x56526633c0e0 distinct=1 off*ownWorld.ang=37.6 boundNow.ang=114.7 rebound=0
[HANDS_REPOINT] member='player2' mesh='hands_naked.mesh' bone='bone_L-pinky03.mesh' own=0x56526a77f3e0 bound=0x56526633c440 distinct=1 off*ownWorld.ang=65.4 boundNow.ang=105.1 rebound=0
[HANDS_REPOINT] member='player2' mesh='hands_naked.mesh' bone='bone_L-ringfinger03.mesh' own=0x56526a780160 bound=0x5652667f3380 distinct=1 off*ownWorld.ang=67.6 boundNow.ang=115.1 rebound=0
[HANDS_REPOINT] member='player2' mesh='hands_naked.mesh' bone='bone_L-pinky01.mesh' own=0x56526a77ed20 bound=0x565266513ee0 distinct=1 off*ownWorld.ang=27.3 boundNow.ang=123.1 rebound=0
[HANDS_REPOINT] member='player2' mesh='nailboots_resource.mesh' bone='bone_R-ankle.mesh' own=0x56526a78c580 bound=0x56526665e780 distinct=1 off*ownWorld.ang=10.9 boundNow.ang=90.0 rebound=0
[HANDS_REPOINT] member='player2' mesh='nailboots_resource.mesh' bone='bone_L-ankle.mesh' own=0x56526a88ef40 bound=0x5652666c9ee0 distinct=1 off*ownWorld.ang=10.9 boundNow.ang=90.0 rebound=0
[HANDS_REPOINT] member='player2' mesh='nailboots_resource.mesh' bone='bone_R-knee.mesh' own=0x56526ab33280 bound=0x565267d7bda0 distinct=1 off*ownWorld.ang=10.9 boundNow.ang=90.0 rebound=0
[HANDS_REPOINT] member='player2' mesh='nailboots_resource.mesh' bone='bone_R-toe.mesh' own=0x56526ab3af60 bound=0x5652664046c0 distinct=1 off*ownWorld.ang=10.9 boundNow.ang=120.0 rebound=0
[HANDS_REPOINT] member='player2' mesh='nailboots_resource.mesh' bone='bone_L-knee.mesh' own=0x56526a77cec0 bound=0x56526771e400 distinct=1 off*ownWorld.ang=10.9 boundNow.ang=90.1 rebound=0
[HANDS_REPOINT] member='player2' mesh='nailboots_resource.mesh' bone='bone_L-toe.mesh' own=0x56526a78b140 bound=0x565266d8b700 distinct=1 off*ownWorld.ang=10.9 boundNow.ang=120.0 rebound=0
[HANDS_REPOINT] member='player3' mesh='gloves_resource.1.mesh' bone='bone_L-index03.mesh' own=0x56526aff99c0 bound=0x565267767fa0 distinct=1 off*ownWorld.ang=42.1 boundNow.ang=126.0 rebound=0
[HANDS_REPOINT] member='player3' mesh='gloves_resource.1.mesh' bone='bone_L-hand.mesh' own=0x56526aff7b60 bound=0x565267706660 distinct=1 off*ownWorld.ang=33.2 boundNow.ang=146.7 rebound=0
[HANDS_REPOINT] member='player3' mesh='gloves_resource.1.mesh' bone='bone_L-index01.mesh' own=0x56526aff9300 bound=0x5652667bdc20 distinct=1 off*ownWorld.ang=33.2 boundNow.ang=142.1 rebound=0
[HANDS_REPOINT] member='player3' mesh='gloves_resource.1.mesh' bone='bone_L-index02.mesh' own=0x56526aff9660 bound=0x565267767c40 distinct=1 off*ownWorld.ang=39.7 boundNow.ang=133.5 rebound=0
[HANDS_REPOINT] member='player3' mesh='gloves_resource.mesh' bone='bone_R-middlefinger02.mesh' own=0x56526b03ec80 bound=0x5652665d4060 distinct=1 off*ownWorld.ang=34.2 boundNow.ang=118.8 rebound=0
[HANDS_REPOINT] member='player3' mesh='gloves_resource.mesh' bone='bone_R-foreTwist2.mesh' own=0x56526b03b680 bound=0x5652674d4c40 distinct=1 off*ownWorld.ang=3.1 boundNow.ang=175.0 rebound=0
[HANDS_REPOINT] member='player3' mesh='gloves_resource.mesh' bone='bone_R-foreArm.mesh' own=0x56526b03afc0 bound=0x56526647a1a0 distinct=1 off*ownWorld.ang=33.2 boundNow.ang=174.4 rebound=0
[HANDS_REPOINT] member='player3' mesh='gloves_resource.mesh' bone='bone_R-thumb02.mesh' own=0x56526b042ca0 bound=0x565266420560 distinct=1 off*ownWorld.ang=27.8 boundNow.ang=175.2 rebound=0
[HANDS_REPOINT] member='player3' mesh='gloves_resource.mesh' bone='bone_R-pinky01.mesh' own=0x56526b03fa00 bound=0x5652664ec480 distinct=1 off*ownWorld.ang=33.2 boundNow.ang=114.4 rebound=0
[HANDS_REPOINT] member='player3' mesh='gloves_resource.mesh' bone='bone_R-foreTwist1.mesh' own=0x56526b03b320 bound=0x56526647a500 distinct=1 off*ownWorld.ang=3.0 boundNow.ang=174.7 rebound=0
[HANDS_REPOINT] member='player3' mesh='gloves_resource.mesh' bone='bone_R-index03.mesh' own=0x56526b03d840 bound=0x565267d7ba40 distinct=1 off*ownWorld.ang=42.1 boundNow.ang=118.7 rebound=0
[HANDS_REPOINT] member='player3' mesh='gloves_resource.mesh' bone='bone_R-index01.mesh' own=0x56526b03d180 bound=0x56526731e9c0 distinct=1 off*ownWorld.ang=33.2 boundNow.ang=103.0 rebound=0
[HANDS_REPOINT] member='player3' mesh='gloves_resource.mesh' bone='bone_R-thumb01.mesh' own=0x56526b042940 bound=0x565268509340 distinct=1 off*ownWorld.ang=33.2 boundNow.ang=173.7 rebound=0
[HANDS_REPOINT] member='player3' mesh='gloves_resource.mesh' bone='bone_R-hand.mesh' own=0x56526b03b9e0 bound=0x5652674d4fa0 distinct=1 off*ownWorld.ang=33.2 boundNow.ang=98.8 rebound=0
[HANDS_REPOINT] member='player3' mesh='gloves_resource.mesh' bone='bone_R-thumb03.mesh' own=0x56526b043000 bound=0x5652664208c0 distinct=1 off*ownWorld.ang=20.3 boundNow.ang=169.5 rebound=0
[HANDS_REPOINT] member='player3' mesh='gloves_resource.mesh' bone='bone_R-middlefinger01.mesh' own=0x56526b03e920 bound=0x5652664ebac0 distinct=1 off*ownWorld.ang=33.2 boundNow.ang=105.5 rebound=0
[HANDS_REPOINT] member='player3' mesh='gloves_resource.mesh' bone='bone_R-middlefinger03.mesh' own=0x56526b03efe0 bound=0x5652665d4320 distinct=1 off*ownWorld.ang=42.6 boundNow.ang=129.9 rebound=0
[HANDS_REPOINT] member='player3' mesh='gloves_resource.mesh' bone='bone_R-pinky-base.mesh' own=0x56526b03f6a0 bound=0x5652664ec120 distinct=1 off*ownWorld.ang=33.2 boundNow.ang=98.8 rebound=0
[HANDS_REPOINT] member='player3' mesh='gloves_resource.mesh' bone='bone_R-ringfinger03.mesh' own=0x56526b040e40 bound=0x5652665888e0 distinct=1 off*ownWorld.ang=37.9 boundNow.ang=124.9 rebound=0
[HANDS_REPOINT] member='player3' mesh='gloves_resource.mesh' bone='bone_R-index02.mesh' own=0x56526b03d4e0 bound=0x565267d7b6e0 distinct=1 off*ownWorld.ang=39.7 boundNow.ang=110.8 rebound=0
[HANDS_REPOINT] member='player3' mesh='gloves_resource.mesh' bone='bone_R-ringfinger02.mesh' own=0x56526b040ae0 bound=0x5652663d31c0 distinct=1 off*ownWorld.ang=39.2 boundNow.ang=121.3 rebound=0
[HANDS_REPOINT] member='player3' mesh='gloves_resource.mesh' bone='bone_R-pinky02.mesh' own=0x56526b03fd60 bound=0x56526777b8a0 distinct=1 off*ownWorld.ang=33.2 boundNow.ang=122.6 rebound=0
[HANDS_REPOINT] member='player3' mesh='gloves_resource.mesh' bone='bone_R-pinky03.mesh' own=0x56526b0400c0 bound=0x56526777bc00 distinct=1 off*ownWorld.ang=36.5 boundNow.ang=132.9 rebound=0
[HANDS_REPOINT] member='player3' mesh='gloves_resource.mesh' bone='bone_R-ringfinger01.mesh' own=0x56526b040780 bound=0x5652663d2e60 distinct=1 off*ownWorld.ang=33.2 boundNow.ang=107.5 rebound=0
[HANDS_REPOINT] member='player3' mesh='gloves_resource.mesh' bone='bone_R-ringfinger-base.mesh' own=0x56526b040420 bound=0x56526777bf60 distinct=1 off*ownWorld.ang=33.2 boundNow.ang=98.8 rebound=0
[HANDS_REPOINT] member='player3' mesh='gloves_resource.mesh' bone='bone_L-thumb02.mesh' own=0x56526b022960 bound=0x565266529be0 distinct=1 off*ownWorld.ang=27.8 boundNow.ang=137.3 rebound=0
[HANDS_REPOINT] member='player3' mesh='gloves_resource.mesh' bone='bone_L-hand.mesh' own=0x56526aff7b60 bound=0x565267706660 distinct=1 off*ownWorld.ang=33.2 boundNow.ang=146.7 rebound=0
[HANDS_REPOINT] member='player3' mesh='gloves_resource.mesh' bone='bone_L-middlefinger02.mesh' own=0x56526affae00 bound=0x565266f81480 distinct=1 off*ownWorld.ang=34.2 boundNow.ang=122.0 rebound=0
[HANDS_REPOINT] member='player3' mesh='gloves_resource.mesh' bone='bone_L-pinky02.mesh' own=0x56526affbee0 bound=0x56526633c0e0 distinct=1 off*ownWorld.ang=33.2 boundNow.ang=114.7 rebound=0
[HANDS_REPOINT] member='player3' mesh='gloves_resource.mesh' bone='bone_L-pinky-base.mesh' own=0x56526affb820 bound=0x565266513b80 distinct=1 off*ownWorld.ang=33.2 boundNow.ang=146.7 rebound=0
[HANDS_REPOINT] member='player3' mesh='gloves_resource.mesh' bone='bone_L-index01.mesh' own=0x56526aff9300 bound=0x5652667bdc20 distinct=1 off*ownWorld.ang=33.2 boundNow.ang=142.1 rebound=0
[HANDS_REPOINT] member='player3' mesh='gloves_resource.mesh' bone='bone_L-thumb01.mesh' own=0x56526b022600 bound=0x5652667ed7c0 distinct=1 off*ownWorld.ang=33.2 boundNow.ang=117.4 rebound=0
[HANDS_REPOINT] member='player3' mesh='gloves_resource.mesh' bone='bone_L-thumb03.mesh' own=0x56526b022cc0 bound=0x565266529e00 distinct=1 off*ownWorld.ang=20.3 boundNow.ang=147.7 rebound=0
[HANDS_REPOINT] member='player3' mesh='gloves_resource.mesh' bone='bone_L-foreTwist1.mesh' own=0x56526ab29f40 bound=0x5652673c07a0 distinct=1 off*ownWorld.ang=3.0 boundNow.ang=171.8 rebound=0
[HANDS_REPOINT] member='player3' mesh='gloves_resource.mesh' bone='bone_L-foreTwist2.mesh' own=0x56526aff7800 bound=0x5652673c0b00 distinct=1 off*ownWorld.ang=3.1 boundNow.ang=171.6 rebound=0
[HANDS_REPOINT] member='player3' mesh='gloves_resource.mesh' bone='bone_L-pinky01.mesh' own=0x56526affbb80 bound=0x565266513ee0 distinct=1 off*ownWorld.ang=33.2 boundNow.ang=123.1 rebound=0
[HANDS_REPOINT] member='player3' mesh='gloves_resource.mesh' bone='bone_L-middlefinger03.mesh' own=0x56526affb160 bound=0x5652664b39a0 distinct=1 off*ownWorld.ang=42.6 boundNow.ang=112.6 rebound=0
[HANDS_REPOINT] member='player3' mesh='gloves_resource.mesh' bone='bone_L-middlefinger01.mesh' own=0x56526affaaa0 bound=0x565266f81120 distinct=1 off*ownWorld.ang=33.2 boundNow.ang=136.6 rebound=0
[HANDS_REPOINT] member='player3' mesh='gloves_resource.mesh' bone='bone_L-foreArm.mesh' own=0x56526ab29be0 bound=0x5652676c4fe0 distinct=1 off*ownWorld.ang=33.2 boundNow.ang=171.9 rebound=0
[HANDS_REPOINT] member='player3' mesh='gloves_resource.mesh' bone='bone_L-ringfinger02.mesh' own=0x56526affcc60 bound=0x5652667f3020 distinct=1 off*ownWorld.ang=39.2 boundNow.ang=118.3 rebound=0
[HANDS_REPOINT] member='player3' mesh='gloves_resource.mesh' bone='bone_L-pinky03.mesh' own=0x56526affc240 bound=0x56526633c440 distinct=1 off*ownWorld.ang=36.5 boundNow.ang=105.1 rebound=0
[HANDS_REPOINT] member='player3' mesh='gloves_resource.mesh' bone='bone_L-ringfinger03.mesh' own=0x56526affcfc0 bound=0x5652667f3380 distinct=1 off*ownWorld.ang=37.9 boundNow.ang=115.1 rebound=0
[HANDS_REPOINT] member='player3' mesh='gloves_resource.mesh' bone='bone_L-ringfinger01.mesh' own=0x56526affc900 bound=0x5652665e1c40 distinct=1 off*ownWorld.ang=33.2 boundNow.ang=134.3 rebound=0
[HANDS_REPOINT] member='player3' mesh='gloves_resource.mesh' bone='bone_L-ringfinger-base.mesh' own=0x56526affc5a0 bound=0x5652665e18e0 distinct=1 off*ownWorld.ang=33.2 boundNow.ang=146.7 rebound=0
[HANDS_REPOINT] member='player3' mesh='gloves_skin.2.mesh' bone='bone_R-foreTwist2.mesh' own=0x56526b03b680 bound=0x5652674d4c40 distinct=1 off*ownWorld.ang=3.1 boundNow.ang=175.0 rebound=0
[HANDS_REPOINT] member='player3' mesh='gloves_skin.2.mesh' bone='bone_R-foreTwist1.mesh' own=0x56526b03b320 bound=0x56526647a500 distinct=1 off*ownWorld.ang=3.0 boundNow.ang=174.7 rebound=0
[HANDS_REPOINT] member='player3' mesh='gloves_skin.2.mesh' bone='bone_R-hand.mesh' own=0x56526b03b9e0 bound=0x5652674d4fa0 distinct=1 off*ownWorld.ang=33.2 boundNow.ang=98.8 rebound=0
[HANDS_REPOINT] member='player3' mesh='gloves_skin.2.mesh' bone='bone_R-pinky-base.mesh' own=0x56526b03f6a0 bound=0x5652664ec120 distinct=1 off*ownWorld.ang=33.2 boundNow.ang=98.8 rebound=0
[HANDS_REPOINT] member='player3' mesh='gloves_skin.2.mesh' bone='bone_R-ringfinger-base.mesh' own=0x56526b040420 bound=0x56526777bf60 distinct=1 off*ownWorld.ang=33.2 boundNow.ang=98.8 rebound=0
[HANDS_REPOINT] member='player3' mesh='gloves_skin.2.mesh' bone='bone_L-hand.mesh' own=0x56526aff7b60 bound=0x565267706660 distinct=1 off*ownWorld.ang=33.2 boundNow.ang=146.7 rebound=0
[HANDS_REPOINT] member='player3' mesh='gloves_skin.2.mesh' bone='bone_L-pinky-base.mesh' own=0x56526affb820 bound=0x565266513b80 distinct=1 off*ownWorld.ang=33.2 boundNow.ang=146.7 rebound=0
[HANDS_REPOINT] member='player3' mesh='gloves_skin.2.mesh' bone='bone_L-foreTwist1.mesh' own=0x56526ab29f40 bound=0x5652673c07a0 distinct=1 off*ownWorld.ang=3.0 boundNow.ang=171.8 rebound=0
[HANDS_REPOINT] member='player3' mesh='gloves_skin.2.mesh' bone='bone_L-foreTwist2.mesh' own=0x56526aff7800 bound=0x5652673c0b00 distinct=1 off*ownWorld.ang=3.1 boundNow.ang=171.6 rebound=0
