[BINDFIX_COMPOSE] member='player0' mesh='fingernails_resource.mesh' bone='bone_R-pinky03.mesh' own=0x5579b0fc4260 bound=0x5579b0fc4260 distinct=0 authoredOff.ang=132.9 off*ownWorld.ang=65.4 boundRest.ang=115.1 rebound=0 regime=boundRebakeOff-miss(clamp-active,authored-survive)
[BINDFIX_COMPOSE] member='player0' mesh='fingernails_resource.mesh' bone='bone_R-middlefinger03.mesh' own=0x5579b0fc3180 bound=0x5579b0fc3180 distinct=0 authoredOff.ang=129.9 off*ownWorld.ang=87.2 boundRest.ang=106.0 rebound=0 regime=boundRebakeOff-miss(clamp-active,authored-survive)
[BINDFIX_COMPOSE] member='player0' mesh='fingernails_resource.mesh' bone='bone_L-index03.mesh' own=0x5579b0fb12a0 bound=0x5579b0fb12a0 distinct=0 authoredOff.ang=126.0 off*ownWorld.ang=60.2 boundRest.ang=141.5 rebound=0 regime=boundRebakeOff-miss(clamp-active,authored-survive)
[BINDFIX_COMPOSE] member='player0' mesh='fingernails_resource.mesh' bone='bone_R-index03.mesh' own=0x5579b0fc19e0 bound=0x5579b0fc19e0 distinct=0 authoredOff.ang=118.7 off*ownWorld.ang=60.2 boundRest.ang=103.8 rebound=0 regime=boundRebakeOff-miss(clamp-active,authored-survive)
[BINDFIX_COMPOSE] member='player0' mesh='fingernails_resource.mesh' bone='bone_R-ringfinger03.mesh' own=0x5579b0fc4fe0 bound=0x5579b0fc4fe0 distinct=0 authoredOff.ang=124.9 off*ownWorld.ang=67.6 boundRest.ang=109.3 rebound=0 regime=boundRebakeOff-miss(clamp-active,authored-survive)
[BINDFIX_COMPOSE] member='player0' mesh='fingernails_resource.mesh' bone='bone_R-thumb03.mesh' own=0x5579b0fc71a0 bound=0x5579b0fc71a0 distinct=0 authoredOff.ang=169.5 off*ownWorld.ang=48.6 boundRest.ang=158.2 rebound=0 regime=boundRebakeOff-miss(clamp-active,authored-survive)
[BINDFIX_COMPOSE] member='player0' mesh='fingernails_resource.mesh' bone='bone_L-thumb03.mesh' own=0x5579b0fb6a60 bound=0x5579b0fb6a60 distinct=0 authoredOff.ang=147.7 off*ownWorld.ang=48.6 boundRest.ang=115.8 rebound=0 regime=boundRebakeOff-miss(clamp-active,authored-survive)
[BINDFIX_COMPOSE] member='player0' mesh='fingernails_resource.mesh' bone='bone_L-middlefinger03.mesh' own=0x5579b0fb2a40 bound=0x5579b0fb2a40 distinct=0 authoredOff.ang=112.6 off*ownWorld.ang=87.2 boundRest.ang=147.6 rebound=0 regime=boundRebakeOff-miss(clamp-active,authored-survive)
[BINDFIX_COMPOSE] member='player0' mesh='fingernails_resource.mesh' bone='bone_L-pinky03.mesh' own=0x5579b0fb3b20 bound=0x5579b0fb3b20 distinct=0 authoredOff.ang=105.1 off*ownWorld.ang=65.4 boundRest.ang=125.7 rebound=0 regime=boundRebakeOff-miss(clamp-active,authored-survive)
[BINDFIX_COMPOSE] member='player0' mesh='fingernails_resource.mesh' bone='bone_L-ringfinger03.mesh' own=0x5579b0fb48a0 bound=0x5579b0fb48a0 distinct=0 authoredOff.ang=115.1 off*ownWorld.ang=67.6 boundRest.ang=137.7 rebound=0 regime=boundRebakeOff-miss(clamp-active,authored-survive)
[BINDFIX_COMPOSE] member='player0' mesh='hands_naked.mesh' bone='bone_R-foreTwist1.mesh' own=0x5579b0fbf4c0 bound=0x5579b0fbf4c0 distinct=0 authoredOff.ang=174.7 off*ownWorld.ang=0.0 boundRest.ang=174.7 rebound=0 regime=boundRebakeOff-miss(clamp-active,authored-survive)
[BINDFIX_COMPOSE] member='player0' mesh='hands_naked.mesh' bone='bone_R-middlefinger01.mesh' own=0x5579b0fc2ac0 bound=0x5579b0fc2ac0 distinct=0 authoredOff.ang=105.5 off*ownWorld.ang=27.3 boundRest.ang=112.0 rebound=0 regime=boundRebakeOff-miss(clamp-active,authored-survive)
[BINDFIX_COMPOSE] member='player0' mesh='hands_naked.mesh' bone='bone_R-pinky03.mesh' own=0x5579b0fc4260 bound=0x5579b0fc4260 distinct=0 authoredOff.ang=132.9 off*ownWorld.ang=65.4 boundRest.ang=115.1 rebound=0 regime=boundRebakeOff-miss(clamp-active,authored-survive)
[BINDFIX_COMPOSE] member='player0' mesh='hands_naked.mesh' bone='bone_R-index02.mesh' own=0x5579b0fc1680 bound=0x5579b0fc1680 distinct=0 authoredOff.ang=110.8 off*ownWorld.ang=38.9 boundRest.ang=105.9 rebound=0 regime=boundRebakeOff-miss(clamp-active,authored-survive)
[BINDFIX_COMPOSE] member='player0' mesh='hands_naked.mesh' bone='bone_R-middlefinger03.mesh' own=0x5579b0fc3180 bound=0x5579b0fc3180 distinct=0 authoredOff.ang=129.9 off*ownWorld.ang=87.2 boundRest.ang=106.0 rebound=0 regime=boundRebakeOff-miss(clamp-active,authored-survive)
[BINDFIX_COMPOSE] member='player0' mesh='hands_naked.mesh' bone='bone_R-foreArm.mesh' own=0x5579b0fbf160 bound=0x5579b0fbf160 distinct=0 authoredOff.ang=174.4 off*ownWorld.ang=27.3 boundRest.ang=175.7 rebound=0 regime=boundRebakeOff-miss(clamp-active,authored-survive)
[BINDFIX_COMPOSE] member='player0' mesh='hands_naked.mesh' bone='bone_R-foreTwist2.mesh' own=0x5579b0fbf820 bound=0x5579b0fbf820 distinct=0 authoredOff.ang=175.0 off*ownWorld.ang=0.0 boundRest.ang=175.0 rebound=0 regime=boundRebakeOff-miss(clamp-active,authored-survive)
[BINDFIX_COMPOSE] member='player0' mesh='hands_naked.mesh' bone='bone_L-index03.mesh' own=0x5579b0fb12a0 bound=0x5579b0fb12a0 distinct=0 authoredOff.ang=126.0 off*ownWorld.ang=60.2 boundRest.ang=141.5 rebound=0 regime=boundRebakeOff-miss(clamp-active,authored-survive)
[BINDFIX_COMPOSE] member='player0' mesh='hands_naked.mesh' bone='bone_R-index01.mesh' own=0x5579b0fc1320 bound=0x5579b0fc1320 distinct=0 authoredOff.ang=103.0 off*ownWorld.ang=27.3 boundRest.ang=109.5 rebound=0 regime=boundRebakeOff-miss(clamp-active,authored-survive)
[BINDFIX_COMPOSE] member='player0' mesh='hands_naked.mesh' bone='bone_R-thumb01.mesh' own=0x5579b0fc6ae0 bound=0x5579b0fc6ae0 distinct=0 authoredOff.ang=173.7 off*ownWorld.ang=27.3 boundRest.ang=177.0 rebound=0 regime=boundRebakeOff-miss(clamp-active,authored-survive)
[BINDFIX_COMPOSE] member='player0' mesh='hands_naked.mesh' bone='bone_R-index03.mesh' own=0x5579b0fc19e0 bound=0x5579b0fc19e0 distinct=0 authoredOff.ang=118.7 off*ownWorld.ang=60.2 boundRest.ang=103.8 rebound=0 regime=boundRebakeOff-miss(clamp-active,authored-survive)
[BINDFIX_COMPOSE] member='player0' mesh='hands_naked.mesh' bone='bone_R-middlefinger02.mesh' own=0x5579b0fc2e20 bound=0x5579b0fc2e20 distinct=0 authoredOff.ang=118.8 off*ownWorld.ang=55.0 boundRest.ang=107.2 rebound=0 regime=boundRebakeOff-miss(clamp-active,authored-survive)
[BINDFIX_COMPOSE] member='player0' mesh='hands_naked.mesh' bone='bone_R-ringfinger03.mesh' own=0x5579b0fc4fe0 bound=0x5579b0fc4fe0 distinct=0 authoredOff.ang=124.9 off*ownWorld.ang=67.6 boundRest.ang=109.3 rebound=0 regime=boundRebakeOff-miss(clamp-active,authored-survive)
[BINDFIX_COMPOSE] member='player0' mesh='hands_naked.mesh' bone='bone_R-hand.mesh' own=0x5579b0fbfb80 bound=0x5579b0fbfb80 distinct=0 authoredOff.ang=98.8 off*ownWorld.ang=27.3 boundRest.ang=108.0 rebound=0 regime=boundRebakeOff-miss(clamp-active,authored-survive)
[BINDFIX_COMPOSE] member='player0' mesh='hands_naked.mesh' bone='bone_R-pinky01.mesh' own=0x5579b0fc3ba0 bound=0x5579b0fc3ba0 distinct=0 authoredOff.ang=114.4 off*ownWorld.ang=27.3 boundRest.ang=120.3 rebound=0 regime=boundRebakeOff-miss(clamp-active,authored-survive)
[BINDFIX_COMPOSE] member='player0' mesh='hands_naked.mesh' bone='bone_R-ringfinger01.mesh' own=0x5579b0fc4920 bound=0x5579b0fc4920 distinct=0 authoredOff.ang=107.5 off*ownWorld.ang=27.3 boundRest.ang=114.4 rebound=0 regime=boundRebakeOff-miss(clamp-active,authored-survive)
[BINDFIX_COMPOSE] member='player0' mesh='hands_naked.mesh' bone='bone_R-thumb02.mesh' own=0x5579b0fc6e40 bound=0x5579b0fc6e40 distinct=0 authoredOff.ang=175.2 off*ownWorld.ang=26.4 boundRest.ang=164.4 rebound=0 regime=boundRebakeOff-miss(clamp-active,authored-survive)
[BINDFIX_COMPOSE] member='player0' mesh='hands_naked.mesh' bone='bone_R-ringfinger02.mesh' own=0x5579b0fc4c80 bound=0x5579b0fc4c80 distinct=0 authoredOff.ang=121.3 off*ownWorld.ang=57.4 boundRest.ang=109.7 rebound=0 regime=boundRebakeOff-miss(clamp-active,authored-survive)
[BINDFIX_COMPOSE] member='player0' mesh='hands_naked.mesh' bone='bone_R-pinky02.mesh' own=0x5579b0fc3f00 bound=0x5579b0fc3f00 distinct=0 authoredOff.ang=122.6 off*ownWorld.ang=37.6 boundRest.ang=117.4 rebound=0 regime=boundRebakeOff-miss(clamp-active,authored-survive)
[BINDFIX_COMPOSE] member='player0' mesh='hands_naked.mesh' bone='bone_R-thumb03.mesh' own=0x5579b0fc71a0 bound=0x5579b0fc71a0 distinct=0 authoredOff.ang=169.5 off*ownWorld.ang=48.6 boundRest.ang=158.2 rebound=0 regime=boundRebakeOff-miss(clamp-active,authored-survive)
[BINDFIX_COMPOSE] member='player0' mesh='hands_naked.mesh' bone='bone_L-foreTwist2.mesh' own=0x5579b0faf0e0 bound=0x5579b0faf0e0 distinct=0 authoredOff.ang=171.6 off*ownWorld.ang=0.0 boundRest.ang=171.6 rebound=0 regime=boundRebakeOff-miss(clamp-active,authored-survive)
[BINDFIX_COMPOSE] member='player0' mesh='hands_naked.mesh' bone='bone_L-index02.mesh' own=0x5579b0fb0f40 bound=0x5579b0fb0f40 distinct=0 authoredOff.ang=133.5 off*ownWorld.ang=38.9 boundRest.ang=131.8 rebound=0 regime=boundRebakeOff-miss(clamp-active,authored-survive)
[BINDFIX_COMPOSE] member='player0' mesh='hands_naked.mesh' bone='bone_L-foreArm.mesh' own=0x5579b0faea20 bound=0x5579b0faea20 distinct=0 authoredOff.ang=171.9 off*ownWorld.ang=27.3 boundRest.ang=162.8 rebound=0 regime=boundRebakeOff-miss(clamp-active,authored-survive)
[BINDFIX_COMPOSE] member='player0' mesh='hands_naked.mesh' bone='bone_L-middlefinger01.mesh' own=0x5579b0fb2380 bound=0x5579b0fb2380 distinct=0 authoredOff.ang=136.6 off*ownWorld.ang=27.3 boundRest.ang=116.2 rebound=0 regime=boundRebakeOff-miss(clamp-active,authored-survive)
[BINDFIX_COMPOSE] member='player0' mesh='hands_naked.mesh' bone='bone_L-thumb03.mesh' own=0x5579b0fb6a60 bound=0x5579b0fb6a60 distinct=0 authoredOff.ang=147.7 off*ownWorld.ang=48.6 boundRest.ang=115.8 rebound=0 regime=boundRebakeOff-miss(clamp-active,authored-survive)
[BINDFIX_COMPOSE] member='player0' mesh='hands_naked.mesh' bone='bone_L-thumb01.mesh' own=0x5579b0fb63a0 bound=0x5579b0fb63a0 distinct=0 authoredOff.ang=117.4 off*ownWorld.ang=27.3 boundRest.ang=144.3 rebound=0 regime=boundRebakeOff-miss(clamp-active,authored-survive)
[BINDFIX_COMPOSE] member='player0' mesh='hands_naked.mesh' bone='bone_L-middlefinger02.mesh' own=0x5579b0fb26e0 bound=0x5579b0fb26e0 distinct=0 authoredOff.ang=122.0 off*ownWorld.ang=55.0 boundRest.ang=134.0 rebound=0 regime=boundRebakeOff-miss(clamp-active,authored-survive)
[BINDFIX_COMPOSE] member='player0' mesh='hands_naked.mesh' bone='bone_L-ringfinger01.mesh' own=0x5579b0fb41e0 bound=0x5579b0fb41e0 distinct=0 authoredOff.ang=134.3 off*ownWorld.ang=27.3 boundRest.ang=113.7 rebound=0 regime=boundRebakeOff-miss(clamp-active,authored-survive)
[BINDFIX_COMPOSE] member='player0' mesh='hands_naked.mesh' bone='bone_L-foreTwist1.mesh' own=0x5579b0faed80 bound=0x5579b0faed80 distinct=0 authoredOff.ang=171.8 off*ownWorld.ang=0.0 boundRest.ang=171.8 rebound=0 regime=boundRebakeOff-miss(clamp-active,authored-survive)
[BINDFIX_COMPOSE] member='player0' mesh='hands_naked.mesh' bone='bone_L-hand.mesh' own=0x5579b0faf440 bound=0x5579b0faf440 distinct=0 authoredOff.ang=146.7 off*ownWorld.ang=27.3 boundRest.ang=127.2 rebound=0 regime=boundRebakeOff-miss(clamp-active,authored-survive)
