[LOADBIND_SLOT] hook='RebindHeadHandsAtRest' member='player0' mesh='fingernails_resource.mesh' slot=0 bone='bone_R-pinky03.mesh' boundPtr=0x5579b0fc4260 owningDir=0x5579b06a4820 owningDirName='' owningDirClass=SHARED_ROOT ownFindPtr=0x5579b0fc4260 distinct=0
[LOADBIND_SLOT] hook='RebindHeadHandsAtRest' member='player0' mesh='fingernails_resource.mesh' slot=1 bone='bone_R-middlefinger03.mesh' boundPtr=0x5579b0fc3180 owningDir=0x5579b06a4820 owningDirName='' owningDirClass=SHARED_ROOT ownFindPtr=0x5579b0fc3180 distinct=0
[LOADBIND_SLOT] hook='RebindHeadHandsAtRest' member='player0' mesh='fingernails_resource.mesh' slot=2 bone='bone_L-index03.mesh' boundPtr=0x5579b0fb12a0 owningDir=0x5579b06a4820 owningDirName='' owningDirClass=SHARED_ROOT ownFindPtr=0x5579b0fb12a0 distinct=0
[LOADBIND_SLOT] hook='RebindHeadHandsAtRest' member='player0' mesh='fingernails_resource.mesh' slot=3 bone='bone_R-index03.mesh' boundPtr=0x5579b0fc19e0 owningDir=0x5579b06a4820 owningDirName='' owningDirClass=SHARED_ROOT ownFindPtr=0x5579b0fc19e0 distinct=0
[LOADBIND_SLOT] hook='RebindHeadHandsAtRest' member='player0' mesh='fingernails_resource.mesh' slot=4 bone='bone_R-ringfinger03.mesh' boundPtr=0x5579b0fc4fe0 owningDir=0x5579b06a4820 owningDirName='' owningDirClass=SHARED_ROOT ownFindPtr=0x5579b0fc4fe0 distinct=0
[LOADBIND_SLOT] hook='RebindHeadHandsAtRest' member='player0' mesh='fingernails_resource.mesh' slot=5 bone='bone_R-thumb03.mesh' boundPtr=0x5579b0fc71a0 owningDir=0x5579b06a4820 owningDirName='' owningDirClass=SHARED_ROOT ownFindPtr=0x5579b0fc71a0 distinct=0
[LOADBIND_SLOT] hook='RebindHeadHandsAtRest' member='player0' mesh='fingernails_resource.mesh' slot=6 bone='bone_L-thumb03.mesh' boundPtr=0x5579b0fb6a60 owningDir=0x5579b06a4820 owningDirName='' owningDirClass=SHARED_ROOT ownFindPtr=0x5579b0fb6a60 distinct=0
[LOADBIND_SLOT] hook='RebindHeadHandsAtRest' member='player0' mesh='fingernails_resource.mesh' slot=7 bone='bone_L-middlefinger03.mesh' boundPtr=0x5579b0fb2a40 owningDir=0x5579b06a4820 owningDirName='' owningDirClass=SHARED_ROOT ownFindPtr=0x5579b0fb2a40 distinct=0
[LOADBIND_SLOT] hook='RebindHeadHandsAtRest' member='player0' mesh='fingernails_resource.mesh' slot=8 bone='bone_L-pinky03.mesh' boundPtr=0x5579b0fb3b20 owningDir=0x5579b06a4820 owningDirName='' owningDirClass=SHARED_ROOT ownFindPtr=0x5579b0fb3b20 distinct=0
[LOADBIND_SLOT] hook='RebindHeadHandsAtRest' member='player0' mesh='fingernails_resource.mesh' slot=9 bone='bone_L-ringfinger03.mesh' boundPtr=0x5579b0fb48a0 owningDir=0x5579b06a4820 owningDirName='' owningDirClass=SHARED_ROOT ownFindPtr=0x5579b0fb48a0 distinct=0
[LOADBIND_SLOT] hook='RebindHeadHandsAtRest' member='player0' mesh='hands_naked.mesh' slot=0 bone='bone_R-foreTwist1.mesh' boundPtr=0x5579b0fbf4c0 owningDir=0x5579b06a4820 owningDirName='' owningDirClass=SHARED_ROOT ownFindPtr=0x5579b0fbf4c0 distinct=0
[LOADBIND_SLOT] hook='RebindHeadHandsAtRest' member='player0' mesh='hands_naked.mesh' slot=1 bone='bone_R-middlefinger01.mesh' boundPtr=0x5579b0fc2ac0 owningDir=0x5579b06a4820 owningDirName='' owningDirClass=SHARED_ROOT ownFindPtr=0x5579b0fc2ac0 distinct=0
[LOADBIND_SLOT] hook='RebindHeadHandsAtRest' member='player0' mesh='hands_naked.mesh' slot=2 bone='bone_R-pinky03.mesh' boundPtr=0x5579b0fc4260 owningDir=0x5579b06a4820 owningDirName='' owningDirClass=SHARED_ROOT ownFindPtr=0x5579b0fc4260 distinct=0
[LOADBIND_SLOT] hook='RebindHeadHandsAtRest' member='player0' mesh='hands_naked.mesh' slot=3 bone='bone_R-index02.mesh' boundPtr=0x5579b0fc1680 owningDir=0x5579b06a4820 owningDirName='' owningDirClass=SHARED_ROOT ownFindPtr=0x5579b0fc1680 distinct=0
[LOADBIND_SLOT] hook='RebindHeadHandsAtRest' member='player0' mesh='hands_naked.mesh' slot=4 bone='bone_R-middlefinger03.mesh' boundPtr=0x5579b0fc3180 owningDir=0x5579b06a4820 owningDirName='' owningDirClass=SHARED_ROOT ownFindPtr=0x5579b0fc3180 distinct=0
[LOADBIND_SLOT] hook='RebindHeadHandsAtRest' member='player0' mesh='hands_naked.mesh' slot=5 bone='bone_R-foreArm.mesh' boundPtr=0x5579b0fbf160 owningDir=0x5579b06a4820 owningDirName='' owningDirClass=SHARED_ROOT ownFindPtr=0x5579b0fbf160 distinct=0
[LOADBIND_SLOT] hook='RebindHeadHandsAtRest' member='player0' mesh='hands_naked.mesh' slot=6 bone='bone_R-foreTwist2.mesh' boundPtr=0x5579b0fbf820 owningDir=0x5579b06a4820 owningDirName='' owningDirClass=SHARED_ROOT ownFindPtr=0x5579b0fbf820 distinct=0
[LOADBIND_SLOT] hook='RebindHeadHandsAtRest' member='player0' mesh='hands_naked.mesh' slot=7 bone='bone_L-index03.mesh' boundPtr=0x5579b0fb12a0 owningDir=0x5579b06a4820 owningDirName='' owningDirClass=SHARED_ROOT ownFindPtr=0x5579b0fb12a0 distinct=0
[LOADBIND_SLOT] hook='RebindHeadHandsAtRest' member='player0' mesh='hands_naked.mesh' slot=8 bone='bone_R-index01.mesh' boundPtr=0x5579b0fc1320 owningDir=0x5579b06a4820 owningDirName='' owningDirClass=SHARED_ROOT ownFindPtr=0x5579b0fc1320 distinct=0
[LOADBIND_SLOT] hook='RebindHeadHandsAtRest' member='player0' mesh='hands_naked.mesh' slot=9 bone='bone_R-thumb01.mesh' boundPtr=0x5579b0fc6ae0 owningDir=0x5579b06a4820 owningDirName='' owningDirClass=SHARED_ROOT ownFindPtr=0x5579b0fc6ae0 distinct=0
[LOADBIND_SLOT] hook='RebindHeadHandsAtRest' member='player0' mesh='hands_naked.mesh' slot=10 bone='bone_R-index03.mesh' boundPtr=0x5579b0fc19e0 owningDir=0x5579b06a4820 owningDirName='' owningDirClass=SHARED_ROOT ownFindPtr=0x5579b0fc19e0 distinct=0
[LOADBIND_SLOT] hook='RebindHeadHandsAtRest' member='player0' mesh='hands_naked.mesh' slot=11 bone='bone_R-middlefinger02.mesh' boundPtr=0x5579b0fc2e20 owningDir=0x5579b06a4820 owningDirName='' owningDirClass=SHARED_ROOT ownFindPtr=0x5579b0fc2e20 distinct=0
[LOADBIND_SLOT] hook='RebindHeadHandsAtRest' member='player0' mesh='hands_naked.mesh' slot=12 bone='bone_R-ringfinger03.mesh' boundPtr=0x5579b0fc4fe0 owningDir=0x5579b06a4820 owningDirName='' owningDirClass=SHARED_ROOT ownFindPtr=0x5579b0fc4fe0 distinct=0
[LOADBIND_SLOT] hook='RebindHeadHandsAtRest' member='player0' mesh='hands_naked.mesh' slot=13 bone='bone_R-hand.mesh' boundPtr=0x5579b0fbfb80 owningDir=0x5579b06a4820 owningDirName='' owningDirClass=SHARED_ROOT ownFindPtr=0x5579b0fbfb80 distinct=0
[LOADBIND_SLOT] hook='RebindHeadHandsAtRest' member='player0' mesh='hands_naked.mesh' slot=14 bone='bone_R-pinky01.mesh' boundPtr=0x5579b0fc3ba0 owningDir=0x5579b06a4820 owningDirName='' owningDirClass=SHARED_ROOT ownFindPtr=0x5579b0fc3ba0 distinct=0
[LOADBIND_SLOT] hook='RebindHeadHandsAtRest' member='player0' mesh='hands_naked.mesh' slot=15 bone='bone_R-ringfinger01.mesh' boundPtr=0x5579b0fc4920 owningDir=0x5579b06a4820 owningDirName='' owningDirClass=SHARED_ROOT ownFindPtr=0x5579b0fc4920 distinct=0
[LOADBIND_SLOT] hook='RebindHeadHandsAtRest' member='player0' mesh='hands_naked.mesh' slot=16 bone='bone_R-thumb02.mesh' boundPtr=0x5579b0fc6e40 owningDir=0x5579b06a4820 owningDirName='' owningDirClass=SHARED_ROOT ownFindPtr=0x5579b0fc6e40 distinct=0
[LOADBIND_SLOT] hook='RebindHeadHandsAtRest' member='player0' mesh='hands_naked.mesh' slot=17 bone='bone_R-ringfinger02.mesh' boundPtr=0x5579b0fc4c80 owningDir=0x5579b06a4820 owningDirName='' owningDirClass=SHARED_ROOT ownFindPtr=0x5579b0fc4c80 distinct=0
[LOADBIND_SLOT] hook='RebindHeadHandsAtRest' member='player0' mesh='hands_naked.mesh' slot=18 bone='bone_R-pinky02.mesh' boundPtr=0x5579b0fc3f00 owningDir=0x5579b06a4820 owningDirName='' owningDirClass=SHARED_ROOT ownFindPtr=0x5579b0fc3f00 distinct=0
[LOADBIND_SLOT] hook='RebindHeadHandsAtRest' member='player0' mesh='hands_naked.mesh' slot=19 bone='bone_R-thumb03.mesh' boundPtr=0x5579b0fc71a0 owningDir=0x5579b06a4820 owningDirName='' owningDirClass=SHARED_ROOT ownFindPtr=0x5579b0fc71a0 distinct=0
